<?xml version="1.0"?>
<link_info>
   <banner>TI ARM Linker Unix v15.12.3.LTS</banner>
   <copyright>Copyright (c) 1996-2015 Texas Instruments Incorporated</copyright>
   <link_time>0x57fef6dc</link_time>
   <link_errors>0x0</link_errors>
   <output_file>EventHandler.out</output_file>
   <entry_point>
      <name>_c_int00</name>
      <address>0x12c9</address>
   </entry_point>
   <input_file_list>
      <input_file id="fl-2">
         <path>./</path>
         <kind>object</kind>
         <file>LED.obj</file>
         <name>LED.obj</name>
      </input_file>
      <input_file id="fl-3">
         <path>./</path>
         <kind>object</kind>
         <file>S1Button.obj</file>
         <name>S1Button.obj</name>
      </input_file>
      <input_file id="fl-4">
         <path>./</path>
         <kind>object</kind>
         <file>Scheduler.obj</file>
         <name>Scheduler.obj</name>
      </input_file>
      <input_file id="fl-5">
         <path>./</path>
         <kind>object</kind>
         <file>Task.obj</file>
         <name>Task.obj</name>
      </input_file>
      <input_file id="fl-6">
         <path>./</path>
         <kind>object</kind>
         <file>hardware.obj</file>
         <name>hardware.obj</name>
      </input_file>
      <input_file id="fl-7">
         <path>./</path>
         <kind>object</kind>
         <file>main.obj</file>
         <name>main.obj</name>
      </input_file>
      <input_file id="fl-8">
         <path>./</path>
         <kind>object</kind>
         <file>startup_msp432p401r_ccs.obj</file>
         <name>startup_msp432p401r_ccs.obj</name>
      </input_file>
      <input_file id="fl-9">
         <path>./</path>
         <kind>object</kind>
         <file>system_msp432p401r.obj</file>
         <name>system_msp432p401r.obj</name>
      </input_file>
      <input_file id="fl-c3">
         <path>/home/fabian/local/CCS/ti/ccsv6/tools/compiler/arm_15.12.3.LTS/lib/</path>
         <kind>archive</kind>
         <file>rtsv7M4_T_le_v4SPD16_eabi.lib</file>
         <name>boot.obj</name>
      </input_file>
      <input_file id="fl-c4">
         <path>/home/fabian/local/CCS/ti/ccsv6/tools/compiler/arm_15.12.3.LTS/lib/</path>
         <kind>archive</kind>
         <file>rtsv7M4_T_le_v4SPD16_eabi.lib</file>
         <name>copy_decompress_none.obj</name>
      </input_file>
      <input_file id="fl-c5">
         <path>/home/fabian/local/CCS/ti/ccsv6/tools/compiler/arm_15.12.3.LTS/lib/</path>
         <kind>archive</kind>
         <file>rtsv7M4_T_le_v4SPD16_eabi.lib</file>
         <name>copy_decompress_rle.obj</name>
      </input_file>
      <input_file id="fl-c6">
         <path>/home/fabian/local/CCS/ti/ccsv6/tools/compiler/arm_15.12.3.LTS/lib/</path>
         <kind>archive</kind>
         <file>rtsv7M4_T_le_v4SPD16_eabi.lib</file>
         <name>copy_zero_init.obj</name>
      </input_file>
      <input_file id="fl-c7">
         <path>/home/fabian/local/CCS/ti/ccsv6/tools/compiler/arm_15.12.3.LTS/lib/</path>
         <kind>archive</kind>
         <file>rtsv7M4_T_le_v4SPD16_eabi.lib</file>
         <name>exit.obj</name>
      </input_file>
      <input_file id="fl-c8">
         <path>/home/fabian/local/CCS/ti/ccsv6/tools/compiler/arm_15.12.3.LTS/lib/</path>
         <kind>archive</kind>
         <file>rtsv7M4_T_le_v4SPD16_eabi.lib</file>
         <name>memcpy_t2.obj</name>
      </input_file>
      <input_file id="fl-c9">
         <path>/home/fabian/local/CCS/ti/ccsv6/tools/compiler/arm_15.12.3.LTS/lib/</path>
         <kind>archive</kind>
         <file>rtsv7M4_T_le_v4SPD16_eabi.lib</file>
         <name>memset_t2.obj</name>
      </input_file>
      <input_file id="fl-ca">
         <path>/home/fabian/local/CCS/ti/ccsv6/tools/compiler/arm_15.12.3.LTS/lib/</path>
         <kind>archive</kind>
         <file>rtsv7M4_T_le_v4SPD16_eabi.lib</file>
         <name>mpu_init.obj</name>
      </input_file>
      <input_file id="fl-cb">
         <path>/home/fabian/local/CCS/ti/ccsv6/tools/compiler/arm_15.12.3.LTS/lib/</path>
         <kind>archive</kind>
         <file>rtsv7M4_T_le_v4SPD16_eabi.lib</file>
         <name>pre_init.obj</name>
      </input_file>
      <input_file id="fl-cc">
         <path>/home/fabian/local/CCS/ti/ccsv6/tools/compiler/arm_15.12.3.LTS/lib/</path>
         <kind>archive</kind>
         <file>rtsv7M4_T_le_v4SPD16_eabi.lib</file>
         <name>stkdepth_vars.obj</name>
      </input_file>
      <input_file id="fl-cd">
         <path>/home/fabian/local/CCS/ti/ccsv6/tools/compiler/arm_15.12.3.LTS/lib/</path>
         <kind>archive</kind>
         <file>rtsv7M4_T_le_v4SPD16_eabi.lib</file>
         <name>typeinfo_.obj</name>
      </input_file>
      <input_file id="fl-ce">
         <path>/home/fabian/local/CCS/ti/ccsv6/tools/compiler/arm_15.12.3.LTS/lib/</path>
         <kind>archive</kind>
         <file>rtsv7M4_T_le_v4SPD16_eabi.lib</file>
         <name>_lock.obj</name>
      </input_file>
      <input_file id="fl-cf">
         <path>/home/fabian/local/CCS/ti/ccsv6/tools/compiler/arm_15.12.3.LTS/lib/</path>
         <kind>archive</kind>
         <file>rtsv7M4_T_le_v4SPD16_eabi.lib</file>
         <name>args_main.obj</name>
      </input_file>
      <input_file id="fl-d0">
         <path>/home/fabian/local/CCS/ti/ccsv6/tools/compiler/arm_15.12.3.LTS/lib/</path>
         <kind>archive</kind>
         <file>rtsv7M4_T_le_v4SPD16_eabi.lib</file>
         <name>autoinit.obj</name>
      </input_file>
      <input_file id="fl-d1">
         <path>/home/fabian/local/CCS/ti/ccsv6/tools/compiler/arm_15.12.3.LTS/lib/</path>
         <kind>archive</kind>
         <file>rtsv7M4_T_le_v4SPD16_eabi.lib</file>
         <name>cpy_tbl.obj</name>
      </input_file>
      <input_file id="fl-d2">
         <path>/home/fabian/local/CCS/ti/ccsv6/tools/compiler/arm_15.12.3.LTS/lib/</path>
         <kind>archive</kind>
         <file>rtsv7M4_T_le_v4SPD16_eabi.lib</file>
         <name>delete.obj</name>
      </input_file>
      <input_file id="fl-d3">
         <path>/home/fabian/local/CCS/ti/ccsv6/tools/compiler/arm_15.12.3.LTS/lib/</path>
         <kind>archive</kind>
         <file>rtsv7M4_T_le_v4SPD16_eabi.lib</file>
         <name>memory.obj</name>
      </input_file>
      <input_file id="fl-d4">
         <path>/home/fabian/local/CCS/ti/ccsv6/tools/compiler/arm_15.12.3.LTS/lib/</path>
         <kind>archive</kind>
         <file>rtsv7M4_T_le_v4SPD16_eabi.lib</file>
         <name>startup.obj</name>
      </input_file>
   </input_file_list>
   <object_component_list>
      <object_component id="oc-2d">
         <name>.intvecs:retain</name>
         <load_address>0x0</load_address>
         <run_address>0x0</run_address>
         <size>0xe4</size>
         <input_file_ref idref="fl-8"/>
      </object_component>
      <object_component id="oc-c3">
         <name>.text</name>
         <load_address>0xe4</load_address>
         <run_address>0xe4</run_address>
         <size>0x504</size>
         <input_file_ref idref="fl-4"/>
      </object_component>
      <object_component id="oc-204">
         <name>.text</name>
         <load_address>0x5e8</load_address>
         <run_address>0x5e8</run_address>
         <size>0x3dc</size>
         <input_file_ref idref="fl-d3"/>
      </object_component>
      <object_component id="oc-e7">
         <name>.text</name>
         <load_address>0x9c4</load_address>
         <run_address>0x9c4</run_address>
         <size>0x32c</size>
         <input_file_ref idref="fl-9"/>
      </object_component>
      <object_component id="oc-13a">
         <name>.text</name>
         <load_address>0xcf0</load_address>
         <run_address>0xcf0</run_address>
         <size>0x1bc</size>
         <input_file_ref idref="fl-6"/>
      </object_component>
      <object_component id="oc-7b">
         <name>.text</name>
         <load_address>0xeac</load_address>
         <run_address>0xeac</run_address>
         <size>0x16c</size>
         <input_file_ref idref="fl-7"/>
      </object_component>
      <object_component id="oc-1c9">
         <name>.text</name>
         <load_address>0x1018</load_address>
         <run_address>0x1018</run_address>
         <size>0xbc</size>
         <input_file_ref idref="fl-cd"/>
      </object_component>
      <object_component id="oc-34">
         <name>.text</name>
         <load_address>0x10d4</load_address>
         <run_address>0x10d4</run_address>
         <size>0x9c</size>
         <input_file_ref idref="fl-c8"/>
      </object_component>
      <object_component id="oc-4d">
         <name>.text</name>
         <load_address>0x1170</load_address>
         <run_address>0x1170</run_address>
         <size>0x7a</size>
         <input_file_ref idref="fl-c9"/>
      </object_component>
      <object_component id="oc-59">
         <name>.text</name>
         <load_address>0x11ea</load_address>
         <run_address>0x11ea</run_address>
         <size>0x2</size>
         <input_file_ref idref="fl-ca"/>
      </object_component>
      <object_component id="oc-65">
         <name>.text</name>
         <load_address>0x11ec</load_address>
         <run_address>0x11ec</run_address>
         <size>0x70</size>
         <input_file_ref idref="fl-d0"/>
      </object_component>
      <object_component id="oc-40">
         <name>.text</name>
         <load_address>0x125c</load_address>
         <run_address>0x125c</run_address>
         <size>0x6a</size>
         <input_file_ref idref="fl-c5"/>
      </object_component>
      <object_component id="oc-ae">
         <name>.text</name>
         <load_address>0x12c6</load_address>
         <run_address>0x12c6</run_address>
         <size>0x2</size>
         <input_file_ref idref="fl-d4"/>
      </object_component>
      <object_component id="oc-26">
         <name>.text</name>
         <load_address>0x12c8</load_address>
         <run_address>0x12c8</run_address>
         <size>0x54</size>
         <input_file_ref idref="fl-c3"/>
      </object_component>
      <object_component id="oc-71">
         <name>.text</name>
         <load_address>0x131c</load_address>
         <run_address>0x131c</run_address>
         <size>0x54</size>
         <input_file_ref idref="fl-c7"/>
      </object_component>
      <object_component id="oc-c9">
         <name>.text</name>
         <load_address>0x1370</load_address>
         <run_address>0x1370</run_address>
         <size>0x4c</size>
         <input_file_ref idref="fl-3"/>
      </object_component>
      <object_component id="oc-a8">
         <name>.text</name>
         <load_address>0x13bc</load_address>
         <run_address>0x13bc</run_address>
         <size>0x4c</size>
         <input_file_ref idref="fl-d1"/>
      </object_component>
      <object_component id="oc-134">
         <name>.text</name>
         <load_address>0x1408</load_address>
         <run_address>0x1408</run_address>
         <size>0x30</size>
         <input_file_ref idref="fl-5"/>
      </object_component>
      <object_component id="oc-6b">
         <name>.text</name>
         <load_address>0x1438</load_address>
         <run_address>0x1438</run_address>
         <size>0x18</size>
         <input_file_ref idref="fl-cf"/>
      </object_component>
      <object_component id="oc-114">
         <name>.text</name>
         <load_address>0x1450</load_address>
         <run_address>0x1450</run_address>
         <size>0x14</size>
         <input_file_ref idref="fl-ce"/>
      </object_component>
      <object_component id="oc-14">
         <name>.text:decompress:none</name>
         <load_address>0x1464</load_address>
         <run_address>0x1464</run_address>
         <size>0xe</size>
         <input_file_ref idref="fl-c4"/>
      </object_component>
      <object_component id="oc-81">
         <name>.text</name>
         <load_address>0x1472</load_address>
         <run_address>0x1472</run_address>
         <size>0xe</size>
         <input_file_ref idref="fl-8"/>
      </object_component>
      <object_component id="oc-120">
         <name>.text:_ZN4Task14ProcessMessageENS_7MessageE</name>
         <load_address>0x1480</load_address>
         <run_address>0x1480</run_address>
         <size>0xc</size>
         <input_file_ref idref="fl-4"/>
      </object_component>
      <object_component id="oc-1a5">
         <name>.text:_ZN4Task3runEv</name>
         <load_address>0x148c</load_address>
         <run_address>0x148c</run_address>
         <size>0xc</size>
         <input_file_ref idref="fl-5"/>
      </object_component>
      <object_component id="oc-1dc">
         <name>.text</name>
         <load_address>0x1498</load_address>
         <run_address>0x1498</run_address>
         <size>0x8</size>
         <input_file_ref idref="fl-d2"/>
      </object_component>
      <object_component id="oc-1a">
         <name>.text:decompress:rle24</name>
         <load_address>0x14a0</load_address>
         <run_address>0x14a0</run_address>
         <size>0x6</size>
         <input_file_ref idref="fl-c5"/>
      </object_component>
      <object_component id="oc-5f">
         <name>.text</name>
         <load_address>0x14a6</load_address>
         <run_address>0x14a6</run_address>
         <size>0x4</size>
         <input_file_ref idref="fl-cb"/>
      </object_component>
      <object_component id="oc-24b">
         <name>.const:.typeinfo:_ZTSN10__cxxabiv123__fundamental_type_infoE</name>
         <load_address>0x14ac</load_address>
         <run_address>0x14ac</run_address>
         <size>0x28</size>
         <input_file_ref idref="fl-cd"/>
      </object_component>
      <object_component id="oc-1d7">
         <name>.const:.typeinfo:_ZTSN10__cxxabiv120__si_class_type_infoE</name>
         <load_address>0x14d4</load_address>
         <run_address>0x14d4</run_address>
         <size>0x25</size>
         <input_file_ref idref="fl-cd"/>
      </object_component>
      <object_component id="oc-237">
         <name>.const:.typeinfo:_ZTSN10__cxxabiv119__pointer_type_infoE</name>
         <load_address>0x14f9</load_address>
         <run_address>0x14f9</run_address>
         <size>0x24</size>
         <input_file_ref idref="fl-cd"/>
      </object_component>
      <object_component id="oc-1fa">
         <name>.const:.typeinfo:_ZTSN10__cxxabiv117__class_type_infoE</name>
         <load_address>0x151d</load_address>
         <run_address>0x151d</run_address>
         <size>0x22</size>
         <input_file_ref idref="fl-cd"/>
      </object_component>
      <object_component id="oc-246">
         <name>.const:.typeinfo:_ZTSN10__cxxabiv117__pbase_type_infoE</name>
         <load_address>0x153f</load_address>
         <run_address>0x153f</run_address>
         <size>0x22</size>
         <input_file_ref idref="fl-cd"/>
      </object_component>
      <object_component id="oc-230">
         <name>.const:.typeinfo:_ZTSe</name>
         <load_address>0x1561</load_address>
         <run_address>0x1561</run_address>
         <size>0x2</size>
         <input_file_ref idref="fl-cd"/>
      </object_component>
      <object_component id="oc-1e3">
         <name>.const:.typeinfo:_ZTIPKe</name>
         <load_address>0x1564</load_address>
         <run_address>0x1564</run_address>
         <size>0x10</size>
         <input_file_ref idref="fl-cd"/>
      </object_component>
      <object_component id="oc-1ba">
         <name>.const:_ZTVN10__cxxabiv117__class_type_infoE</name>
         <load_address>0x1574</load_address>
         <run_address>0x1574</run_address>
         <size>0x10</size>
         <input_file_ref idref="fl-cd"/>
      </object_component>
      <object_component id="oc-20c">
         <name>.const:_ZTVN10__cxxabiv119__pointer_type_infoE</name>
         <load_address>0x1584</load_address>
         <run_address>0x1584</run_address>
         <size>0x10</size>
         <input_file_ref idref="fl-cd"/>
      </object_component>
      <object_component id="oc-1b0">
         <name>.const:_ZTVN10__cxxabiv120__si_class_type_infoE</name>
         <load_address>0x1594</load_address>
         <run_address>0x1594</run_address>
         <size>0x10</size>
         <input_file_ref idref="fl-cd"/>
      </object_component>
      <object_component id="oc-22b">
         <name>.const:_ZTVN10__cxxabiv123__fundamental_type_infoE</name>
         <load_address>0x15a4</load_address>
         <run_address>0x15a4</run_address>
         <size>0x10</size>
         <input_file_ref idref="fl-cd"/>
      </object_component>
      <object_component id="oc-21b">
         <name>.const:.typeinfo:_ZTSSt9type_info</name>
         <load_address>0x15b4</load_address>
         <run_address>0x15b4</run_address>
         <size>0xd</size>
         <input_file_ref idref="fl-cd"/>
      </object_component>
      <object_component id="oc-190">
         <name>.const:.typeinfo:_ZTI8S1Button</name>
         <load_address>0x15c4</load_address>
         <run_address>0x15c4</run_address>
         <size>0xc</size>
         <input_file_ref idref="fl-3"/>
      </object_component>
      <object_component id="oc-1d2">
         <name>.const:.typeinfo:_ZTIN10__cxxabiv117__class_type_infoE</name>
         <load_address>0x15d0</load_address>
         <run_address>0x15d0</run_address>
         <size>0xc</size>
         <input_file_ref idref="fl-cd"/>
      </object_component>
      <object_component id="oc-23c">
         <name>.const:.typeinfo:_ZTIN10__cxxabiv117__pbase_type_infoE</name>
         <load_address>0x15dc</load_address>
         <run_address>0x15dc</run_address>
         <size>0xc</size>
         <input_file_ref idref="fl-cd"/>
      </object_component>
      <object_component id="oc-226">
         <name>.const:.typeinfo:_ZTIN10__cxxabiv119__pointer_type_infoE</name>
         <load_address>0x15e8</load_address>
         <run_address>0x15e8</run_address>
         <size>0xc</size>
         <input_file_ref idref="fl-cd"/>
      </object_component>
      <object_component id="oc-1c4">
         <name>.const:.typeinfo:_ZTIN10__cxxabiv120__si_class_type_infoE</name>
         <load_address>0x15f4</load_address>
         <run_address>0x15f4</run_address>
         <size>0xc</size>
         <input_file_ref idref="fl-cd"/>
      </object_component>
      <object_component id="oc-241">
         <name>.const:.typeinfo:_ZTIN10__cxxabiv123__fundamental_type_infoE</name>
         <load_address>0x1600</load_address>
         <run_address>0x1600</run_address>
         <size>0xc</size>
         <input_file_ref idref="fl-cd"/>
      </object_component>
      <object_component id="oc-185">
         <name>.const:_ZTV4Task</name>
         <load_address>0x160c</load_address>
         <run_address>0x160c</run_address>
         <size>0xc</size>
         <input_file_ref idref="fl-5"/>
      </object_component>
      <object_component id="oc-140">
         <name>.const:_ZTV8S1Button</name>
         <load_address>0x1618</load_address>
         <run_address>0x1618</run_address>
         <size>0xc</size>
         <input_file_ref idref="fl-3"/>
      </object_component>
      <object_component id="oc-1b5">
         <name>.const:.typeinfo:_ZTS8S1Button</name>
         <load_address>0x1624</load_address>
         <run_address>0x1624</run_address>
         <size>0xa</size>
         <input_file_ref idref="fl-3"/>
      </object_component>
      <object_component id="oc-1a0">
         <name>.const:.typeinfo:_ZTI4Task</name>
         <load_address>0x1630</load_address>
         <run_address>0x1630</run_address>
         <size>0x8</size>
         <input_file_ref idref="fl-2"/>
      </object_component>
      <object_component id="oc-1ff">
         <name>.const:.typeinfo:_ZTISt9type_info</name>
         <load_address>0x1638</load_address>
         <run_address>0x1638</run_address>
         <size>0x8</size>
         <input_file_ref idref="fl-cd"/>
      </object_component>
      <object_component id="oc-216">
         <name>.const:.typeinfo:_ZTIe</name>
         <load_address>0x1640</load_address>
         <run_address>0x1640</run_address>
         <size>0x8</size>
         <input_file_ref idref="fl-cd"/>
      </object_component>
      <object_component id="oc-1bf">
         <name>.const:.typeinfo:_ZTS4Task</name>
         <load_address>0x1648</load_address>
         <run_address>0x1648</run_address>
         <size>0x6</size>
         <input_file_ref idref="fl-2"/>
      </object_component>
      <object_component id="oc-211">
         <name>.const:.typeinfo:_ZTSPKe</name>
         <load_address>0x164e</load_address>
         <run_address>0x164e</run_address>
         <size>0x4</size>
         <input_file_ref idref="fl-cd"/>
      </object_component>
      <object_component id="oc-277">
         <name>.cinit..data.load</name>
         <load_address>0x1658</load_address>
         <run_address>0x1658</run_address>
         <size>0x25</size>
      </object_component>
      <object_component id="oc-278">
         <name>.cinit..bss.load</name>
         <load_address>0x1680</load_address>
         <run_address>0x1680</run_address>
         <size>0xb</size>
      </object_component>
      <object_component id="oc-275">
         <name>__TI_handler_table</name>
         <load_address>0x168c</load_address>
         <run_address>0x168c</run_address>
         <size>0x8</size>
      </object_component>
      <object_component id="oc-276">
         <name>__TI_cinit_table</name>
         <load_address>0x1694</load_address>
         <run_address>0x1694</run_address>
         <size>0x10</size>
      </object_component>
      <object_component id="oc-2c">
         <name>.init_array</name>
         <load_address>0x1654</load_address>
         <run_address>0x1654</run_address>
         <size>0x4</size>
         <input_file_ref idref="fl-7"/>
      </object_component>
      <object_component id="oc-252">
         <name>.binit</name>
         <load_address>0x0</load_address>
         <run_address>0x0</run_address>
         <size>0x0</size>
      </object_component>
      <object_component id="oc-cf">
         <name>.data</name>
         <load_address>0x20001930</load_address>
         <run_address>0x20001930</run_address>
         <size>0x9</size>
         <input_file_ref idref="fl-7"/>
      </object_component>
      <object_component id="oc-16b">
         <name>.data</name>
         <load_address>0x20001948</load_address>
         <run_address>0x20001948</run_address>
         <size>0x4</size>
         <input_file_ref idref="fl-9"/>
      </object_component>
      <object_component id="oc-b8">
         <name>.data:$O1$$</name>
         <load_address>0x20001918</load_address>
         <run_address>0x20001918</run_address>
         <size>0xc</size>
         <input_file_ref idref="fl-c7"/>
      </object_component>
      <object_component id="oc-77">
         <name>.data</name>
         <load_address>0x20001944</load_address>
         <run_address>0x20001944</run_address>
         <size>0x4</size>
         <input_file_ref idref="fl-cc"/>
      </object_component>
      <object_component id="oc-bb">
         <name>.data:$O1$$</name>
         <load_address>0x2000193c</load_address>
         <run_address>0x2000193c</run_address>
         <size>0x8</size>
         <input_file_ref idref="fl-ce"/>
      </object_component>
      <object_component id="oc-220">
         <name>.data:$O1$$</name>
         <load_address>0x20001924</load_address>
         <run_address>0x20001924</run_address>
         <size>0xc</size>
         <input_file_ref idref="fl-d3"/>
      </object_component>
      <object_component id="oc-d2">
         <name>.bss:g_MainScheduler</name>
         <uninitialized>true</uninitialized>
         <run_address>0x20000000</run_address>
         <size>0x1508</size>
         <input_file_ref idref="fl-7"/>
      </object_component>
      <object_component id="oc-d9">
         <name>.bss:ButtonTask</name>
         <uninitialized>true</uninitialized>
         <run_address>0x20001508</run_address>
         <size>0x8</size>
         <input_file_ref idref="fl-7"/>
      </object_component>
      <object_component id="oc-d5">
         <name>.common:g_bGlobalFlags</name>
         <uninitialized>true</uninitialized>
         <run_address>0x20001514</run_address>
         <size>0x4</size>
      </object_component>
      <object_component id="oc-1e2">
         <name>.common:_ZSt16__dummy_typeinfo</name>
         <uninitialized>true</uninitialized>
         <run_address>0x20001510</run_address>
         <size>0x4</size>
      </object_component>
      <object_component id="oc-31">
         <name>.sysmem</name>
         <uninitialized>true</uninitialized>
         <run_address>0x20001518</run_address>
         <size>0x8</size>
         <input_file_ref idref="fl-d3"/>
      </object_component>
      <object_component id="oc-27a">
         <name>.sysmem</name>
         <uninitialized>true</uninitialized>
         <run_address>0x20001518</run_address>
         <size>0x0</size>
      </object_component>
      <object_component id="oc-30">
         <name>.stack</name>
         <uninitialized>true</uninitialized>
         <run_address>0x2000fe00</run_address>
         <size>0x0</size>
         <input_file_ref idref="fl-c3"/>
      </object_component>
      <object_component id="oc-279">
         <name>.stack</name>
         <uninitialized>true</uninitialized>
         <run_address>0x2000fe00</run_address>
         <size>0x0</size>
      </object_component>
      <object_component id="oc-169">
         <name>.debug_info</name>
         <load_address>0x0</load_address>
         <run_address>0x0</run_address>
         <size>0x152a</size>
         <input_file_ref idref="fl-2"/>
      </object_component>
      <object_component id="oc-1a1">
         <name>.debug_info</name>
         <load_address>0x152a</load_address>
         <run_address>0x152a</run_address>
         <size>0xde</size>
         <input_file_ref idref="fl-2"/>
      </object_component>
      <object_component id="oc-1c0">
         <name>.debug_info</name>
         <load_address>0x1608</load_address>
         <run_address>0x1608</run_address>
         <size>0xe3</size>
         <input_file_ref idref="fl-2"/>
      </object_component>
      <object_component id="oc-158">
         <name>.debug_info</name>
         <load_address>0x16eb</load_address>
         <run_address>0x16eb</run_address>
         <size>0x1251</size>
         <input_file_ref idref="fl-2"/>
      </object_component>
      <object_component id="oc-dd">
         <name>.debug_info</name>
         <load_address>0x293c</load_address>
         <run_address>0x293c</run_address>
         <size>0x3f65</size>
         <input_file_ref idref="fl-2"/>
      </object_component>
      <object_component id="oc-199">
         <name>.debug_info</name>
         <load_address>0x68a1</load_address>
         <run_address>0x68a1</run_address>
         <size>0x118</size>
         <input_file_ref idref="fl-2"/>
      </object_component>
      <object_component id="oc-14f">
         <name>.debug_info</name>
         <load_address>0x69b9</load_address>
         <run_address>0x69b9</run_address>
         <size>0x1e2</size>
         <input_file_ref idref="fl-2"/>
      </object_component>
      <object_component id="oc-12f">
         <name>.debug_info</name>
         <load_address>0x6b9b</load_address>
         <run_address>0x6b9b</run_address>
         <size>0x8b</size>
         <input_file_ref idref="fl-2"/>
      </object_component>
      <object_component id="oc-e2">
         <name>.debug_info</name>
         <load_address>0x6c26</load_address>
         <run_address>0x6c26</run_address>
         <size>0x18b</size>
         <input_file_ref idref="fl-2"/>
      </object_component>
      <object_component id="oc-14b">
         <name>.debug_info</name>
         <load_address>0x6db1</load_address>
         <run_address>0x6db1</run_address>
         <size>0x158f</size>
         <input_file_ref idref="fl-3"/>
      </object_component>
      <object_component id="oc-141">
         <name>.debug_info</name>
         <load_address>0x8340</load_address>
         <run_address>0x8340</run_address>
         <size>0xf9</size>
         <input_file_ref idref="fl-3"/>
      </object_component>
      <object_component id="oc-191">
         <name>.debug_info</name>
         <load_address>0x8439</load_address>
         <run_address>0x8439</run_address>
         <size>0xeb</size>
         <input_file_ref idref="fl-3"/>
      </object_component>
      <object_component id="oc-1b6">
         <name>.debug_info</name>
         <load_address>0x8524</load_address>
         <run_address>0x8524</run_address>
         <size>0xf0</size>
         <input_file_ref idref="fl-3"/>
      </object_component>
      <object_component id="oc-ca">
         <name>.debug_info</name>
         <load_address>0x8614</load_address>
         <run_address>0x8614</run_address>
         <size>0x1ed</size>
         <input_file_ref idref="fl-3"/>
      </object_component>
      <object_component id="oc-146">
         <name>.debug_info</name>
         <load_address>0x8801</load_address>
         <run_address>0x8801</run_address>
         <size>0xb5</size>
         <input_file_ref idref="fl-3"/>
      </object_component>
      <object_component id="oc-12d">
         <name>.debug_info</name>
         <load_address>0x88b6</load_address>
         <run_address>0x88b6</run_address>
         <size>0x10f6</size>
         <input_file_ref idref="fl-4"/>
      </object_component>
      <object_component id="oc-121">
         <name>.debug_info</name>
         <load_address>0x99ac</load_address>
         <run_address>0x99ac</run_address>
         <size>0x167</size>
         <input_file_ref idref="fl-4"/>
      </object_component>
      <object_component id="oc-c4">
         <name>.debug_info</name>
         <load_address>0x9b13</load_address>
         <run_address>0x9b13</run_address>
         <size>0x967</size>
         <input_file_ref idref="fl-4"/>
      </object_component>
      <object_component id="oc-17e">
         <name>.debug_info</name>
         <load_address>0xa47a</load_address>
         <run_address>0xa47a</run_address>
         <size>0x1da</size>
         <input_file_ref idref="fl-4"/>
      </object_component>
      <object_component id="oc-128">
         <name>.debug_info</name>
         <load_address>0xa654</load_address>
         <run_address>0xa654</run_address>
         <size>0x38c</size>
         <input_file_ref idref="fl-4"/>
      </object_component>
      <object_component id="oc-18b">
         <name>.debug_info</name>
         <load_address>0xa9e0</load_address>
         <run_address>0xa9e0</run_address>
         <size>0x142d</size>
         <input_file_ref idref="fl-5"/>
      </object_component>
      <object_component id="oc-186">
         <name>.debug_info</name>
         <load_address>0xbe0d</load_address>
         <run_address>0xbe0d</run_address>
         <size>0xed</size>
         <input_file_ref idref="fl-5"/>
      </object_component>
      <object_component id="oc-1a6">
         <name>.debug_info</name>
         <load_address>0xbefa</load_address>
         <run_address>0xbefa</run_address>
         <size>0x12a</size>
         <input_file_ref idref="fl-5"/>
      </object_component>
      <object_component id="oc-135">
         <name>.debug_info</name>
         <load_address>0xc024</load_address>
         <run_address>0xc024</run_address>
         <size>0x129</size>
         <input_file_ref idref="fl-5"/>
      </object_component>
      <object_component id="oc-18e">
         <name>.debug_info</name>
         <load_address>0xc14d</load_address>
         <run_address>0xc14d</run_address>
         <size>0xf9c</size>
         <input_file_ref idref="fl-6"/>
      </object_component>
      <object_component id="oc-13b">
         <name>.debug_info</name>
         <load_address>0xd0e9</load_address>
         <run_address>0xd0e9</run_address>
         <size>0x8da</size>
         <input_file_ref idref="fl-6"/>
      </object_component>
      <object_component id="oc-96">
         <name>.debug_info</name>
         <load_address>0xd9c3</load_address>
         <run_address>0xd9c3</run_address>
         <size>0x84</size>
         <input_file_ref idref="fl-6"/>
      </object_component>
      <object_component id="oc-d6">
         <name>.debug_info</name>
         <load_address>0xda47</load_address>
         <run_address>0xda47</run_address>
         <size>0x1268</size>
         <input_file_ref idref="fl-7"/>
      </object_component>
      <object_component id="oc-d0">
         <name>.debug_info</name>
         <load_address>0xecaf</load_address>
         <run_address>0xecaf</run_address>
         <size>0x11c</size>
         <input_file_ref idref="fl-7"/>
      </object_component>
      <object_component id="oc-d3">
         <name>.debug_info</name>
         <load_address>0xedcb</load_address>
         <run_address>0xedcb</run_address>
         <size>0xe3</size>
         <input_file_ref idref="fl-7"/>
      </object_component>
      <object_component id="oc-da">
         <name>.debug_info</name>
         <load_address>0xeeae</load_address>
         <run_address>0xeeae</run_address>
         <size>0xd9</size>
         <input_file_ref idref="fl-7"/>
      </object_component>
      <object_component id="oc-7c">
         <name>.debug_info</name>
         <load_address>0xef87</load_address>
         <run_address>0xef87</run_address>
         <size>0x6df</size>
         <input_file_ref idref="fl-7"/>
      </object_component>
      <object_component id="oc-15d">
         <name>.debug_info</name>
         <load_address>0xf666</load_address>
         <run_address>0xf666</run_address>
         <size>0x118</size>
         <input_file_ref idref="fl-7"/>
      </object_component>
      <object_component id="oc-162">
         <name>.debug_info</name>
         <load_address>0xf77e</load_address>
         <run_address>0xf77e</run_address>
         <size>0xb5</size>
         <input_file_ref idref="fl-7"/>
      </object_component>
      <object_component id="oc-89">
         <name>.debug_info</name>
         <load_address>0xf833</load_address>
         <run_address>0xf833</run_address>
         <size>0x11e</size>
         <input_file_ref idref="fl-8"/>
      </object_component>
      <object_component id="oc-2e">
         <name>.debug_info</name>
         <load_address>0xf951</load_address>
         <run_address>0xf951</run_address>
         <size>0xf6</size>
         <input_file_ref idref="fl-8"/>
      </object_component>
      <object_component id="oc-82">
         <name>.debug_info</name>
         <load_address>0xfa47</load_address>
         <run_address>0xfa47</run_address>
         <size>0x1bd</size>
         <input_file_ref idref="fl-8"/>
      </object_component>
      <object_component id="oc-16f">
         <name>.debug_info</name>
         <load_address>0xfc04</load_address>
         <run_address>0xfc04</run_address>
         <size>0x18b</size>
         <input_file_ref idref="fl-8"/>
      </object_component>
      <object_component id="oc-16c">
         <name>.debug_info</name>
         <load_address>0xfd8f</load_address>
         <run_address>0xfd8f</run_address>
         <size>0xef</size>
         <input_file_ref idref="fl-9"/>
      </object_component>
      <object_component id="oc-e8">
         <name>.debug_info</name>
         <load_address>0xfe7e</load_address>
         <run_address>0xfe7e</run_address>
         <size>0x261</size>
         <input_file_ref idref="fl-9"/>
      </object_component>
      <object_component id="oc-28">
         <name>.debug_info</name>
         <load_address>0x100df</load_address>
         <run_address>0x100df</run_address>
         <size>0x161</size>
         <input_file_ref idref="fl-c3"/>
      </object_component>
      <object_component id="oc-3f">
         <name>.debug_info</name>
         <load_address>0x10240</load_address>
         <run_address>0x10240</run_address>
         <size>0x141</size>
         <input_file_ref idref="fl-c4"/>
      </object_component>
      <object_component id="oc-15">
         <name>.debug_info</name>
         <load_address>0x10381</load_address>
         <run_address>0x10381</run_address>
         <size>0x1e0</size>
         <input_file_ref idref="fl-c4"/>
      </object_component>
      <object_component id="oc-3a">
         <name>.debug_info</name>
         <load_address>0x10561</load_address>
         <run_address>0x10561</run_address>
         <size>0x46</size>
         <input_file_ref idref="fl-c4"/>
      </object_component>
      <object_component id="oc-8f">
         <name>.debug_info</name>
         <load_address>0x105a7</load_address>
         <run_address>0x105a7</run_address>
         <size>0x2c</size>
         <input_file_ref idref="fl-c4"/>
      </object_component>
      <object_component id="oc-47">
         <name>.debug_info</name>
         <load_address>0x105d3</load_address>
         <run_address>0x105d3</run_address>
         <size>0x135</size>
         <input_file_ref idref="fl-c5"/>
      </object_component>
      <object_component id="oc-41">
         <name>.debug_info</name>
         <load_address>0x10708</load_address>
         <run_address>0x10708</run_address>
         <size>0x248</size>
         <input_file_ref idref="fl-c5"/>
      </object_component>
      <object_component id="oc-1b">
         <name>.debug_info</name>
         <load_address>0x10950</load_address>
         <run_address>0x10950</run_address>
         <size>0x1b2</size>
         <input_file_ref idref="fl-c5"/>
      </object_component>
      <object_component id="oc-48">
         <name>.debug_info</name>
         <load_address>0x10b02</load_address>
         <run_address>0x10b02</run_address>
         <size>0x39</size>
         <input_file_ref idref="fl-c5"/>
      </object_component>
      <object_component id="oc-9e">
         <name>.debug_info</name>
         <load_address>0x10b3b</load_address>
         <run_address>0x10b3b</run_address>
         <size>0x2c</size>
         <input_file_ref idref="fl-c5"/>
      </object_component>
      <object_component id="oc-bf">
         <name>.debug_info</name>
         <load_address>0x10b67</load_address>
         <run_address>0x10b67</run_address>
         <size>0x235</size>
         <input_file_ref idref="fl-c7"/>
      </object_component>
      <object_component id="oc-b9">
         <name>.debug_info</name>
         <load_address>0x10d9c</load_address>
         <run_address>0x10d9c</run_address>
         <size>0x186</size>
         <input_file_ref idref="fl-c7"/>
      </object_component>
      <object_component id="oc-72">
         <name>.debug_info</name>
         <load_address>0x10f22</load_address>
         <run_address>0x10f22</run_address>
         <size>0x215</size>
         <input_file_ref idref="fl-c7"/>
      </object_component>
      <object_component id="oc-35">
         <name>.debug_info</name>
         <load_address>0x11137</load_address>
         <run_address>0x11137</run_address>
         <size>0x112</size>
         <input_file_ref idref="fl-c8"/>
      </object_component>
      <object_component id="oc-4e">
         <name>.debug_info</name>
         <load_address>0x11249</load_address>
         <run_address>0x11249</run_address>
         <size>0x140</size>
         <input_file_ref idref="fl-c9"/>
      </object_component>
      <object_component id="oc-5a">
         <name>.debug_info</name>
         <load_address>0x11389</load_address>
         <run_address>0x11389</run_address>
         <size>0x139</size>
         <input_file_ref idref="fl-ca"/>
      </object_component>
      <object_component id="oc-60">
         <name>.debug_info</name>
         <load_address>0x114c2</load_address>
         <run_address>0x114c2</run_address>
         <size>0x149</size>
         <input_file_ref idref="fl-cb"/>
      </object_component>
      <object_component id="oc-78">
         <name>.debug_info</name>
         <load_address>0x1160b</load_address>
         <run_address>0x1160b</run_address>
         <size>0x10a</size>
         <input_file_ref idref="fl-cc"/>
      </object_component>
      <object_component id="oc-1cf">
         <name>.debug_info</name>
         <load_address>0x11715</load_address>
         <run_address>0x11715</run_address>
         <size>0x67e</size>
         <input_file_ref idref="fl-cd"/>
      </object_component>
      <object_component id="oc-1bb">
         <name>.debug_info</name>
         <load_address>0x11d93</load_address>
         <run_address>0x11d93</run_address>
         <size>0x14e</size>
         <input_file_ref idref="fl-cd"/>
      </object_component>
      <object_component id="oc-22c">
         <name>.debug_info</name>
         <load_address>0x11ee1</load_address>
         <run_address>0x11ee1</run_address>
         <size>0x15a</size>
         <input_file_ref idref="fl-cd"/>
      </object_component>
      <object_component id="oc-20d">
         <name>.debug_info</name>
         <load_address>0x1203b</load_address>
         <run_address>0x1203b</run_address>
         <size>0x152</size>
         <input_file_ref idref="fl-cd"/>
      </object_component>
      <object_component id="oc-217">
         <name>.debug_info</name>
         <load_address>0x1218d</load_address>
         <run_address>0x1218d</run_address>
         <size>0x10e</size>
         <input_file_ref idref="fl-cd"/>
      </object_component>
      <object_component id="oc-231">
         <name>.debug_info</name>
         <load_address>0x1229b</load_address>
         <run_address>0x1229b</run_address>
         <size>0x113</size>
         <input_file_ref idref="fl-cd"/>
      </object_component>
      <object_component id="oc-1e4">
         <name>.debug_info</name>
         <load_address>0x123ae</load_address>
         <run_address>0x123ae</run_address>
         <size>0x118</size>
         <input_file_ref idref="fl-cd"/>
      </object_component>
      <object_component id="oc-212">
         <name>.debug_info</name>
         <load_address>0x124c6</load_address>
         <run_address>0x124c6</run_address>
         <size>0x11d</size>
         <input_file_ref idref="fl-cd"/>
      </object_component>
      <object_component id="oc-1b1">
         <name>.debug_info</name>
         <load_address>0x125e3</load_address>
         <run_address>0x125e3</run_address>
         <size>0x154</size>
         <input_file_ref idref="fl-cd"/>
      </object_component>
      <object_component id="oc-200">
         <name>.debug_info</name>
         <load_address>0x12737</load_address>
         <run_address>0x12737</run_address>
         <size>0x11c</size>
         <input_file_ref idref="fl-cd"/>
      </object_component>
      <object_component id="oc-242">
         <name>.debug_info</name>
         <load_address>0x12853</load_address>
         <run_address>0x12853</run_address>
         <size>0x14c</size>
         <input_file_ref idref="fl-cd"/>
      </object_component>
      <object_component id="oc-1d3">
         <name>.debug_info</name>
         <load_address>0x1299f</load_address>
         <run_address>0x1299f</run_address>
         <size>0x140</size>
         <input_file_ref idref="fl-cd"/>
      </object_component>
      <object_component id="oc-1c5">
         <name>.debug_info</name>
         <load_address>0x12adf</load_address>
         <run_address>0x12adf</run_address>
         <size>0x146</size>
         <input_file_ref idref="fl-cd"/>
      </object_component>
      <object_component id="oc-23d">
         <name>.debug_info</name>
         <load_address>0x12c25</load_address>
         <run_address>0x12c25</run_address>
         <size>0x140</size>
         <input_file_ref idref="fl-cd"/>
      </object_component>
      <object_component id="oc-227">
         <name>.debug_info</name>
         <load_address>0x12d65</load_address>
         <run_address>0x12d65</run_address>
         <size>0x144</size>
         <input_file_ref idref="fl-cd"/>
      </object_component>
      <object_component id="oc-21c">
         <name>.debug_info</name>
         <load_address>0x12ea9</load_address>
         <run_address>0x12ea9</run_address>
         <size>0x121</size>
         <input_file_ref idref="fl-cd"/>
      </object_component>
      <object_component id="oc-24c">
         <name>.debug_info</name>
         <load_address>0x12fca</load_address>
         <run_address>0x12fca</run_address>
         <size>0x151</size>
         <input_file_ref idref="fl-cd"/>
      </object_component>
      <object_component id="oc-1fb">
         <name>.debug_info</name>
         <load_address>0x1311b</load_address>
         <run_address>0x1311b</run_address>
         <size>0x145</size>
         <input_file_ref idref="fl-cd"/>
      </object_component>
      <object_component id="oc-1d8">
         <name>.debug_info</name>
         <load_address>0x13260</load_address>
         <run_address>0x13260</run_address>
         <size>0x14b</size>
         <input_file_ref idref="fl-cd"/>
      </object_component>
      <object_component id="oc-247">
         <name>.debug_info</name>
         <load_address>0x133ab</load_address>
         <run_address>0x133ab</run_address>
         <size>0x145</size>
         <input_file_ref idref="fl-cd"/>
      </object_component>
      <object_component id="oc-238">
         <name>.debug_info</name>
         <load_address>0x134f0</load_address>
         <run_address>0x134f0</run_address>
         <size>0x149</size>
         <input_file_ref idref="fl-cd"/>
      </object_component>
      <object_component id="oc-1ca">
         <name>.debug_info</name>
         <load_address>0x13639</load_address>
         <run_address>0x13639</run_address>
         <size>0x10ae</size>
         <input_file_ref idref="fl-cd"/>
      </object_component>
      <object_component id="oc-1ee">
         <name>.debug_info</name>
         <load_address>0x146e7</load_address>
         <run_address>0x146e7</run_address>
         <size>0x582</size>
         <input_file_ref idref="fl-cd"/>
      </object_component>
      <object_component id="oc-1f5">
         <name>.debug_info</name>
         <load_address>0x14c69</load_address>
         <run_address>0x14c69</run_address>
         <size>0x2c</size>
         <input_file_ref idref="fl-cd"/>
      </object_component>
      <object_component id="oc-1e9">
         <name>.debug_info</name>
         <load_address>0x14c95</load_address>
         <run_address>0x14c95</run_address>
         <size>0xec</size>
         <input_file_ref idref="fl-cd"/>
      </object_component>
      <object_component id="oc-11c">
         <name>.debug_info</name>
         <load_address>0x14d81</load_address>
         <run_address>0x14d81</run_address>
         <size>0x125</size>
         <input_file_ref idref="fl-ce"/>
      </object_component>
      <object_component id="oc-bc">
         <name>.debug_info</name>
         <load_address>0x14ea6</load_address>
         <run_address>0x14ea6</run_address>
         <size>0x114</size>
         <input_file_ref idref="fl-ce"/>
      </object_component>
      <object_component id="oc-115">
         <name>.debug_info</name>
         <load_address>0x14fba</load_address>
         <run_address>0x14fba</run_address>
         <size>0x220</size>
         <input_file_ref idref="fl-ce"/>
      </object_component>
      <object_component id="oc-b7">
         <name>.debug_info</name>
         <load_address>0x151da</load_address>
         <run_address>0x151da</run_address>
         <size>0x167</size>
         <input_file_ref idref="fl-cf"/>
      </object_component>
      <object_component id="oc-6c">
         <name>.debug_info</name>
         <load_address>0x15341</load_address>
         <run_address>0x15341</run_address>
         <size>0x168</size>
         <input_file_ref idref="fl-cf"/>
      </object_component>
      <object_component id="oc-10d">
         <name>.debug_info</name>
         <load_address>0x154a9</load_address>
         <run_address>0x154a9</run_address>
         <size>0x5e</size>
         <input_file_ref idref="fl-cf"/>
      </object_component>
      <object_component id="oc-b5">
         <name>.debug_info</name>
         <load_address>0x15507</load_address>
         <run_address>0x15507</run_address>
         <size>0x2ea</size>
         <input_file_ref idref="fl-d0"/>
      </object_component>
      <object_component id="oc-66">
         <name>.debug_info</name>
         <load_address>0x157f1</load_address>
         <run_address>0x157f1</run_address>
         <size>0x191</size>
         <input_file_ref idref="fl-d0"/>
      </object_component>
      <object_component id="oc-101">
         <name>.debug_info</name>
         <load_address>0x15982</load_address>
         <run_address>0x15982</run_address>
         <size>0x39</size>
         <input_file_ref idref="fl-d0"/>
      </object_component>
      <object_component id="oc-106">
         <name>.debug_info</name>
         <load_address>0x159bb</load_address>
         <run_address>0x159bb</run_address>
         <size>0xcd</size>
         <input_file_ref idref="fl-d0"/>
      </object_component>
      <object_component id="oc-fd">
         <name>.debug_info</name>
         <load_address>0x15a88</load_address>
         <run_address>0x15a88</run_address>
         <size>0x1e1</size>
         <input_file_ref idref="fl-d1"/>
      </object_component>
      <object_component id="oc-a9">
         <name>.debug_info</name>
         <load_address>0x15c69</load_address>
         <run_address>0x15c69</run_address>
         <size>0x184</size>
         <input_file_ref idref="fl-d1"/>
      </object_component>
      <object_component id="oc-176">
         <name>.debug_info</name>
         <load_address>0x15ded</load_address>
         <run_address>0x15ded</run_address>
         <size>0x2c</size>
         <input_file_ref idref="fl-d1"/>
      </object_component>
      <object_component id="oc-20b">
         <name>.debug_info</name>
         <load_address>0x15e19</load_address>
         <run_address>0x15e19</run_address>
         <size>0xfd</size>
         <input_file_ref idref="fl-d2"/>
      </object_component>
      <object_component id="oc-1dd">
         <name>.debug_info</name>
         <load_address>0x15f16</load_address>
         <run_address>0x15f16</run_address>
         <size>0x165</size>
         <input_file_ref idref="fl-d2"/>
      </object_component>
      <object_component id="oc-8c">
         <name>.debug_info</name>
         <load_address>0x1607b</load_address>
         <run_address>0x1607b</run_address>
         <size>0x223</size>
         <input_file_ref idref="fl-d3"/>
      </object_component>
      <object_component id="oc-32">
         <name>.debug_info</name>
         <load_address>0x1629e</load_address>
         <run_address>0x1629e</run_address>
         <size>0x102</size>
         <input_file_ref idref="fl-d3"/>
      </object_component>
      <object_component id="oc-221">
         <name>.debug_info</name>
         <load_address>0x163a0</load_address>
         <run_address>0x163a0</run_address>
         <size>0x14d</size>
         <input_file_ref idref="fl-d3"/>
      </object_component>
      <object_component id="oc-205">
         <name>.debug_info</name>
         <load_address>0x164ed</load_address>
         <run_address>0x164ed</run_address>
         <size>0x88c</size>
         <input_file_ref idref="fl-d3"/>
      </object_component>
      <object_component id="oc-f2">
         <name>.debug_info</name>
         <load_address>0x16d79</load_address>
         <run_address>0x16d79</run_address>
         <size>0x2c</size>
         <input_file_ref idref="fl-d3"/>
      </object_component>
      <object_component id="oc-f7">
         <name>.debug_info</name>
         <load_address>0x16da5</load_address>
         <run_address>0x16da5</run_address>
         <size>0x62</size>
         <input_file_ref idref="fl-d3"/>
      </object_component>
      <object_component id="oc-af">
         <name>.debug_info</name>
         <load_address>0x16e07</load_address>
         <run_address>0x16e07</run_address>
         <size>0x146</size>
         <input_file_ref idref="fl-d4"/>
      </object_component>
      <object_component id="oc-27b">
         <name>.debug_info</name>
         <load_address>0x16f4d</load_address>
         <run_address>0x16f4d</run_address>
         <size>0xa5</size>
      </object_component>
      <object_component id="oc-198">
         <name>.debug_line</name>
         <load_address>0x0</load_address>
         <run_address>0x0</run_address>
         <size>0x3d</size>
         <input_file_ref idref="fl-2"/>
      </object_component>
      <object_component id="oc-1a4">
         <name>.debug_line</name>
         <load_address>0x3d</load_address>
         <run_address>0x3d</run_address>
         <size>0x2e</size>
         <input_file_ref idref="fl-2"/>
      </object_component>
      <object_component id="oc-1c3">
         <name>.debug_line</name>
         <load_address>0x6b</load_address>
         <run_address>0x6b</run_address>
         <size>0x2e</size>
         <input_file_ref idref="fl-2"/>
      </object_component>
      <object_component id="oc-15b">
         <name>.debug_line</name>
         <load_address>0x99</load_address>
         <run_address>0x99</run_address>
         <size>0x69</size>
         <input_file_ref idref="fl-2"/>
      </object_component>
      <object_component id="oc-e0">
         <name>.debug_line</name>
         <load_address>0x102</load_address>
         <run_address>0x102</run_address>
         <size>0x66</size>
         <input_file_ref idref="fl-2"/>
      </object_component>
      <object_component id="oc-19c">
         <name>.debug_line</name>
         <load_address>0x168</load_address>
         <run_address>0x168</run_address>
         <size>0x3d</size>
         <input_file_ref idref="fl-2"/>
      </object_component>
      <object_component id="oc-152">
         <name>.debug_line</name>
         <load_address>0x1a5</load_address>
         <run_address>0x1a5</run_address>
         <size>0x2f</size>
         <input_file_ref idref="fl-2"/>
      </object_component>
      <object_component id="oc-132">
         <name>.debug_line</name>
         <load_address>0x1d4</load_address>
         <run_address>0x1d4</run_address>
         <size>0x20</size>
         <input_file_ref idref="fl-2"/>
      </object_component>
      <object_component id="oc-e5">
         <name>.debug_line</name>
         <load_address>0x1f4</load_address>
         <run_address>0x1f4</run_address>
         <size>0x73</size>
         <input_file_ref idref="fl-2"/>
      </object_component>
      <object_component id="oc-196">
         <name>.debug_line</name>
         <load_address>0x267</load_address>
         <run_address>0x267</run_address>
         <size>0x6b</size>
         <input_file_ref idref="fl-3"/>
      </object_component>
      <object_component id="oc-144">
         <name>.debug_line</name>
         <load_address>0x2d2</load_address>
         <run_address>0x2d2</run_address>
         <size>0x36</size>
         <input_file_ref idref="fl-3"/>
      </object_component>
      <object_component id="oc-194">
         <name>.debug_line</name>
         <load_address>0x308</load_address>
         <run_address>0x308</run_address>
         <size>0x36</size>
         <input_file_ref idref="fl-3"/>
      </object_component>
      <object_component id="oc-1b9">
         <name>.debug_line</name>
         <load_address>0x33e</load_address>
         <run_address>0x33e</run_address>
         <size>0x36</size>
         <input_file_ref idref="fl-3"/>
      </object_component>
      <object_component id="oc-cd">
         <name>.debug_line</name>
         <load_address>0x374</load_address>
         <run_address>0x374</run_address>
         <size>0x62</size>
         <input_file_ref idref="fl-3"/>
      </object_component>
      <object_component id="oc-149">
         <name>.debug_line</name>
         <load_address>0x3d6</load_address>
         <run_address>0x3d6</run_address>
         <size>0x42</size>
         <input_file_ref idref="fl-3"/>
      </object_component>
      <object_component id="oc-184">
         <name>.debug_line</name>
         <load_address>0x418</load_address>
         <run_address>0x418</run_address>
         <size>0x20</size>
         <input_file_ref idref="fl-4"/>
      </object_component>
      <object_component id="oc-124">
         <name>.debug_line</name>
         <load_address>0x438</load_address>
         <run_address>0x438</run_address>
         <size>0x41</size>
         <input_file_ref idref="fl-4"/>
      </object_component>
      <object_component id="oc-c7">
         <name>.debug_line</name>
         <load_address>0x479</load_address>
         <run_address>0x479</run_address>
         <size>0x200</size>
         <input_file_ref idref="fl-4"/>
      </object_component>
      <object_component id="oc-181">
         <name>.debug_line</name>
         <load_address>0x679</load_address>
         <run_address>0x679</run_address>
         <size>0x2f</size>
         <input_file_ref idref="fl-4"/>
      </object_component>
      <object_component id="oc-12b">
         <name>.debug_line</name>
         <load_address>0x6a8</load_address>
         <run_address>0x6a8</run_address>
         <size>0x34</size>
         <input_file_ref idref="fl-4"/>
      </object_component>
      <object_component id="oc-1ad">
         <name>.debug_line</name>
         <load_address>0x6dc</load_address>
         <run_address>0x6dc</run_address>
         <size>0x2f</size>
         <input_file_ref idref="fl-5"/>
      </object_component>
      <object_component id="oc-189">
         <name>.debug_line</name>
         <load_address>0x70b</load_address>
         <run_address>0x70b</run_address>
         <size>0x2f</size>
         <input_file_ref idref="fl-5"/>
      </object_component>
      <object_component id="oc-1a9">
         <name>.debug_line</name>
         <load_address>0x73a</load_address>
         <run_address>0x73a</run_address>
         <size>0x44</size>
         <input_file_ref idref="fl-5"/>
      </object_component>
      <object_component id="oc-138">
         <name>.debug_line</name>
         <load_address>0x77e</load_address>
         <run_address>0x77e</run_address>
         <size>0x46</size>
         <input_file_ref idref="fl-5"/>
      </object_component>
      <object_component id="oc-1af">
         <name>.debug_line</name>
         <load_address>0x7c4</load_address>
         <run_address>0x7c4</run_address>
         <size>0x20</size>
         <input_file_ref idref="fl-6"/>
      </object_component>
      <object_component id="oc-13e">
         <name>.debug_line</name>
         <load_address>0x7e4</load_address>
         <run_address>0x7e4</run_address>
         <size>0x234</size>
         <input_file_ref idref="fl-6"/>
      </object_component>
      <object_component id="oc-99">
         <name>.debug_line</name>
         <load_address>0xa18</load_address>
         <run_address>0xa18</run_address>
         <size>0x20</size>
         <input_file_ref idref="fl-6"/>
      </object_component>
      <object_component id="oc-157">
         <name>.debug_line</name>
         <load_address>0xa38</load_address>
         <run_address>0xa38</run_address>
         <size>0x56</size>
         <input_file_ref idref="fl-7"/>
      </object_component>
      <object_component id="oc-14e">
         <name>.debug_line</name>
         <load_address>0xa8e</load_address>
         <run_address>0xa8e</run_address>
         <size>0x2f</size>
         <input_file_ref idref="fl-7"/>
      </object_component>
      <object_component id="oc-155">
         <name>.debug_line</name>
         <load_address>0xabd</load_address>
         <run_address>0xabd</run_address>
         <size>0x2f</size>
         <input_file_ref idref="fl-7"/>
      </object_component>
      <object_component id="oc-168">
         <name>.debug_line</name>
         <load_address>0xaec</load_address>
         <run_address>0xaec</run_address>
         <size>0x2f</size>
         <input_file_ref idref="fl-7"/>
      </object_component>
      <object_component id="oc-7f">
         <name>.debug_line</name>
         <load_address>0xb1b</load_address>
         <run_address>0xb1b</run_address>
         <size>0x1df</size>
         <input_file_ref idref="fl-7"/>
      </object_component>
      <object_component id="oc-160">
         <name>.debug_line</name>
         <load_address>0xcfa</load_address>
         <run_address>0xcfa</run_address>
         <size>0x3d</size>
         <input_file_ref idref="fl-7"/>
      </object_component>
      <object_component id="oc-165">
         <name>.debug_line</name>
         <load_address>0xd37</load_address>
         <run_address>0xd37</run_address>
         <size>0x33</size>
         <input_file_ref idref="fl-7"/>
      </object_component>
      <object_component id="oc-ef">
         <name>.debug_line</name>
         <load_address>0xd6a</load_address>
         <run_address>0xd6a</run_address>
         <size>0x40</size>
         <input_file_ref idref="fl-8"/>
      </object_component>
      <object_component id="oc-88">
         <name>.debug_line</name>
         <load_address>0xdaa</load_address>
         <run_address>0xdaa</run_address>
         <size>0x40</size>
         <input_file_ref idref="fl-8"/>
      </object_component>
      <object_component id="oc-85">
         <name>.debug_line</name>
         <load_address>0xdea</load_address>
         <run_address>0xdea</run_address>
         <size>0x71</size>
         <input_file_ref idref="fl-8"/>
      </object_component>
      <object_component id="oc-172">
         <name>.debug_line</name>
         <load_address>0xe5b</load_address>
         <run_address>0xe5b</run_address>
         <size>0x77</size>
         <input_file_ref idref="fl-8"/>
      </object_component>
      <object_component id="oc-19f">
         <name>.debug_line</name>
         <load_address>0xed2</load_address>
         <run_address>0xed2</run_address>
         <size>0x3b</size>
         <input_file_ref idref="fl-9"/>
      </object_component>
      <object_component id="oc-eb">
         <name>.debug_line</name>
         <load_address>0xf0d</load_address>
         <run_address>0xf0d</run_address>
         <size>0x146</size>
         <input_file_ref idref="fl-9"/>
      </object_component>
      <object_component id="oc-2a">
         <name>.debug_line</name>
         <load_address>0x1053</load_address>
         <run_address>0x1053</run_address>
         <size>0x53</size>
         <input_file_ref idref="fl-c3"/>
      </object_component>
      <object_component id="oc-95">
         <name>.debug_line</name>
         <load_address>0x10a6</load_address>
         <run_address>0x10a6</run_address>
         <size>0x8a</size>
         <input_file_ref idref="fl-c4"/>
      </object_component>
      <object_component id="oc-18">
         <name>.debug_line</name>
         <load_address>0x1130</load_address>
         <run_address>0x1130</run_address>
         <size>0x55</size>
         <input_file_ref idref="fl-c4"/>
      </object_component>
      <object_component id="oc-3d">
         <name>.debug_line</name>
         <load_address>0x1185</load_address>
         <run_address>0x1185</run_address>
         <size>0x3a</size>
         <input_file_ref idref="fl-c4"/>
      </object_component>
      <object_component id="oc-92">
         <name>.debug_line</name>
         <load_address>0x11bf</load_address>
         <run_address>0x11bf</run_address>
         <size>0x8a</size>
         <input_file_ref idref="fl-c4"/>
      </object_component>
      <object_component id="oc-9d">
         <name>.debug_line</name>
         <load_address>0x1249</load_address>
         <run_address>0x1249</run_address>
         <size>0x8a</size>
         <input_file_ref idref="fl-c5"/>
      </object_component>
      <object_component id="oc-44">
         <name>.debug_line</name>
         <load_address>0x12d3</load_address>
         <run_address>0x12d3</run_address>
         <size>0x98</size>
         <input_file_ref idref="fl-c5"/>
      </object_component>
      <object_component id="oc-1e">
         <name>.debug_line</name>
         <load_address>0x136b</load_address>
         <run_address>0x136b</run_address>
         <size>0x4b</size>
         <input_file_ref idref="fl-c5"/>
      </object_component>
      <object_component id="oc-4b">
         <name>.debug_line</name>
         <load_address>0x13b6</load_address>
         <run_address>0x13b6</run_address>
         <size>0x39</size>
         <input_file_ref idref="fl-c5"/>
      </object_component>
      <object_component id="oc-a1">
         <name>.debug_line</name>
         <load_address>0x13ef</load_address>
         <run_address>0x13ef</run_address>
         <size>0x8a</size>
         <input_file_ref idref="fl-c5"/>
      </object_component>
      <object_component id="oc-11f">
         <name>.debug_line</name>
         <load_address>0x1479</load_address>
         <run_address>0x1479</run_address>
         <size>0xf2</size>
         <input_file_ref idref="fl-c7"/>
      </object_component>
      <object_component id="oc-113">
         <name>.debug_line</name>
         <load_address>0x156b</load_address>
         <run_address>0x156b</run_address>
         <size>0x2a</size>
         <input_file_ref idref="fl-c7"/>
      </object_component>
      <object_component id="oc-75">
         <name>.debug_line</name>
         <load_address>0x1595</load_address>
         <run_address>0x1595</run_address>
         <size>0x86</size>
         <input_file_ref idref="fl-c7"/>
      </object_component>
      <object_component id="oc-38">
         <name>.debug_line</name>
         <load_address>0x161b</load_address>
         <run_address>0x161b</run_address>
         <size>0x88</size>
         <input_file_ref idref="fl-c8"/>
      </object_component>
      <object_component id="oc-51">
         <name>.debug_line</name>
         <load_address>0x16a3</load_address>
         <run_address>0x16a3</run_address>
         <size>0x79</size>
         <input_file_ref idref="fl-c9"/>
      </object_component>
      <object_component id="oc-5d">
         <name>.debug_line</name>
         <load_address>0x171c</load_address>
         <run_address>0x171c</run_address>
         <size>0x3d</size>
         <input_file_ref idref="fl-ca"/>
      </object_component>
      <object_component id="oc-63">
         <name>.debug_line</name>
         <load_address>0x1759</load_address>
         <run_address>0x1759</run_address>
         <size>0x40</size>
         <input_file_ref idref="fl-cb"/>
      </object_component>
      <object_component id="oc-c2">
         <name>.debug_line</name>
         <load_address>0x1799</load_address>
         <run_address>0x1799</run_address>
         <size>0x33</size>
         <input_file_ref idref="fl-cc"/>
      </object_component>
      <object_component id="oc-1f4">
         <name>.debug_line</name>
         <load_address>0x17cc</load_address>
         <run_address>0x17cc</run_address>
         <size>0x98</size>
         <input_file_ref idref="fl-cd"/>
      </object_component>
      <object_component id="oc-1be">
         <name>.debug_line</name>
         <load_address>0x1864</load_address>
         <run_address>0x1864</run_address>
         <size>0x31</size>
         <input_file_ref idref="fl-cd"/>
      </object_component>
      <object_component id="oc-22f">
         <name>.debug_line</name>
         <load_address>0x1895</load_address>
         <run_address>0x1895</run_address>
         <size>0x31</size>
         <input_file_ref idref="fl-cd"/>
      </object_component>
      <object_component id="oc-210">
         <name>.debug_line</name>
         <load_address>0x18c6</load_address>
         <run_address>0x18c6</run_address>
         <size>0x31</size>
         <input_file_ref idref="fl-cd"/>
      </object_component>
      <object_component id="oc-21a">
         <name>.debug_line</name>
         <load_address>0x18f7</load_address>
         <run_address>0x18f7</run_address>
         <size>0x31</size>
         <input_file_ref idref="fl-cd"/>
      </object_component>
      <object_component id="oc-234">
         <name>.debug_line</name>
         <load_address>0x1928</load_address>
         <run_address>0x1928</run_address>
         <size>0x31</size>
         <input_file_ref idref="fl-cd"/>
      </object_component>
      <object_component id="oc-1e7">
         <name>.debug_line</name>
         <load_address>0x1959</load_address>
         <run_address>0x1959</run_address>
         <size>0x31</size>
         <input_file_ref idref="fl-cd"/>
      </object_component>
      <object_component id="oc-215">
         <name>.debug_line</name>
         <load_address>0x198a</load_address>
         <run_address>0x198a</run_address>
         <size>0x31</size>
         <input_file_ref idref="fl-cd"/>
      </object_component>
      <object_component id="oc-1b4">
         <name>.debug_line</name>
         <load_address>0x19bb</load_address>
         <run_address>0x19bb</run_address>
         <size>0x31</size>
         <input_file_ref idref="fl-cd"/>
      </object_component>
      <object_component id="oc-203">
         <name>.debug_line</name>
         <load_address>0x19ec</load_address>
         <run_address>0x19ec</run_address>
         <size>0x31</size>
         <input_file_ref idref="fl-cd"/>
      </object_component>
      <object_component id="oc-245">
         <name>.debug_line</name>
         <load_address>0x1a1d</load_address>
         <run_address>0x1a1d</run_address>
         <size>0x31</size>
         <input_file_ref idref="fl-cd"/>
      </object_component>
      <object_component id="oc-1d6">
         <name>.debug_line</name>
         <load_address>0x1a4e</load_address>
         <run_address>0x1a4e</run_address>
         <size>0x31</size>
         <input_file_ref idref="fl-cd"/>
      </object_component>
      <object_component id="oc-1c8">
         <name>.debug_line</name>
         <load_address>0x1a7f</load_address>
         <run_address>0x1a7f</run_address>
         <size>0x31</size>
         <input_file_ref idref="fl-cd"/>
      </object_component>
      <object_component id="oc-240">
         <name>.debug_line</name>
         <load_address>0x1ab0</load_address>
         <run_address>0x1ab0</run_address>
         <size>0x31</size>
         <input_file_ref idref="fl-cd"/>
      </object_component>
      <object_component id="oc-22a">
         <name>.debug_line</name>
         <load_address>0x1ae1</load_address>
         <run_address>0x1ae1</run_address>
         <size>0x31</size>
         <input_file_ref idref="fl-cd"/>
      </object_component>
      <object_component id="oc-21f">
         <name>.debug_line</name>
         <load_address>0x1b12</load_address>
         <run_address>0x1b12</run_address>
         <size>0x31</size>
         <input_file_ref idref="fl-cd"/>
      </object_component>
      <object_component id="oc-24f">
         <name>.debug_line</name>
         <load_address>0x1b43</load_address>
         <run_address>0x1b43</run_address>
         <size>0x31</size>
         <input_file_ref idref="fl-cd"/>
      </object_component>
      <object_component id="oc-1fe">
         <name>.debug_line</name>
         <load_address>0x1b74</load_address>
         <run_address>0x1b74</run_address>
         <size>0x31</size>
         <input_file_ref idref="fl-cd"/>
      </object_component>
      <object_component id="oc-1db">
         <name>.debug_line</name>
         <load_address>0x1ba5</load_address>
         <run_address>0x1ba5</run_address>
         <size>0x31</size>
         <input_file_ref idref="fl-cd"/>
      </object_component>
      <object_component id="oc-24a">
         <name>.debug_line</name>
         <load_address>0x1bd6</load_address>
         <run_address>0x1bd6</run_address>
         <size>0x31</size>
         <input_file_ref idref="fl-cd"/>
      </object_component>
      <object_component id="oc-23b">
         <name>.debug_line</name>
         <load_address>0x1c07</load_address>
         <run_address>0x1c07</run_address>
         <size>0x31</size>
         <input_file_ref idref="fl-cd"/>
      </object_component>
      <object_component id="oc-1cd">
         <name>.debug_line</name>
         <load_address>0x1c38</load_address>
         <run_address>0x1c38</run_address>
         <size>0x18b</size>
         <input_file_ref idref="fl-cd"/>
      </object_component>
      <object_component id="oc-1f1">
         <name>.debug_line</name>
         <load_address>0x1dc3</load_address>
         <run_address>0x1dc3</run_address>
         <size>0x99</size>
         <input_file_ref idref="fl-cd"/>
      </object_component>
      <object_component id="oc-1f8">
         <name>.debug_line</name>
         <load_address>0x1e5c</load_address>
         <run_address>0x1e5c</run_address>
         <size>0x8d</size>
         <input_file_ref idref="fl-cd"/>
      </object_component>
      <object_component id="oc-1ec">
         <name>.debug_line</name>
         <load_address>0x1ee9</load_address>
         <run_address>0x1ee9</run_address>
         <size>0x8c</size>
         <input_file_ref idref="fl-cd"/>
      </object_component>
      <object_component id="oc-17d">
         <name>.debug_line</name>
         <load_address>0x1f75</load_address>
         <run_address>0x1f75</run_address>
         <size>0x20</size>
         <input_file_ref idref="fl-ce"/>
      </object_component>
      <object_component id="oc-11b">
         <name>.debug_line</name>
         <load_address>0x1f95</load_address>
         <run_address>0x1f95</run_address>
         <size>0x2b</size>
         <input_file_ref idref="fl-ce"/>
      </object_component>
      <object_component id="oc-118">
         <name>.debug_line</name>
         <load_address>0x1fc0</load_address>
         <run_address>0x1fc0</run_address>
         <size>0x68</size>
         <input_file_ref idref="fl-ce"/>
      </object_component>
      <object_component id="oc-10c">
         <name>.debug_line</name>
         <load_address>0x2028</load_address>
         <run_address>0x2028</run_address>
         <size>0x2b</size>
         <input_file_ref idref="fl-cf"/>
      </object_component>
      <object_component id="oc-6f">
         <name>.debug_line</name>
         <load_address>0x2053</load_address>
         <run_address>0x2053</run_address>
         <size>0x50</size>
         <input_file_ref idref="fl-cf"/>
      </object_component>
      <object_component id="oc-110">
         <name>.debug_line</name>
         <load_address>0x20a3</load_address>
         <run_address>0x20a3</run_address>
         <size>0x2b</size>
         <input_file_ref idref="fl-cf"/>
      </object_component>
      <object_component id="oc-100">
         <name>.debug_line</name>
         <load_address>0x20ce</load_address>
         <run_address>0x20ce</run_address>
         <size>0xa9</size>
         <input_file_ref idref="fl-d0"/>
      </object_component>
      <object_component id="oc-69">
         <name>.debug_line</name>
         <load_address>0x2177</load_address>
         <run_address>0x2177</run_address>
         <size>0x8b</size>
         <input_file_ref idref="fl-d0"/>
      </object_component>
      <object_component id="oc-104">
         <name>.debug_line</name>
         <load_address>0x2202</load_address>
         <run_address>0x2202</run_address>
         <size>0x2e</size>
         <input_file_ref idref="fl-d0"/>
      </object_component>
      <object_component id="oc-109">
         <name>.debug_line</name>
         <load_address>0x2230</load_address>
         <run_address>0x2230</run_address>
         <size>0x8b</size>
         <input_file_ref idref="fl-d0"/>
      </object_component>
      <object_component id="oc-175">
         <name>.debug_line</name>
         <load_address>0x22bb</load_address>
         <run_address>0x22bb</run_address>
         <size>0x98</size>
         <input_file_ref idref="fl-d1"/>
      </object_component>
      <object_component id="oc-ac">
         <name>.debug_line</name>
         <load_address>0x2353</load_address>
         <run_address>0x2353</run_address>
         <size>0x68</size>
         <input_file_ref idref="fl-d1"/>
      </object_component>
      <object_component id="oc-179">
         <name>.debug_line</name>
         <load_address>0x23bb</load_address>
         <run_address>0x23bb</run_address>
         <size>0x2e</size>
         <input_file_ref idref="fl-d1"/>
      </object_component>
      <object_component id="oc-225">
         <name>.debug_line</name>
         <load_address>0x23e9</load_address>
         <run_address>0x23e9</run_address>
         <size>0x8a</size>
         <input_file_ref idref="fl-d2"/>
      </object_component>
      <object_component id="oc-1e0">
         <name>.debug_line</name>
         <load_address>0x2473</load_address>
         <run_address>0x2473</run_address>
         <size>0x43</size>
         <input_file_ref idref="fl-d2"/>
      </object_component>
      <object_component id="oc-f1">
         <name>.debug_line</name>
         <load_address>0x24b6</load_address>
         <run_address>0x24b6</run_address>
         <size>0xff</size>
         <input_file_ref idref="fl-d3"/>
      </object_component>
      <object_component id="oc-8b">
         <name>.debug_line</name>
         <load_address>0x25b5</load_address>
         <run_address>0x25b5</run_address>
         <size>0x2c</size>
         <input_file_ref idref="fl-d3"/>
      </object_component>
      <object_component id="oc-236">
         <name>.debug_line</name>
         <load_address>0x25e1</load_address>
         <run_address>0x25e1</run_address>
         <size>0x2c</size>
         <input_file_ref idref="fl-d3"/>
      </object_component>
      <object_component id="oc-208">
         <name>.debug_line</name>
         <load_address>0x260d</load_address>
         <run_address>0x260d</run_address>
         <size>0x314</size>
         <input_file_ref idref="fl-d3"/>
      </object_component>
      <object_component id="oc-f5">
         <name>.debug_line</name>
         <load_address>0x2921</load_address>
         <run_address>0x2921</run_address>
         <size>0x8a</size>
         <input_file_ref idref="fl-d3"/>
      </object_component>
      <object_component id="oc-fa">
         <name>.debug_line</name>
         <load_address>0x29ab</load_address>
         <run_address>0x29ab</run_address>
         <size>0x2c</size>
         <input_file_ref idref="fl-d3"/>
      </object_component>
      <object_component id="oc-b2">
         <name>.debug_line</name>
         <load_address>0x29d7</load_address>
         <run_address>0x29d7</run_address>
         <size>0x3c</size>
         <input_file_ref idref="fl-d4"/>
      </object_component>
      <object_component id="oc-197">
         <name>.debug_abbrev</name>
         <load_address>0x0</load_address>
         <run_address>0x0</run_address>
         <size>0x15d</size>
         <input_file_ref idref="fl-2"/>
      </object_component>
      <object_component id="oc-1a3">
         <name>.debug_abbrev</name>
         <load_address>0x15d</load_address>
         <run_address>0x15d</run_address>
         <size>0x29</size>
         <input_file_ref idref="fl-2"/>
      </object_component>
      <object_component id="oc-1c2">
         <name>.debug_abbrev</name>
         <load_address>0x186</load_address>
         <run_address>0x186</run_address>
         <size>0x29</size>
         <input_file_ref idref="fl-2"/>
      </object_component>
      <object_component id="oc-15a">
         <name>.debug_abbrev</name>
         <load_address>0x1af</load_address>
         <run_address>0x1af</run_address>
         <size>0xd4</size>
         <input_file_ref idref="fl-2"/>
      </object_component>
      <object_component id="oc-df">
         <name>.debug_abbrev</name>
         <load_address>0x283</load_address>
         <run_address>0x283</run_address>
         <size>0xe9</size>
         <input_file_ref idref="fl-2"/>
      </object_component>
      <object_component id="oc-19b">
         <name>.debug_abbrev</name>
         <load_address>0x36c</load_address>
[...]
      </symbol>
      <symbol id="sm-294">
         <name>__aeabi_memclr8</name>
         <value>0x1171</value>
         <object_component_ref idref="oc-4d"/>
      </symbol>
      <symbol id="sm-295">
         <name>__aeabi_memclr4</name>
         <value>0x1171</value>
         <object_component_ref idref="oc-4d"/>
      </symbol>
      <symbol id="sm-296">
         <name>__aeabi_memclr</name>
         <value>0x1171</value>
         <object_component_ref idref="oc-4d"/>
      </symbol>
      <symbol id="sm-2a0">
         <name>__mpu_init</name>
         <value>0x11eb</value>
         <object_component_ref idref="oc-59"/>
      </symbol>
      <symbol id="sm-2aa">
         <name>_system_pre_init</name>
         <value>0x14a7</value>
         <object_component_ref idref="oc-5f"/>
      </symbol>
      <symbol id="sm-2b2">
         <name>main_func_sp</name>
         <value>0x20001944</value>
         <object_component_ref idref="oc-77"/>
      </symbol>
      <symbol id="sm-372">
         <name>_ZSt16__dummy_typeinfo</name>
         <value>0x20001510</value>
      </symbol>
      <symbol id="sm-373">
         <name>_ZN10__cxxabiv120__function_type_infoD1Ev</name>
         <value>0x1091</value>
         <object_component_ref idref="oc-1c9"/>
      </symbol>
      <symbol id="sm-374">
         <name>_ZTIN10__cxxabiv119__pointer_type_infoE</name>
         <value>0x15e8</value>
         <object_component_ref idref="oc-226"/>
      </symbol>
      <symbol id="sm-375">
         <name>_ZTSSt9type_info</name>
         <value>0x15b4</value>
         <object_component_ref idref="oc-21b"/>
      </symbol>
      <symbol id="sm-376">
         <name>_ZN10__cxxabiv123__fundamental_type_infoD2Ev</name>
         <value>0x1073</value>
         <object_component_ref idref="oc-1c9"/>
      </symbol>
      <symbol id="sm-377">
         <name>_ZN10__cxxabiv117__class_type_infoD1Ev</name>
         <value>0x10af</value>
         <object_component_ref idref="oc-1c9"/>
      </symbol>
      <symbol id="sm-378">
         <name>_ZN10__cxxabiv129__pointer_to_member_type_infoD2Ev</name>
         <value>0x1069</value>
         <object_component_ref idref="oc-1c9"/>
      </symbol>
      <symbol id="sm-379">
         <name>_ZN10__cxxabiv116__enum_type_infoD1Ev</name>
         <value>0x10c3</value>
         <object_component_ref idref="oc-1c9"/>
      </symbol>
      <symbol id="sm-37a">
         <name>_ZN10__cxxabiv121__vmi_class_type_infoD1Ev</name>
         <value>0x107d</value>
         <object_component_ref idref="oc-1c9"/>
      </symbol>
      <symbol id="sm-37b">
         <name>_ZTSN10__cxxabiv123__fundamental_type_infoE</name>
         <value>0x14ac</value>
         <object_component_ref idref="oc-24b"/>
      </symbol>
      <symbol id="sm-37c">
         <name>_ZN10__cxxabiv117__pbase_type_infoD1Ev</name>
         <value>0x10a5</value>
         <object_component_ref idref="oc-1c9"/>
      </symbol>
      <symbol id="sm-37d">
         <name>_ZTVN10__cxxabiv123__fundamental_type_infoE</name>
         <value>0x15a4</value>
         <object_component_ref idref="oc-22b"/>
      </symbol>
      <symbol id="sm-37e">
         <name>_ZTSN10__cxxabiv120__si_class_type_infoE</name>
         <value>0x14d4</value>
         <object_component_ref idref="oc-1d7"/>
      </symbol>
      <symbol id="sm-37f">
         <name>_ZN10__cxxabiv117__array_type_infoD1Ev</name>
         <value>0x10b9</value>
         <object_component_ref idref="oc-1c9"/>
      </symbol>
      <symbol id="sm-380">
         <name>_ZTVN10__cxxabiv119__pointer_type_infoE</name>
         <value>0x1584</value>
         <object_component_ref idref="oc-20c"/>
      </symbol>
      <symbol id="sm-381">
         <name>_ZTSPKe</name>
         <value>0x164e</value>
         <object_component_ref idref="oc-211"/>
      </symbol>
      <symbol id="sm-382">
         <name>_ZNKSt9type_infoneERKS_</name>
         <value>0x102f</value>
         <object_component_ref idref="oc-1c9"/>
      </symbol>
      <symbol id="sm-383">
         <name>_ZN10__cxxabiv119__pointer_type_infoD1Ev</name>
         <value>0x109b</value>
         <object_component_ref idref="oc-1c9"/>
      </symbol>
      <symbol id="sm-384">
         <name>_ZNSt9type_infoD2Ev</name>
         <value>0x1021</value>
         <object_component_ref idref="oc-1c9"/>
      </symbol>
      <symbol id="sm-385">
         <name>_ZNKSt9type_info6beforeERKS_</name>
         <value>0x105b</value>
         <object_component_ref idref="oc-1c9"/>
      </symbol>
      <symbol id="sm-386">
         <name>_ZN10__cxxabiv123__fundamental_type_infoD1Ev</name>
         <value>0x1073</value>
         <object_component_ref idref="oc-1c9"/>
      </symbol>
      <symbol id="sm-387">
         <name>_ZTSN10__cxxabiv119__pointer_type_infoE</name>
         <value>0x14f9</value>
         <object_component_ref idref="oc-237"/>
      </symbol>
      <symbol id="sm-388">
         <name>_ZN10__cxxabiv121__vmi_class_type_infoD2Ev</name>
         <value>0x107d</value>
         <object_component_ref idref="oc-1c9"/>
      </symbol>
      <symbol id="sm-389">
         <name>_ZTSN10__cxxabiv117__class_type_infoE</name>
         <value>0x151d</value>
         <object_component_ref idref="oc-1fa"/>
      </symbol>
      <symbol id="sm-38a">
         <name>_ZN10__cxxabiv120__function_type_infoD2Ev</name>
         <value>0x1091</value>
         <object_component_ref idref="oc-1c9"/>
      </symbol>
      <symbol id="sm-38b">
         <name>_ZN10__cxxabiv117__class_type_infoD2Ev</name>
         <value>0x10af</value>
         <object_component_ref idref="oc-1c9"/>
      </symbol>
      <symbol id="sm-38c">
         <name>_ZN10__cxxabiv116__enum_type_infoD2Ev</name>
         <value>0x10c3</value>
         <object_component_ref idref="oc-1c9"/>
      </symbol>
      <symbol id="sm-38d">
         <name>_ZN10__cxxabiv119__pointer_type_infoD2Ev</name>
         <value>0x109b</value>
         <object_component_ref idref="oc-1c9"/>
      </symbol>
      <symbol id="sm-38e">
         <name>_ZN10__cxxabiv120__si_class_type_infoD2Ev</name>
         <value>0x1087</value>
         <object_component_ref idref="oc-1c9"/>
      </symbol>
      <symbol id="sm-38f">
         <name>_ZN10__cxxabiv117__pbase_type_infoD2Ev</name>
         <value>0x10a5</value>
         <object_component_ref idref="oc-1c9"/>
      </symbol>
      <symbol id="sm-390">
         <name>_ZTVN10__cxxabiv117__class_type_infoE</name>
         <value>0x1574</value>
         <object_component_ref idref="oc-1ba"/>
      </symbol>
      <symbol id="sm-391">
         <name>_ZN10__cxxabiv117__array_type_infoD2Ev</name>
         <value>0x10b9</value>
         <object_component_ref idref="oc-1c9"/>
      </symbol>
      <symbol id="sm-392">
         <name>_ZNSt9type_infoD1Ev</name>
         <value>0x1021</value>
         <object_component_ref idref="oc-1c9"/>
      </symbol>
      <symbol id="sm-393">
         <name>_ZTIN10__cxxabiv123__fundamental_type_infoE</name>
         <value>0x1600</value>
         <object_component_ref idref="oc-241"/>
      </symbol>
      <symbol id="sm-394">
         <name>_ZTISt9type_info</name>
         <value>0x1638</value>
         <object_component_ref idref="oc-1ff"/>
      </symbol>
      <symbol id="sm-395">
         <name>_ZN10__cxxabiv123__fundamental_type_infoD0Ev</name>
         <value>0x1075</value>
         <object_component_ref idref="oc-1c9"/>
      </symbol>
      <symbol id="sm-396">
         <name>_ZTIN10__cxxabiv117__pbase_type_infoE</name>
         <value>0x15dc</value>
         <object_component_ref idref="oc-23c"/>
      </symbol>
      <symbol id="sm-397">
         <name>_ZTSe</name>
         <value>0x1561</value>
         <object_component_ref idref="oc-230"/>
      </symbol>
      <symbol id="sm-398">
         <name>_ZNKSt9type_info4nameEv</name>
         <value>0x102b</value>
         <object_component_ref idref="oc-1c9"/>
      </symbol>
      <symbol id="sm-399">
         <name>_ZTIN10__cxxabiv117__class_type_infoE</name>
         <value>0x15d0</value>
         <object_component_ref idref="oc-1d2"/>
      </symbol>
      <symbol id="sm-39a">
         <name>_ZN10__cxxabiv129__pointer_to_member_type_infoD0Ev</name>
         <value>0x106b</value>
         <object_component_ref idref="oc-1c9"/>
      </symbol>
      <symbol id="sm-39b">
         <name>_ZN10__cxxabiv120__si_class_type_infoD1Ev</name>
         <value>0x1087</value>
         <object_component_ref idref="oc-1c9"/>
      </symbol>
      <symbol id="sm-39c">
         <name>_ZTIN10__cxxabiv120__si_class_type_infoE</name>
         <value>0x15f4</value>
         <object_component_ref idref="oc-1c4"/>
      </symbol>
      <symbol id="sm-39d">
         <name>_ZNSt9type_infoD0Ev</name>
         <value>0x1023</value>
         <object_component_ref idref="oc-1c9"/>
      </symbol>
      <symbol id="sm-39e">
         <name>_ZN10__cxxabiv120__function_type_infoD0Ev</name>
         <value>0x1093</value>
         <object_component_ref idref="oc-1c9"/>
      </symbol>
      <symbol id="sm-39f">
         <name>_ZN10__cxxabiv117__class_type_infoD0Ev</name>
         <value>0x10b1</value>
         <object_component_ref idref="oc-1c9"/>
      </symbol>
      <symbol id="sm-3a0">
         <name>_ZTSN10__cxxabiv117__pbase_type_infoE</name>
         <value>0x153f</value>
         <object_component_ref idref="oc-246"/>
      </symbol>
      <symbol id="sm-3a1">
         <name>_ZN10__cxxabiv116__enum_type_infoD0Ev</name>
         <value>0x10c5</value>
         <object_component_ref idref="oc-1c9"/>
      </symbol>
      <symbol id="sm-3a2">
         <name>_ZTIe</name>
         <value>0x1640</value>
         <object_component_ref idref="oc-216"/>
      </symbol>
      <symbol id="sm-3a3">
         <name>_ZN10__cxxabiv121__vmi_class_type_infoD0Ev</name>
         <value>0x107f</value>
         <object_component_ref idref="oc-1c9"/>
      </symbol>
      <symbol id="sm-3a4">
         <name>_ZTVN10__cxxabiv120__si_class_type_infoE</name>
         <value>0x1594</value>
         <object_component_ref idref="oc-1b0"/>
      </symbol>
      <symbol id="sm-3a5">
         <name>_ZN10__cxxabiv117__pbase_type_infoD0Ev</name>
         <value>0x10a7</value>
         <object_component_ref idref="oc-1c9"/>
      </symbol>
      <symbol id="sm-3a6">
         <name>_ZN10__cxxabiv117__array_type_infoD0Ev</name>
         <value>0x10bb</value>
         <object_component_ref idref="oc-1c9"/>
      </symbol>
      <symbol id="sm-3a7">
         <name>_ZSt21__gen_dummy_typeinfosv</name>
         <value>0x1019</value>
         <object_component_ref idref="oc-1c9"/>
      </symbol>
      <symbol id="sm-3a8">
         <name>_ZN10__cxxabiv129__pointer_to_member_type_infoD1Ev</name>
         <value>0x1069</value>
         <object_component_ref idref="oc-1c9"/>
      </symbol>
      <symbol id="sm-3a9">
         <name>_ZN10__cxxabiv119__pointer_type_infoD0Ev</name>
         <value>0x109d</value>
         <object_component_ref idref="oc-1c9"/>
      </symbol>
      <symbol id="sm-3aa">
         <name>_ZN10__cxxabiv120__si_class_type_infoD0Ev</name>
         <value>0x1089</value>
         <object_component_ref idref="oc-1c9"/>
      </symbol>
      <symbol id="sm-3ab">
         <name>_ZTIPKe</name>
         <value>0x1564</value>
         <object_component_ref idref="oc-1e3"/>
      </symbol>
      <symbol id="sm-3ac">
         <name>_ZNKSt9type_infoeqERKS_</name>
         <value>0x1045</value>
         <object_component_ref idref="oc-1c9"/>
      </symbol>
      <symbol id="sm-3c5">
         <name>_nop</name>
         <value>0x145f</value>
         <object_component_ref idref="oc-114"/>
      </symbol>
      <symbol id="sm-3c6">
         <name>_lock</name>
         <value>0x2000193c</value>
         <object_component_ref idref="oc-bb"/>
      </symbol>
      <symbol id="sm-3c7">
         <name>_unlock</name>
         <value>0x20001940</value>
         <object_component_ref idref="oc-bb"/>
      </symbol>
      <symbol id="sm-3c8">
         <name>_register_lock</name>
         <value>0x1457</value>
         <object_component_ref idref="oc-114"/>
      </symbol>
      <symbol id="sm-3c9">
         <name>_register_unlock</name>
         <value>0x1451</value>
         <object_component_ref idref="oc-114"/>
      </symbol>
      <symbol id="sm-3dd">
         <name>_args_main</name>
         <value>0x1439</value>
         <object_component_ref idref="oc-6b"/>
      </symbol>
      <symbol id="sm-402">
         <name>__TI_auto_init</name>
         <value>0x11ed</value>
         <object_component_ref idref="oc-65"/>
      </symbol>
      <symbol id="sm-41c">
         <name>copy_in</name>
         <value>0x13bd</value>
         <object_component_ref idref="oc-a8"/>
      </symbol>
      <symbol id="sm-42a">
         <name>_ZdlPv</name>
         <value>0x1499</value>
         <object_component_ref idref="oc-1dc"/>
      </symbol>
      <symbol id="sm-49e">
         <name>_sys_memory</name>
         <value>0x20001518</value>
         <object_component_ref idref="oc-31"/>
      </symbol>
      <symbol id="sm-49f">
         <name>free</name>
         <value>0x6df</value>
         <object_component_ref idref="oc-204"/>
      </symbol>
      <symbol id="sm-4a0">
         <name>realloc</name>
         <value>0x7a1</value>
         <object_component_ref idref="oc-204"/>
      </symbol>
      <symbol id="sm-4a1">
         <name>memalign</name>
         <value>0x8ad</value>
         <object_component_ref idref="oc-204"/>
      </symbol>
      <symbol id="sm-4a2">
         <name>calloc</name>
         <value>0x991</value>
         <object_component_ref idref="oc-204"/>
      </symbol>
      <symbol id="sm-4a3">
         <name>malloc</name>
         <value>0x677</value>
         <object_component_ref idref="oc-204"/>
      </symbol>
      <symbol id="sm-4a4">
         <name>minit</name>
         <value>0x5e9</value>
         <object_component_ref idref="oc-204"/>
      </symbol>
      <symbol id="sm-4ae">
         <name>_system_post_cinit</name>
         <value>0x12c7</value>
         <object_component_ref idref="oc-ae"/>
      </symbol>
      <symbol id="sm-4af">
         <name>__TI_static_base__</name>
         <value>0x0</value>
      </symbol>
      <symbol id="sm-4b2">
         <name>NMI_Handler</name>
         <value>0x147f</value>
      </symbol>
      <symbol id="sm-4b3">
         <name>HardFault_Handler</name>
         <value>0x147f</value>
      </symbol>
      <symbol id="sm-4b4">
         <name>MemManage_Handler</name>
         <value>0x147f</value>
      </symbol>
      <symbol id="sm-4b5">
         <name>BusFault_Handler</name>
         <value>0x147f</value>
      </symbol>
      <symbol id="sm-4b6">
         <name>UsageFault_Handler</name>
         <value>0x147f</value>
      </symbol>
      <symbol id="sm-4b7">
         <name>SVC_Handler</name>
         <value>0x147f</value>
      </symbol>
      <symbol id="sm-4b8">
         <name>DebugMon_Handler</name>
         <value>0x147f</value>
      </symbol>
      <symbol id="sm-4b9">
         <name>PendSV_Handler</name>
         <value>0x147f</value>
      </symbol>
      <symbol id="sm-4ba">
         <name>SysTick_Handler</name>
         <value>0x147f</value>
      </symbol>
      <symbol id="sm-4bb">
         <name>PSS_IRQHandler</name>
         <value>0x147f</value>
      </symbol>
      <symbol id="sm-4bc">
         <name>CS_IRQHandler</name>
         <value>0x147f</value>
      </symbol>
      <symbol id="sm-4bd">
         <name>PCM_IRQHandler</name>
         <value>0x147f</value>
      </symbol>
      <symbol id="sm-4be">
         <name>WDT_A_IRQHandler</name>
         <value>0x147f</value>
      </symbol>
      <symbol id="sm-4bf">
         <name>FPU_IRQHandler</name>
         <value>0x147f</value>
      </symbol>
      <symbol id="sm-4c0">
         <name>FLCTL_IRQHandler</name>
         <value>0x147f</value>
      </symbol>
      <symbol id="sm-4c1">
         <name>COMP_E0_IRQHandler</name>
         <value>0x147f</value>
      </symbol>
      <symbol id="sm-4c2">
         <name>COMP_E1_IRQHandler</name>
         <value>0x147f</value>
      </symbol>
      <symbol id="sm-4c3">
         <name>TA0_0_IRQHandler</name>
         <value>0x147f</value>
      </symbol>
      <symbol id="sm-4c4">
         <name>TA0_N_IRQHandler</name>
         <value>0x147f</value>
      </symbol>
      <symbol id="sm-4c5">
         <name>TA1_0_IRQHandler</name>
         <value>0x147f</value>
      </symbol>
      <symbol id="sm-4c6">
         <name>TA1_N_IRQHandler</name>
         <value>0x147f</value>
      </symbol>
      <symbol id="sm-4c7">
         <name>TA2_0_IRQHandler</name>
         <value>0x147f</value>
      </symbol>
      <symbol id="sm-4c8">
         <name>TA2_N_IRQHandler</name>
         <value>0x147f</value>
      </symbol>
      <symbol id="sm-4c9">
         <name>TA3_0_IRQHandler</name>
         <value>0x147f</value>
      </symbol>
      <symbol id="sm-4ca">
         <name>TA3_N_IRQHandler</name>
         <value>0x147f</value>
      </symbol>
      <symbol id="sm-4cb">
         <name>EUSCIA0_IRQHandler</name>
         <value>0x147f</value>
      </symbol>
      <symbol id="sm-4cc">
         <name>EUSCIA1_IRQHandler</name>
         <value>0x147f</value>
      </symbol>
      <symbol id="sm-4cd">
         <name>EUSCIA2_IRQHandler</name>
         <value>0x147f</value>
      </symbol>
      <symbol id="sm-4ce">
         <name>EUSCIA3_IRQHandler</name>
         <value>0x147f</value>
      </symbol>
      <symbol id="sm-4cf">
         <name>EUSCIB0_IRQHandler</name>
         <value>0x147f</value>
      </symbol>
      <symbol id="sm-4d0">
         <name>EUSCIB1_IRQHandler</name>
         <value>0x147f</value>
      </symbol>
      <symbol id="sm-4d1">
         <name>EUSCIB2_IRQHandler</name>
         <value>0x147f</value>
      </symbol>
      <symbol id="sm-4d2">
         <name>EUSCIB3_IRQHandler</name>
         <value>0x147f</value>
      </symbol>
      <symbol id="sm-4d3">
         <name>ADC14_IRQHandler</name>
         <value>0x147f</value>
      </symbol>
      <symbol id="sm-4d4">
         <name>T32_INT1_IRQHandler</name>
         <value>0xf7f</value>
      </symbol>
      <symbol id="sm-4d5">
         <name>T32_INT2_IRQHandler</name>
         <value>0x147f</value>
      </symbol>
      <symbol id="sm-4d6">
         <name>T32_INTC_IRQHandler</name>
         <value>0x147f</value>
      </symbol>
      <symbol id="sm-4d7">
         <name>AES256_IRQHandler</name>
         <value>0x147f</value>
      </symbol>
      <symbol id="sm-4d8">
         <name>RTC_C_IRQHandler</name>
         <value>0x147f</value>
      </symbol>
      <symbol id="sm-4d9">
         <name>DMA_ERR_IRQHandler</name>
         <value>0x147f</value>
      </symbol>
      <symbol id="sm-4da">
         <name>DMA_INT3_IRQHandler</name>
         <value>0x147f</value>
      </symbol>
      <symbol id="sm-4db">
         <name>DMA_INT2_IRQHandler</name>
         <value>0x147f</value>
      </symbol>
      <symbol id="sm-4dc">
         <name>DMA_INT1_IRQHandler</name>
         <value>0x147f</value>
      </symbol>
      <symbol id="sm-4dd">
         <name>DMA_INT0_IRQHandler</name>
         <value>0x147f</value>
      </symbol>
      <symbol id="sm-4de">
         <name>PORT1_IRQHandler</name>
         <value>0xfa7</value>
      </symbol>
      <symbol id="sm-4df">
         <name>PORT2_IRQHandler</name>
         <value>0x147f</value>
      </symbol>
      <symbol id="sm-4e0">
         <name>PORT3_IRQHandler</name>
         <value>0x147f</value>
      </symbol>
      <symbol id="sm-4e1">
         <name>PORT4_IRQHandler</name>
         <value>0x147f</value>
      </symbol>
      <symbol id="sm-4e2">
         <name>PORT5_IRQHandler</name>
         <value>0x147f</value>
      </symbol>
      <symbol id="sm-4e3">
         <name>PORT6_IRQHandler</name>
         <value>0x147f</value>
      </symbol>
   </symbol_table>
   <title>Link successful</title>
</link_info>
