******************************************************************************
                  TI ARM Linker Unix v15.12.1                  
******************************************************************************
>> Linked Wed Oct  5 21:27:41 2016

OUTPUT FILE NAME:   <EventHandler.out>
ENTRY POINT SYMBOL: "_c_int00"  address: 0000114d


MEMORY CONFIGURATION

         name            origin    length      used     unused   attr    fill
----------------------  --------  ---------  --------  --------  ----  --------
  MAIN                  00000000   00040000  00001518  0003eae8  R  X
  INFO                  00200000   00004000  00000000  00004000  R  X
  SRAM_CODE             01000000   00010000  00001a5c  0000e5a4  RW X
  SRAM_DATA             20000000   00010000  00001a5c  0000e5a4  RW  


SEGMENT ALLOCATION MAP

run origin  load origin   length   init length attrs members
----------  ----------- ---------- ----------- ----- -------
00000000    00000000    0000151c   0000151c    r-x
  00000000    00000000    000000e4   000000e4    r-- .intvecs
  000000e4    000000e4    0000123e   0000123e    r-x .text
  00001324    00001324    000001a6   000001a6    r-- .const
  000014cc    000014cc    00000004   00000004    r-- .init_array
  000014d0    000014d0    0000004c   0000004c    r-- .cinit
20000000    20000000    0000185c   00000000    rw-
  20000000    20000000    00001428   00000000    rw- .bss
  20001428    20001428    00000400   00000000    rw- .sysmem
  20001828    20001828    00000034   00000000    rw- .data
2000fe00    2000fe00    00000200   00000000    rw-
  2000fe00    2000fe00    00000200   00000000    rw- .stack


SECTION ALLOCATION MAP

 output                                  attributes/
section   page    origin      length       input sections
--------  ----  ----------  ----------   ----------------
.intvecs   0    00000000    000000e4     
                  00000000    000000e4     startup_msp432p401r_ccs.obj (.intvecs:retain)

.binit     0    00000000    00000000     

.text      0    000000e4    0000123e     
                  000000e4    000003dc     rtsv7M4_T_le_v4SPD16_eabi.lib : memory.obj (.text)
                  000004c0    00000388     Scheduler.obj (.text)
                  00000848    0000032c     system_msp432p401r.obj (.text)
                  00000b74    000001bc     hardware.obj (.text)
                  00000d30    0000016c     main.obj (.text)
                  00000e9c    000000bc     rtsv7M4_T_le_v4SPD16_eabi.lib : typeinfo_.obj (.text)
                  00000f58    0000009c                                   : memcpy_t2.obj (.text)
                  00000ff4    0000007a                                   : memset_t2.obj (.text)
                  0000106e    00000002                                   : mpu_init.obj (.text)
                  00001070    00000070                                   : autoinit.obj (.text)
                  000010e0    0000006a                                   : copy_decompress_rle.obj (.text)
                  0000114a    00000002                                   : startup.obj (.text)
                  0000114c    00000054                                   : boot.obj (.text)
                  000011a0    00000054                                   : exit.obj (.text)
                  000011f4    0000004c     S1Button.obj (.text)
                  00001240    0000004c     rtsv7M4_T_le_v4SPD16_eabi.lib : cpy_tbl.obj (.text)
                  0000128c    00000030     Task.obj (.text)
                  000012bc    00000018     rtsv7M4_T_le_v4SPD16_eabi.lib : args_main.obj (.text)
                  000012d4    00000014                                   : _lock.obj (.text)
                  000012e8    0000000e                                   : copy_decompress_none.obj (.text:decompress:none)
                  000012f6    0000000e     startup_msp432p401r_ccs.obj (.text)
                  00001304    0000000c     Task.obj (.text:_ZN4Task3runEv)
                  00001310    00000008     rtsv7M4_T_le_v4SPD16_eabi.lib : delete.obj (.text)
                  00001318    00000006                                   : copy_decompress_rle.obj (.text:decompress:rle24)
                  0000131e    00000004                                   : pre_init.obj (.text)

.const     0    00001324    000001a6     
                  00001324    00000028     rtsv7M4_T_le_v4SPD16_eabi.lib : typeinfo_.obj (.const:.typeinfo:_ZTSN10__cxxabiv123__fundamental_type_infoE)
                  0000134c    00000025                                   : typeinfo_.obj (.const:.typeinfo:_ZTSN10__cxxabiv120__si_class_type_infoE)
                  00001371    00000024                                   : typeinfo_.obj (.const:.typeinfo:_ZTSN10__cxxabiv119__pointer_type_infoE)
                  00001395    00000022                                   : typeinfo_.obj (.const:.typeinfo:_ZTSN10__cxxabiv117__class_type_infoE)
                  000013b7    00000022                                   : typeinfo_.obj (.const:.typeinfo:_ZTSN10__cxxabiv117__pbase_type_infoE)
                  000013d9    00000002                                   : typeinfo_.obj (.const:.typeinfo:_ZTSe)
                  000013db    00000001     --HOLE-- [fill = 0]
                  000013dc    00000010                                   : typeinfo_.obj (.const:.typeinfo:_ZTIPKe)
                  000013ec    00000010                                   : typeinfo_.obj (.const:_ZTVN10__cxxabiv117__class_type_infoE)
                  000013fc    00000010                                   : typeinfo_.obj (.const:_ZTVN10__cxxabiv119__pointer_type_infoE)
                  0000140c    00000010                                   : typeinfo_.obj (.const:_ZTVN10__cxxabiv120__si_class_type_infoE)
                  0000141c    00000010                                   : typeinfo_.obj (.const:_ZTVN10__cxxabiv123__fundamental_type_infoE)
                  0000142c    0000000d                                   : typeinfo_.obj (.const:.typeinfo:_ZTSSt9type_info)
                  00001439    00000003     --HOLE-- [fill = 0]
                  0000143c    0000000c     S1Button.obj (.const:.typeinfo:_ZTI8S1Button)
                  00001448    0000000c     rtsv7M4_T_le_v4SPD16_eabi.lib : typeinfo_.obj (.const:.typeinfo:_ZTIN10__cxxabiv117__class_type_infoE)
                  00001454    0000000c                                   : typeinfo_.obj (.const:.typeinfo:_ZTIN10__cxxabiv117__pbase_type_infoE)
                  00001460    0000000c                                   : typeinfo_.obj (.const:.typeinfo:_ZTIN10__cxxabiv119__pointer_type_infoE)
                  0000146c    0000000c                                   : typeinfo_.obj (.const:.typeinfo:_ZTIN10__cxxabiv120__si_class_type_infoE)
                  00001478    0000000c                                   : typeinfo_.obj (.const:.typeinfo:_ZTIN10__cxxabiv123__fundamental_type_infoE)
                  00001484    0000000c     Task.obj (.const:_ZTV4Task)
                  00001490    0000000c     S1Button.obj (.const:_ZTV8S1Button)
                  0000149c    0000000a     S1Button.obj (.const:.typeinfo:_ZTS8S1Button)
                  000014a6    00000002     --HOLE-- [fill = 0]
                  000014a8    00000008     LED.obj (.const:.typeinfo:_ZTI4Task)
                  000014b0    00000008     rtsv7M4_T_le_v4SPD16_eabi.lib : typeinfo_.obj (.const:.typeinfo:_ZTISt9type_info)
                  000014b8    00000008                                   : typeinfo_.obj (.const:.typeinfo:_ZTIe)
                  000014c0    00000006     LED.obj (.const:.typeinfo:_ZTS4Task)
                  000014c6    00000004     rtsv7M4_T_le_v4SPD16_eabi.lib : typeinfo_.obj (.const:.typeinfo:_ZTSPKe)

.cinit     0    000014d0    0000004c     
                  000014d0    00000025     (.cinit..data.load) [load image, compression = rle]
                  000014f5    00000003     --HOLE-- [fill = 0]
                  000014f8    0000000b     (.cinit..bss.load) [load image, compression = rle]
                  00001503    00000001     --HOLE-- [fill = 0]
                  00001504    00000008     (__TI_handler_table)
                  0000150c    00000010     (__TI_cinit_table)

.init_array 
*          0    000014cc    00000004     
                  000014cc    00000004     main.obj (.init_array)

.bss       0    20000000    00001428     UNINITIALIZED
                  20000000    00001418     main.obj (.bss:g_MainScheduler)
                  20001418    00000008     main.obj (.bss:ButtonTask)
                  20001420    00000004     (.common:_ZSt16__dummy_typeinfo)
                  20001424    00000004     (.common:g_bGlobalFlags)

.sysmem    0    20001428    00000400     UNINITIALIZED
                  20001428    00000008     rtsv7M4_T_le_v4SPD16_eabi.lib : memory.obj (.sysmem)
                  20001430    000003f8     --HOLE--

.data      0    20001828    00000034     UNINITIALIZED
                  20001828    0000000c     rtsv7M4_T_le_v4SPD16_eabi.lib : exit.obj (.data:$O1$$)
                  20001834    0000000c                                   : memory.obj (.data:$O1$$)
                  20001840    00000009     main.obj (.data)
                  20001849    00000003     --HOLE--
                  2000184c    00000008     rtsv7M4_T_le_v4SPD16_eabi.lib : _lock.obj (.data:$O1$$)
                  20001854    00000004                                   : stkdepth_vars.obj (.data)
                  20001858    00000004     system_msp432p401r.obj (.data)

.stack     0    2000fe00    00000200     UNINITIALIZED
                  2000fe00    00000200     --HOLE--

MODULE SUMMARY

       Module                        code   ro data   rw data
       ------                        ----   -------   -------
    ./
       main.obj                      364    4         10330  
       Scheduler.obj                 904    0         0      
       system_msp432p401r.obj        812    0         8      
       hardware.obj                  444    0         0      
       startup_msp432p401r_ccs.obj   14     228       0      
       S1Button.obj                  76     34        0      
       Task.obj                      60     12        0      
       LED.obj                       0      14        0      
    +--+-----------------------------+------+---------+---------+
       Total:                        2674   292       10338  
                                                             
    /home/fabian/local/CCS/ccsv6/tools/compiler/ti-cgt-arm_15.12.1.LTS/lib/rtsv7M4_T_le_v4SPD16_eabi.lib
       memory.obj                    988    0         24     
       typeinfo_.obj                 188    356       8      
       memcpy_t2.obj                 156    0         0      
       memset_t2.obj                 122    0         0      
       autoinit.obj                  112    0         0      
       copy_decompress_rle.obj       112    0         0      
       exit.obj                      84     0         24     
       boot.obj                      84     0         0      
       cpy_tbl.obj                   76     0         0      
       _lock.obj                     20     0         16     
       args_main.obj                 24     0         0      
       copy_decompress_none.obj      14     0         0      
       delete.obj                    8      0         0      
       stkdepth_vars.obj             0      0         8      
       pre_init.obj                  4      0         0      
       mpu_init.obj                  2      0         0      
       startup.obj                   2      0         0      
    +--+-----------------------------+------+---------+---------+
       Total:                        1996   356       80     
                                                             
       Heap:                         0      0         2048   
       Stack:                        0      0         1024   
       Linker Generated:             0      72        0      
    +--+-----------------------------+------+---------+---------+
       Grand Total:                  4670   720       13490  


LINKER GENERATED COPY TABLES

__TI_cinit_table @ 0000150c records: 2, size/record: 8, table size: 16
	.data: load addr=000014d0, load size=00000025 bytes, run addr=20001828, run size=00000034 bytes, compression=rle
	.bss: load addr=000014f8, load size=0000000b bytes, run addr=20000000, run size=00001428 bytes, compression=rle


LINKER GENERATED HANDLER TABLE

__TI_handler_table @ 00001504 records: 2, size/record: 4, table size: 8
	index: 0, handler: __TI_decompress_rle24
	index: 1, handler: __TI_decompress_none


GLOBAL SYMBOLS: SORTED ALPHABETICALLY BY Name 

address   name                                              
-------   ----                                              
00001303  ADC14_IRQHandler                                  
00001303  AES256_IRQHandler                                 
00001303  BusFault_Handler                                  
20001418  ButtonTask                                        
000011a1  C$$EXIT                                           
00001303  COMP_E0_IRQHandler                                
00001303  COMP_E1_IRQHandler                                
00001303  CS_IRQHandler                                     
00001303  DMA_ERR_IRQHandler                                
00001303  DMA_INT0_IRQHandler                               
00001303  DMA_INT1_IRQHandler                               
00001303  DMA_INT2_IRQHandler                               
00001303  DMA_INT3_IRQHandler                               
00001303  DebugMon_Handler                                  
00001303  Default_Handler                                   
00001303  EUSCIA0_IRQHandler                                
00001303  EUSCIA1_IRQHandler                                
00001303  EUSCIA2_IRQHandler                                
00001303  EUSCIA3_IRQHandler                                
00001303  EUSCIB0_IRQHandler                                
00001303  EUSCIB1_IRQHandler                                
00001303  EUSCIB2_IRQHandler                                
00001303  EUSCIB3_IRQHandler                                
00001303  FLCTL_IRQHandler                                  
00001303  FPU_IRQHandler                                    
00001303  HardFault_Handler                                 
00001303  MemManage_Handler                                 
00001303  NMI_Handler                                       
00001303  PCM_IRQHandler                                    
00000e2b  PORT1_IRQHandler                                  
00000e2b  PORT1_IRQHandler                                  
00001303  PORT2_IRQHandler                                  
00001303  PORT3_IRQHandler                                  
00001303  PORT4_IRQHandler                                  
00001303  PORT5_IRQHandler                                  
00001303  PORT6_IRQHandler                                  
00001303  PSS_IRQHandler                                    
00001303  PendSV_Handler                                    
00001303  RTC_C_IRQHandler                                  
000012f7  Reset_Handler                                     
000014cc  SHT$$INIT_ARRAY$$Base                             
000014d0  SHT$$INIT_ARRAY$$Limit                            
00001303  SVC_Handler                                       
00001303  SysTick_Handler                                   
20001858  SystemCoreClock                                   
00000849  SystemCoreClockUpdate                             
00000abd  SystemInit                                        
00000e03  T32_INT1_IRQHandler                               
00000e03  T32_INT1_IRQHandler                               
00001303  T32_INT2_IRQHandler                               
00001303  T32_INTC_IRQHandler                               
00001303  TA0_0_IRQHandler                                  
00001303  TA0_N_IRQHandler                                  
00001303  TA1_0_IRQHandler                                  
00001303  TA1_N_IRQHandler                                  
00001303  TA2_0_IRQHandler                                  
00001303  TA2_N_IRQHandler                                  
00001303  TA3_0_IRQHandler                                  
00001303  TA3_N_IRQHandler                                  
00001303  UsageFault_Handler                                
4000480c  WDTCTL_SYM                                        
00001303  WDT_A_IRQHandler                                  
00000bef  _Z10DisableWDTv                                   
00000bf9  _Z11ConfigP1LEDv                                  
00000c0b  _Z11ConfigP2LEDt                                  
00000cd3  _Z13ConfigTimer32j                                
00000bdf  _Z19EnableInterruptionsv                          
00000be7  _Z20DisableInterruptionsv                         
00000c8d  _Z23ConfigS1ButtonInterruptv                      
00000c47  _Z23ConfigS2ButtonInterruptv                      
00000dc5  _Z5Setupv                                         
00000f49  _ZN10__cxxabiv116__enum_type_infoD0Ev             
00000f47  _ZN10__cxxabiv116__enum_type_infoD1Ev             
00000f47  _ZN10__cxxabiv116__enum_type_infoD2Ev             
00000f3f  _ZN10__cxxabiv117__array_type_infoD0Ev            
00000f3d  _ZN10__cxxabiv117__array_type_infoD1Ev            
00000f3d  _ZN10__cxxabiv117__array_type_infoD2Ev            
00000f35  _ZN10__cxxabiv117__class_type_infoD0Ev            
00000f33  _ZN10__cxxabiv117__class_type_infoD1Ev            
00000f33  _ZN10__cxxabiv117__class_type_infoD2Ev            
00000f2b  _ZN10__cxxabiv117__pbase_type_infoD0Ev            
00000f29  _ZN10__cxxabiv117__pbase_type_infoD1Ev            
00000f29  _ZN10__cxxabiv117__pbase_type_infoD2Ev            
00000f21  _ZN10__cxxabiv119__pointer_type_infoD0Ev          
00000f1f  _ZN10__cxxabiv119__pointer_type_infoD1Ev          
00000f1f  _ZN10__cxxabiv119__pointer_type_infoD2Ev          
00000f17  _ZN10__cxxabiv120__function_type_infoD0Ev         
00000f15  _ZN10__cxxabiv120__function_type_infoD1Ev         
00000f15  _ZN10__cxxabiv120__function_type_infoD2Ev         
00000f0d  _ZN10__cxxabiv120__si_class_type_infoD0Ev         
00000f0b  _ZN10__cxxabiv120__si_class_type_infoD1Ev         
00000f0b  _ZN10__cxxabiv120__si_class_type_infoD2Ev         
00000f03  _ZN10__cxxabiv121__vmi_class_type_infoD0Ev        
00000f01  _ZN10__cxxabiv121__vmi_class_type_infoD1Ev        
00000f01  _ZN10__cxxabiv121__vmi_class_type_infoD2Ev        
00000ef9  _ZN10__cxxabiv123__fundamental_type_infoD0Ev      
00000ef7  _ZN10__cxxabiv123__fundamental_type_infoD1Ev      
00000ef7  _ZN10__cxxabiv123__fundamental_type_infoD2Ev      
00000eef  _ZN10__cxxabiv129__pointer_to_member_type_infoD0Ev
00000eed  _ZN10__cxxabiv129__pointer_to_member_type_infoD1Ev
00000eed  _ZN10__cxxabiv129__pointer_to_member_type_infoD2Ev
20001848  _ZN4Task14m_u8NextTaskIDE                         
00001305  _ZN4Task3runEv                                    
0000128d  _ZN4TaskC1Ev                                      
0000128d  _ZN4TaskC2Ev                                      
00001217  _ZN8S1Button3runEv                                
000011f5  _ZN8S1ButtonC1Ev                                  
000011f5  _ZN8S1ButtonC2Ev                                  
000006ed  _ZN9Scheduler18AddRecurringEventsEv               
000007bf  _ZN9Scheduler21CalculateNextScheduleEv            
0000083b  _ZN9Scheduler22SortScheduleByPriorityEP4Task      
00000683  _ZN9Scheduler3runEv                               
00000563  _ZN9Scheduler6attachEP4Task                       
000005c1  _ZN9Scheduler6attachEP4Tasktb                     
000004c1  _ZN9SchedulerC1Ev                                 
000004c1  _ZN9SchedulerC2Ev                                 
00000eaf  _ZNKSt9type_info4nameEv                           
00000edf  _ZNKSt9type_info6beforeERKS_                      
00000ec9  _ZNKSt9type_infoeqERKS_                           
00000eb3  _ZNKSt9type_infoneERKS_                           
00000ea7  _ZNSt9type_infoD0Ev                               
00000ea5  _ZNSt9type_infoD1Ev                               
00000ea5  _ZNSt9type_infoD2Ev                               
20001420  _ZSt16__dummy_typeinfo                            
00000e9d  _ZSt21__gen_dummy_typeinfosv                      
000014a8  _ZTI4Task                                         
0000143c  _ZTI8S1Button                                     
00001448  _ZTIN10__cxxabiv117__class_type_infoE             
00001454  _ZTIN10__cxxabiv117__pbase_type_infoE             
00001460  _ZTIN10__cxxabiv119__pointer_type_infoE           
0000146c  _ZTIN10__cxxabiv120__si_class_type_infoE          
00001478  _ZTIN10__cxxabiv123__fundamental_type_infoE       
000013dc  _ZTIPKe                                           
000014b0  _ZTISt9type_info                                  
000014b8  _ZTIe                                             
000014c0  _ZTS4Task                                         
0000149c  _ZTS8S1Button                                     
00001395  _ZTSN10__cxxabiv117__class_type_infoE             
000013b7  _ZTSN10__cxxabiv117__pbase_type_infoE             
00001371  _ZTSN10__cxxabiv119__pointer_type_infoE           
0000134c  _ZTSN10__cxxabiv120__si_class_type_infoE          
00001324  _ZTSN10__cxxabiv123__fundamental_type_infoE       
000014c6  _ZTSPKe                                           
0000142c  _ZTSSt9type_info                                  
000013d9  _ZTSe                                             
00001484  _ZTV4Task                                         
00001490  _ZTV8S1Button                                     
000013ec  _ZTVN10__cxxabiv117__class_type_infoE             
000013fc  _ZTVN10__cxxabiv119__pointer_type_infoE           
0000140c  _ZTVN10__cxxabiv120__si_class_type_infoE          
0000141c  _ZTVN10__cxxabiv123__fundamental_type_infoE       
00001311  _ZdlPv                                            
20010000  __STACK_END                                       
00000200  __STACK_SIZE                                      
00000400  __SYSMEM_SIZE                                     
0000150c  __TI_CINIT_Base                                   
0000151c  __TI_CINIT_Limit                                  
00001504  __TI_Handler_Table_Base                           
0000150c  __TI_Handler_Table_Limit                          
00001071  __TI_auto_init                                    
20001828  __TI_cleanup_ptr                                  
000012e9  __TI_decompress_none                              
00001319  __TI_decompress_rle24                             
2000182c  __TI_dtors_ptr                                    
20001830  __TI_enable_exit_profile_output                   
ffffffff  __TI_pprof_out_hndl                               
ffffffff  __TI_prof_data_size                               
ffffffff  __TI_prof_data_start                              
00000000  __TI_static_base__                                
00000ff5  __aeabi_memclr                                    
00000ff5  __aeabi_memclr4                                   
00000ff5  __aeabi_memclr8                                   
00000f59  __aeabi_memcpy                                    
00000f59  __aeabi_memcpy4                                   
00000f59  __aeabi_memcpy8                                   
00000ff7  __aeabi_memset                                    
00000ff7  __aeabi_memset4                                   
00000ff7  __aeabi_memset8                                   
ffffffff  __binit__                                         
ffffffff  __c_args__                                        
0000106f  __mpu_init                                        
2000fe00  __stack                                           
00000e51  __sti___8_main_cpp_937618a8                       
000012bd  _args_main                                        
0000114d  _c_int00                                          
2000184c  _lock                                             
000012e3  _nop                                              
000012db  _register_lock                                    
000012d5  _register_unlock                                  
20001428  _sys_memory                                       
0000114b  _system_post_cinit                                
0000131f  _system_pre_init                                  
20001850  _unlock                                           
000011a5  abort                                             
ffffffff  binit                                             
0000048d  calloc                                            
00001241  copy_in                                           
000011ad  exit                                              
000001db  free                                              
20000000  g_MainScheduler                                   
20001424  g_bGlobalFlags                                    
00000000  interruptVectors                                  
00000d9b  main                                              
20001854  main_func_sp                                      
00000173  malloc                                            
000003a9  memalign                                          
00000f59  memcpy                                            
00000ffd  memset                                            
000000e5  minit                                             
0000029d  realloc                                           


GLOBAL SYMBOLS: SORTED BY Symbol Address 

address   name                                              
-------   ----                                              
00000000  __TI_static_base__                                
00000000  interruptVectors                                  
000000e5  minit                                             
00000173  malloc                                            
000001db  free                                              
00000200  __STACK_SIZE                                      
0000029d  realloc                                           
000003a9  memalign                                          
00000400  __SYSMEM_SIZE                                     
0000048d  calloc                                            
000004c1  _ZN9SchedulerC1Ev                                 
000004c1  _ZN9SchedulerC2Ev                                 
00000563  _ZN9Scheduler6attachEP4Task                       
000005c1  _ZN9Scheduler6attachEP4Tasktb                     
00000683  _ZN9Scheduler3runEv                               
000006ed  _ZN9Scheduler18AddRecurringEventsEv               
000007bf  _ZN9Scheduler21CalculateNextScheduleEv            
0000083b  _ZN9Scheduler22SortScheduleByPriorityEP4Task      
00000849  SystemCoreClockUpdate                             
00000abd  SystemInit                                        
00000bdf  _Z19EnableInterruptionsv                          
00000be7  _Z20DisableInterruptionsv                         
00000bef  _Z10DisableWDTv                                   
00000bf9  _Z11ConfigP1LEDv                                  
00000c0b  _Z11ConfigP2LEDt                                  
00000c47  _Z23ConfigS2ButtonInterruptv                      
00000c8d  _Z23ConfigS1ButtonInterruptv                      
00000cd3  _Z13ConfigTimer32j                                
00000d9b  main                                              
00000dc5  _Z5Setupv                                         
00000e03  T32_INT1_IRQHandler                               
00000e03  T32_INT1_IRQHandler                               
00000e2b  PORT1_IRQHandler                                  
00000e2b  PORT1_IRQHandler                                  
00000e51  __sti___8_main_cpp_937618a8                       
00000e9d  _ZSt21__gen_dummy_typeinfosv                      
00000ea5  _ZNSt9type_infoD1Ev                               
00000ea5  _ZNSt9type_infoD2Ev                               
00000ea7  _ZNSt9type_infoD0Ev                               
00000eaf  _ZNKSt9type_info4nameEv                           
00000eb3  _ZNKSt9type_infoneERKS_                           
00000ec9  _ZNKSt9type_infoeqERKS_                           
00000edf  _ZNKSt9type_info6beforeERKS_                      
00000eed  _ZN10__cxxabiv129__pointer_to_member_type_infoD1Ev
00000eed  _ZN10__cxxabiv129__pointer_to_member_type_infoD2Ev
00000eef  _ZN10__cxxabiv129__pointer_to_member_type_infoD0Ev
00000ef7  _ZN10__cxxabiv123__fundamental_type_infoD1Ev      
00000ef7  _ZN10__cxxabiv123__fundamental_type_infoD2Ev      
00000ef9  _ZN10__cxxabiv123__fundamental_type_infoD0Ev      
00000f01  _ZN10__cxxabiv121__vmi_class_type_infoD1Ev        
00000f01  _ZN10__cxxabiv121__vmi_class_type_infoD2Ev        
00000f03  _ZN10__cxxabiv121__vmi_class_type_infoD0Ev        
00000f0b  _ZN10__cxxabiv120__si_class_type_infoD1Ev         
00000f0b  _ZN10__cxxabiv120__si_class_type_infoD2Ev         
00000f0d  _ZN10__cxxabiv120__si_class_type_infoD0Ev         
00000f15  _ZN10__cxxabiv120__function_type_infoD1Ev         
00000f15  _ZN10__cxxabiv120__function_type_infoD2Ev         
00000f17  _ZN10__cxxabiv120__function_type_infoD0Ev         
00000f1f  _ZN10__cxxabiv119__pointer_type_infoD1Ev          
00000f1f  _ZN10__cxxabiv119__pointer_type_infoD2Ev          
00000f21  _ZN10__cxxabiv119__pointer_type_infoD0Ev          
00000f29  _ZN10__cxxabiv117__pbase_type_infoD1Ev            
00000f29  _ZN10__cxxabiv117__pbase_type_infoD2Ev            
00000f2b  _ZN10__cxxabiv117__pbase_type_infoD0Ev            
00000f33  _ZN10__cxxabiv117__class_type_infoD1Ev            
00000f33  _ZN10__cxxabiv117__class_type_infoD2Ev            
00000f35  _ZN10__cxxabiv117__class_type_infoD0Ev            
00000f3d  _ZN10__cxxabiv117__array_type_infoD1Ev            
00000f3d  _ZN10__cxxabiv117__array_type_infoD2Ev            
00000f3f  _ZN10__cxxabiv117__array_type_infoD0Ev            
00000f47  _ZN10__cxxabiv116__enum_type_infoD1Ev             
00000f47  _ZN10__cxxabiv116__enum_type_infoD2Ev             
00000f49  _ZN10__cxxabiv116__enum_type_infoD0Ev             
00000f59  __aeabi_memcpy                                    
00000f59  __aeabi_memcpy4                                   
00000f59  __aeabi_memcpy8                                   
00000f59  memcpy                                            
00000ff5  __aeabi_memclr                                    
00000ff5  __aeabi_memclr4                                   
00000ff5  __aeabi_memclr8                                   
00000ff7  __aeabi_memset                                    
00000ff7  __aeabi_memset4                                   
00000ff7  __aeabi_memset8                                   
00000ffd  memset                                            
0000106f  __mpu_init                                        
00001071  __TI_auto_init                                    
0000114b  _system_post_cinit                                
0000114d  _c_int00                                          
000011a1  C$$EXIT                                           
000011a5  abort                                             
000011ad  exit                                              
000011f5  _ZN8S1ButtonC1Ev                                  
000011f5  _ZN8S1ButtonC2Ev                                  
00001217  _ZN8S1Button3runEv                                
00001241  copy_in                                           
0000128d  _ZN4TaskC1Ev                                      
0000128d  _ZN4TaskC2Ev                                      
000012bd  _args_main                                        
000012d5  _register_unlock                                  
000012db  _register_lock                                    
000012e3  _nop                                              
000012e9  __TI_decompress_none                              
000012f7  Reset_Handler                                     
00001303  ADC14_IRQHandler                                  
00001303  AES256_IRQHandler                                 
00001303  BusFault_Handler                                  
00001303  COMP_E0_IRQHandler                                
00001303  COMP_E1_IRQHandler                                
00001303  CS_IRQHandler                                     
00001303  DMA_ERR_IRQHandler                                
00001303  DMA_INT0_IRQHandler                               
00001303  DMA_INT1_IRQHandler                               
00001303  DMA_INT2_IRQHandler                               
00001303  DMA_INT3_IRQHandler                               
00001303  DebugMon_Handler                                  
00001303  Default_Handler                                   
00001303  EUSCIA0_IRQHandler                                
00001303  EUSCIA1_IRQHandler                                
00001303  EUSCIA2_IRQHandler                                
00001303  EUSCIA3_IRQHandler                                
00001303  EUSCIB0_IRQHandler                                
00001303  EUSCIB1_IRQHandler                                
00001303  EUSCIB2_IRQHandler                                
00001303  EUSCIB3_IRQHandler                                
00001303  FLCTL_IRQHandler                                  
00001303  FPU_IRQHandler                                    
00001303  HardFault_Handler                                 
00001303  MemManage_Handler                                 
00001303  NMI_Handler                                       
00001303  PCM_IRQHandler                                    
00001303  PORT2_IRQHandler                                  
00001303  PORT3_IRQHandler                                  
00001303  PORT4_IRQHandler                                  
00001303  PORT5_IRQHandler                                  
00001303  PORT6_IRQHandler                                  
00001303  PSS_IRQHandler                                    
00001303  PendSV_Handler                                    
00001303  RTC_C_IRQHandler                                  
00001303  SVC_Handler                                       
00001303  SysTick_Handler                                   
00001303  T32_INT2_IRQHandler                               
00001303  T32_INTC_IRQHandler                               
00001303  TA0_0_IRQHandler                                  
00001303  TA0_N_IRQHandler                                  
00001303  TA1_0_IRQHandler                                  
00001303  TA1_N_IRQHandler                                  
00001303  TA2_0_IRQHandler                                  
00001303  TA2_N_IRQHandler                                  
00001303  TA3_0_IRQHandler                                  
00001303  TA3_N_IRQHandler                                  
00001303  UsageFault_Handler                                
00001303  WDT_A_IRQHandler                                  
00001305  _ZN4Task3runEv                                    
00001311  _ZdlPv                                            
00001319  __TI_decompress_rle24                             
0000131f  _system_pre_init                                  
00001324  _ZTSN10__cxxabiv123__fundamental_type_infoE       
0000134c  _ZTSN10__cxxabiv120__si_class_type_infoE          
00001371  _ZTSN10__cxxabiv119__pointer_type_infoE           
00001395  _ZTSN10__cxxabiv117__class_type_infoE             
000013b7  _ZTSN10__cxxabiv117__pbase_type_infoE             
000013d9  _ZTSe                                             
000013dc  _ZTIPKe                                           
000013ec  _ZTVN10__cxxabiv117__class_type_infoE             
000013fc  _ZTVN10__cxxabiv119__pointer_type_infoE           
0000140c  _ZTVN10__cxxabiv120__si_class_type_infoE          
0000141c  _ZTVN10__cxxabiv123__fundamental_type_infoE       
0000142c  _ZTSSt9type_info                                  
0000143c  _ZTI8S1Button                                     
00001448  _ZTIN10__cxxabiv117__class_type_infoE             
00001454  _ZTIN10__cxxabiv117__pbase_type_infoE             
00001460  _ZTIN10__cxxabiv119__pointer_type_infoE           
0000146c  _ZTIN10__cxxabiv120__si_class_type_infoE          
00001478  _ZTIN10__cxxabiv123__fundamental_type_infoE       
00001484  _ZTV4Task                                         
00001490  _ZTV8S1Button                                     
0000149c  _ZTS8S1Button                                     
000014a8  _ZTI4Task                                         
000014b0  _ZTISt9type_info                                  
000014b8  _ZTIe                                             
000014c0  _ZTS4Task                                         
000014c6  _ZTSPKe                                           
000014cc  SHT$$INIT_ARRAY$$Base                             
000014d0  SHT$$INIT_ARRAY$$Limit                            
00001504  __TI_Handler_Table_Base                           
0000150c  __TI_CINIT_Base                                   
0000150c  __TI_Handler_Table_Limit                          
0000151c  __TI_CINIT_Limit                                  
20000000  g_MainScheduler                                   
20001418  ButtonTask                                        
20001420  _ZSt16__dummy_typeinfo                            
20001424  g_bGlobalFlags                                    
20001428  _sys_memory                                       
20001828  __TI_cleanup_ptr                                  
2000182c  __TI_dtors_ptr                                    
20001830  __TI_enable_exit_profile_output                   
20001848  _ZN4Task14m_u8NextTaskIDE                         
2000184c  _lock                                             
20001850  _unlock                                           
20001854  main_func_sp                                      
20001858  SystemCoreClock                                   
2000fe00  __stack                                           
20010000  __STACK_END                                       
4000480c  WDTCTL_SYM                                        
ffffffff  __TI_pprof_out_hndl                               
ffffffff  __TI_prof_data_size                               
ffffffff  __TI_prof_data_start                              
ffffffff  __binit__                                         
ffffffff  __c_args__                                        
ffffffff  binit                                             

[210 symbols]
