******************************************************************************
                  TI ARM Linker PC v15.12.3                    
******************************************************************************
>> Linked Wed Oct 12 20:41:32 2016

OUTPUT FILE NAME:   <EventHandler.out>
ENTRY POINT SYMBOL: "_c_int00"  address: 000011ad


MEMORY CONFIGURATION

         name            origin    length      used     unused   attr    fill
----------------------  --------  ---------  --------  --------  ----  --------
  MAIN                  00000000   00040000  00001578  0003ea88  R  X
  INFO                  00200000   00004000  00000000  00004000  R  X
  SRAM_CODE             01000000   00010000  00001a5c  0000e5a4  RW X
  SRAM_DATA             20000000   00010000  00001a5c  0000e5a4  RW  


SEGMENT ALLOCATION MAP

run origin  load origin   length   init length attrs members
----------  ----------- ---------- ----------- ----- -------
00000000    00000000    0000157c   0000157c    r-x
  00000000    00000000    000000e4   000000e4    r-- .intvecs
  000000e4    000000e4    0000129e   0000129e    r-x .text
  00001384    00001384    000001a6   000001a6    r-- .const
  0000152c    0000152c    00000004   00000004    r-- .init_array
  00001530    00001530    0000004c   0000004c    r-- .cinit
20000000    20000000    0000185c   00000000    rw-
  20000000    20000000    00001428   00000000    rw- .bss
  20001428    20001428    00000400   00000000    rw- .sysmem
  20001828    20001828    00000034   00000000    rw- .data
2000fe00    2000fe00    00000200   00000000    rw-
  2000fe00    2000fe00    00000200   00000000    rw- .stack


SECTION ALLOCATION MAP

 output                                  attributes/
section   page    origin      length       input sections
--------  ----  ----------  ----------   ----------------
.intvecs   0    00000000    000000e4     
                  00000000    000000e4     startup_msp432p401r_ccs.obj (.intvecs:retain)

.binit     0    00000000    00000000     

.text      0    000000e4    0000129e     
                  000000e4    000003dc     rtsv7M4_T_le_v4SPD16_eabi.lib : memory.obj (.text)
                  000004c0    00000388     Scheduler.obj (.text)
                  00000848    0000032c     system_msp432p401r.obj (.text)
                  00000b74    00000214     hardware.obj (.text)
                  00000d88    00000174     main.obj (.text)
                  00000efc    000000bc     rtsv7M4_T_le_v4SPD16_eabi.lib : typeinfo_.obj (.text)
                  00000fb8    0000009c                                   : memcpy_t2.obj (.text)
                  00001054    0000007a                                   : memset_t2.obj (.text)
                  000010ce    00000002                                   : mpu_init.obj (.text)
                  000010d0    00000070                                   : autoinit.obj (.text)
                  00001140    0000006a                                   : copy_decompress_rle.obj (.text)
                  000011aa    00000002                                   : startup.obj (.text)
                  000011ac    00000054                                   : boot.obj (.text)
                  00001200    00000054                                   : exit.obj (.text)
                  00001254    0000004c     S1Button.obj (.text)
                  000012a0    0000004c     rtsv7M4_T_le_v4SPD16_eabi.lib : cpy_tbl.obj (.text)
                  000012ec    00000030     Task.obj (.text)
                  0000131c    00000018     rtsv7M4_T_le_v4SPD16_eabi.lib : args_main.obj (.text)
                  00001334    00000014                                   : _lock.obj (.text)
                  00001348    0000000e                                   : copy_decompress_none.obj (.text:decompress:none)
                  00001356    0000000e     startup_msp432p401r_ccs.obj (.text)
                  00001364    0000000c     Task.obj (.text:_ZN4Task3runEv)
                  00001370    00000008     rtsv7M4_T_le_v4SPD16_eabi.lib : delete.obj (.text)
                  00001378    00000006                                   : copy_decompress_rle.obj (.text:decompress:rle24)
                  0000137e    00000004                                   : pre_init.obj (.text)

.const     0    00001384    000001a6     
                  00001384    00000028     rtsv7M4_T_le_v4SPD16_eabi.lib : typeinfo_.obj (.const:.typeinfo:_ZTSN10__cxxabiv123__fundamental_type_infoE)
                  000013ac    00000025                                   : typeinfo_.obj (.const:.typeinfo:_ZTSN10__cxxabiv120__si_class_type_infoE)
                  000013d1    00000024                                   : typeinfo_.obj (.const:.typeinfo:_ZTSN10__cxxabiv119__pointer_type_infoE)
                  000013f5    00000022                                   : typeinfo_.obj (.const:.typeinfo:_ZTSN10__cxxabiv117__class_type_infoE)
                  00001417    00000022                                   : typeinfo_.obj (.const:.typeinfo:_ZTSN10__cxxabiv117__pbase_type_infoE)
                  00001439    00000002                                   : typeinfo_.obj (.const:.typeinfo:_ZTSe)
                  0000143b    00000001     --HOLE-- [fill = 0]
                  0000143c    00000010                                   : typeinfo_.obj (.const:.typeinfo:_ZTIPKe)
                  0000144c    00000010                                   : typeinfo_.obj (.const:_ZTVN10__cxxabiv117__class_type_infoE)
                  0000145c    00000010                                   : typeinfo_.obj (.const:_ZTVN10__cxxabiv119__pointer_type_infoE)
                  0000146c    00000010                                   : typeinfo_.obj (.const:_ZTVN10__cxxabiv120__si_class_type_infoE)
                  0000147c    00000010                                   : typeinfo_.obj (.const:_ZTVN10__cxxabiv123__fundamental_type_infoE)
                  0000148c    0000000d                                   : typeinfo_.obj (.const:.typeinfo:_ZTSSt9type_info)
                  00001499    00000003     --HOLE-- [fill = 0]
                  0000149c    0000000c     S1Button.obj (.const:.typeinfo:_ZTI8S1Button)
                  000014a8    0000000c     rtsv7M4_T_le_v4SPD16_eabi.lib : typeinfo_.obj (.const:.typeinfo:_ZTIN10__cxxabiv117__class_type_infoE)
                  000014b4    0000000c                                   : typeinfo_.obj (.const:.typeinfo:_ZTIN10__cxxabiv117__pbase_type_infoE)
                  000014c0    0000000c                                   : typeinfo_.obj (.const:.typeinfo:_ZTIN10__cxxabiv119__pointer_type_infoE)
                  000014cc    0000000c                                   : typeinfo_.obj (.const:.typeinfo:_ZTIN10__cxxabiv120__si_class_type_infoE)
                  000014d8    0000000c                                   : typeinfo_.obj (.const:.typeinfo:_ZTIN10__cxxabiv123__fundamental_type_infoE)
                  000014e4    0000000c     Task.obj (.const:_ZTV4Task)
                  000014f0    0000000c     S1Button.obj (.const:_ZTV8S1Button)
                  000014fc    0000000a     S1Button.obj (.const:.typeinfo:_ZTS8S1Button)
                  00001506    00000002     --HOLE-- [fill = 0]
                  00001508    00000008     LED.obj (.const:.typeinfo:_ZTI4Task)
                  00001510    00000008     rtsv7M4_T_le_v4SPD16_eabi.lib : typeinfo_.obj (.const:.typeinfo:_ZTISt9type_info)
                  00001518    00000008                                   : typeinfo_.obj (.const:.typeinfo:_ZTIe)
                  00001520    00000006     LED.obj (.const:.typeinfo:_ZTS4Task)
                  00001526    00000004     rtsv7M4_T_le_v4SPD16_eabi.lib : typeinfo_.obj (.const:.typeinfo:_ZTSPKe)

.init_array 
*          0    0000152c    00000004     
                  0000152c    00000004     main.obj (.init_array)

.cinit     0    00001530    0000004c     
                  00001530    00000025     (.cinit..data.load) [load image, compression = rle]
                  00001555    00000003     --HOLE-- [fill = 0]
                  00001558    0000000b     (.cinit..bss.load) [load image, compression = rle]
                  00001563    00000001     --HOLE-- [fill = 0]
                  00001564    00000008     (__TI_handler_table)
                  0000156c    00000010     (__TI_cinit_table)

.bss       0    20000000    00001428     UNINITIALIZED
                  20000000    00001418     main.obj (.bss:g_MainScheduler)
                  20001418    00000008     main.obj (.bss:ButtonTask)
                  20001420    00000004     (.common:_ZSt16__dummy_typeinfo)
                  20001424    00000004     (.common:g_bGlobalFlags)

.sysmem    0    20001428    00000400     UNINITIALIZED
                  20001428    00000008     rtsv7M4_T_le_v4SPD16_eabi.lib : memory.obj (.sysmem)
                  20001430    000003f8     --HOLE--

.data      0    20001828    00000034     UNINITIALIZED
                  20001828    0000000c     rtsv7M4_T_le_v4SPD16_eabi.lib : exit.obj (.data:$O1$$)
                  20001834    0000000c                                   : memory.obj (.data:$O1$$)
                  20001840    00000009     main.obj (.data)
                  20001849    00000003     --HOLE--
                  2000184c    00000008     rtsv7M4_T_le_v4SPD16_eabi.lib : _lock.obj (.data:$O1$$)
                  20001854    00000004                                   : stkdepth_vars.obj (.data)
                  20001858    00000004     system_msp432p401r.obj (.data)

.stack     0    2000fe00    00000200     UNINITIALIZED
                  2000fe00    00000200     --HOLE--

MODULE SUMMARY

       Module                        code   ro data   rw data
       ------                        ----   -------   -------
    .\
       main.obj                      372    4         10330  
       Scheduler.obj                 904    0         0      
       system_msp432p401r.obj        812    0         8      
       hardware.obj                  532    0         0      
       startup_msp432p401r_ccs.obj   14     228       0      
       S1Button.obj                  76     34        0      
       Task.obj                      60     12        0      
       LED.obj                       0      14        0      
    +--+-----------------------------+------+---------+---------+
       Total:                        2770   292       10338  
                                                             
    C:\ti\ccsv6\tools\compiler\arm_15.12.3.LTS\lib\rtsv7M4_T_le_v4SPD16_eabi.lib
       memory.obj                    988    0         24     
       typeinfo_.obj                 188    356       8      
       memcpy_t2.obj                 156    0         0      
       memset_t2.obj                 122    0         0      
       autoinit.obj                  112    0         0      
       copy_decompress_rle.obj       112    0         0      
       exit.obj                      84     0         24     
       boot.obj                      84     0         0      
       cpy_tbl.obj                   76     0         0      
       _lock.obj                     20     0         16     
       args_main.obj                 24     0         0      
       copy_decompress_none.obj      14     0         0      
       delete.obj                    8      0         0      
       stkdepth_vars.obj             0      0         8      
       pre_init.obj                  4      0         0      
       mpu_init.obj                  2      0         0      
       startup.obj                   2      0         0      
    +--+-----------------------------+------+---------+---------+
       Total:                        1996   356       80     
                                                             
       Heap:                         0      0         2048   
       Stack:                        0      0         1024   
       Linker Generated:             0      72        0      
    +--+-----------------------------+------+---------+---------+
       Grand Total:                  4766   720       13490  


LINKER GENERATED COPY TABLES

__TI_cinit_table @ 0000156c records: 2, size/record: 8, table size: 16
	.data: load addr=00001530, load size=00000025 bytes, run addr=20001828, run size=00000034 bytes, compression=rle
	.bss: load addr=00001558, load size=0000000b bytes, run addr=20000000, run size=00001428 bytes, compression=rle


LINKER GENERATED HANDLER TABLE

__TI_handler_table @ 00001564 records: 2, size/record: 4, table size: 8
	index: 0, handler: __TI_decompress_rle24
	index: 1, handler: __TI_decompress_none


GLOBAL SYMBOLS: SORTED ALPHABETICALLY BY Name 

address   name                                              
-------   ----                                              
00001363  ADC14_IRQHandler                                  
00001363  AES256_IRQHandler                                 
00001363  BusFault_Handler                                  
20001418  ButtonTask                                        
00001201  C$$EXIT                                           
00001363  COMP_E0_IRQHandler                                
00001363  COMP_E1_IRQHandler                                
00001363  CS_IRQHandler                                     
00001363  DMA_ERR_IRQHandler                                
00001363  DMA_INT0_IRQHandler                               
00001363  DMA_INT1_IRQHandler                               
00001363  DMA_INT2_IRQHandler                               
00001363  DMA_INT3_IRQHandler                               
00001363  DebugMon_Handler                                  
00001363  Default_Handler                                   
00001363  EUSCIA0_IRQHandler                                
00001363  EUSCIA1_IRQHandler                                
00001363  EUSCIA2_IRQHandler                                
00001363  EUSCIA3_IRQHandler                                
00001363  EUSCIB0_IRQHandler                                
00001363  EUSCIB1_IRQHandler                                
00001363  EUSCIB2_IRQHandler                                
00001363  EUSCIB3_IRQHandler                                
00001363  FLCTL_IRQHandler                                  
00001363  FPU_IRQHandler                                    
00001363  HardFault_Handler                                 
00001363  MemManage_Handler                                 
00001363  NMI_Handler                                       
00001363  PCM_IRQHandler                                    
00000e8b  PORT1_IRQHandler                                  
00000e8b  PORT1_IRQHandler                                  
00001363  PORT2_IRQHandler                                  
00001363  PORT3_IRQHandler                                  
00001363  PORT4_IRQHandler                                  
00001363  PORT5_IRQHandler                                  
00001363  PORT6_IRQHandler                                  
00001363  PSS_IRQHandler                                    
00001363  PendSV_Handler                                    
00001363  RTC_C_IRQHandler                                  
00001357  Reset_Handler                                     
0000152c  SHT$$INIT_ARRAY$$Base                             
00001530  SHT$$INIT_ARRAY$$Limit                            
00001363  SVC_Handler                                       
00001363  SysTick_Handler                                   
20001858  SystemCoreClock                                   
00000849  SystemCoreClockUpdate                             
00000abd  SystemInit                                        
00000e63  T32_INT1_IRQHandler                               
00000e63  T32_INT1_IRQHandler                               
00001363  T32_INT2_IRQHandler                               
00001363  T32_INTC_IRQHandler                               
00001363  TA0_0_IRQHandler                                  
00001363  TA0_N_IRQHandler                                  
00001363  TA1_0_IRQHandler                                  
00001363  TA1_N_IRQHandler                                  
00001363  TA2_0_IRQHandler                                  
00001363  TA2_N_IRQHandler                                  
00001363  TA3_0_IRQHandler                                  
00001363  TA3_N_IRQHandler                                  
00001363  UsageFault_Handler                                
4000480c  WDTCTL_SYM                                        
00001363  WDT_A_IRQHandler                                  
00000bef  _Z10DisableWDTv                                   
00000bf9  _Z11ConfigP1LEDv                                  
00000c0b  _Z11ConfigP2LEDt                                  
00000c47  _Z11ConfigP2PWMv                                  
00000d15  _Z12ConfigTimerAv                                 
00000cf3  _Z13ConfigTimer32j                                
00000bdf  _Z19EnableInterruptionsv                          
00000be7  _Z20DisableInterruptionsv                         
00000cad  _Z23ConfigS1ButtonInterruptv                      
00000c67  _Z23ConfigS2ButtonInterruptv                      
00000e1d  _Z5Setupv                                         
00000fa9  _ZN10__cxxabiv116__enum_type_infoD0Ev             
00000fa7  _ZN10__cxxabiv116__enum_type_infoD1Ev             
00000fa7  _ZN10__cxxabiv116__enum_type_infoD2Ev             
00000f9f  _ZN10__cxxabiv117__array_type_infoD0Ev            
00000f9d  _ZN10__cxxabiv117__array_type_infoD1Ev            
00000f9d  _ZN10__cxxabiv117__array_type_infoD2Ev            
00000f95  _ZN10__cxxabiv117__class_type_infoD0Ev            
00000f93  _ZN10__cxxabiv117__class_type_infoD1Ev            
00000f93  _ZN10__cxxabiv117__class_type_infoD2Ev            
00000f8b  _ZN10__cxxabiv117__pbase_type_infoD0Ev            
00000f89  _ZN10__cxxabiv117__pbase_type_infoD1Ev            
00000f89  _ZN10__cxxabiv117__pbase_type_infoD2Ev            
00000f81  _ZN10__cxxabiv119__pointer_type_infoD0Ev          
00000f7f  _ZN10__cxxabiv119__pointer_type_infoD1Ev          
00000f7f  _ZN10__cxxabiv119__pointer_type_infoD2Ev          
00000f77  _ZN10__cxxabiv120__function_type_infoD0Ev         
00000f75  _ZN10__cxxabiv120__function_type_infoD1Ev         
00000f75  _ZN10__cxxabiv120__function_type_infoD2Ev         
00000f6d  _ZN10__cxxabiv120__si_class_type_infoD0Ev         
00000f6b  _ZN10__cxxabiv120__si_class_type_infoD1Ev         
00000f6b  _ZN10__cxxabiv120__si_class_type_infoD2Ev         
00000f63  _ZN10__cxxabiv121__vmi_class_type_infoD0Ev        
00000f61  _ZN10__cxxabiv121__vmi_class_type_infoD1Ev        
00000f61  _ZN10__cxxabiv121__vmi_class_type_infoD2Ev        
00000f59  _ZN10__cxxabiv123__fundamental_type_infoD0Ev      
00000f57  _ZN10__cxxabiv123__fundamental_type_infoD1Ev      
00000f57  _ZN10__cxxabiv123__fundamental_type_infoD2Ev      
00000f4f  _ZN10__cxxabiv129__pointer_to_member_type_infoD0Ev
00000f4d  _ZN10__cxxabiv129__pointer_to_member_type_infoD1Ev
00000f4d  _ZN10__cxxabiv129__pointer_to_member_type_infoD2Ev
20001848  _ZN4Task14m_u8NextTaskIDE                         
00001365  _ZN4Task3runEv                                    
000012ed  _ZN4TaskC1Ev                                      
000012ed  _ZN4TaskC2Ev                                      
00001277  _ZN8S1Button3runEv                                
00001255  _ZN8S1ButtonC1Ev                                  
00001255  _ZN8S1ButtonC2Ev                                  
000006ed  _ZN9Scheduler18AddRecurringEventsEv               
000007bf  _ZN9Scheduler21CalculateNextScheduleEv            
0000083b  _ZN9Scheduler22SortScheduleByPriorityEP4Task      
00000683  _ZN9Scheduler3runEv                               
00000563  _ZN9Scheduler6attachEP4Task                       
000005c1  _ZN9Scheduler6attachEP4Tasktb                     
000004c1  _ZN9SchedulerC1Ev                                 
000004c1  _ZN9SchedulerC2Ev                                 
00000f0f  _ZNKSt9type_info4nameEv                           
00000f3f  _ZNKSt9type_info6beforeERKS_                      
00000f29  _ZNKSt9type_infoeqERKS_                           
00000f13  _ZNKSt9type_infoneERKS_                           
00000f07  _ZNSt9type_infoD0Ev                               
00000f05  _ZNSt9type_infoD1Ev                               
00000f05  _ZNSt9type_infoD2Ev                               
20001420  _ZSt16__dummy_typeinfo                            
00000efd  _ZSt21__gen_dummy_typeinfosv                      
00001508  _ZTI4Task                                         
0000149c  _ZTI8S1Button                                     
000014a8  _ZTIN10__cxxabiv117__class_type_infoE             
000014b4  _ZTIN10__cxxabiv117__pbase_type_infoE             
000014c0  _ZTIN10__cxxabiv119__pointer_type_infoE           
000014cc  _ZTIN10__cxxabiv120__si_class_type_infoE          
000014d8  _ZTIN10__cxxabiv123__fundamental_type_infoE       
0000143c  _ZTIPKe                                           
00001510  _ZTISt9type_info                                  
00001518  _ZTIe                                             
00001520  _ZTS4Task                                         
000014fc  _ZTS8S1Button                                     
000013f5  _ZTSN10__cxxabiv117__class_type_infoE             
00001417  _ZTSN10__cxxabiv117__pbase_type_infoE             
000013d1  _ZTSN10__cxxabiv119__pointer_type_infoE           
000013ac  _ZTSN10__cxxabiv120__si_class_type_infoE          
00001384  _ZTSN10__cxxabiv123__fundamental_type_infoE       
00001526  _ZTSPKe                                           
0000148c  _ZTSSt9type_info                                  
00001439  _ZTSe                                             
000014e4  _ZTV4Task                                         
000014f0  _ZTV8S1Button                                     
0000144c  _ZTVN10__cxxabiv117__class_type_infoE             
0000145c  _ZTVN10__cxxabiv119__pointer_type_infoE           
0000146c  _ZTVN10__cxxabiv120__si_class_type_infoE          
0000147c  _ZTVN10__cxxabiv123__fundamental_type_infoE       
00001371  _ZdlPv                                            
20010000  __STACK_END                                       
00000200  __STACK_SIZE                                      
00000400  __SYSMEM_SIZE                                     
0000156c  __TI_CINIT_Base                                   
0000157c  __TI_CINIT_Limit                                  
00001564  __TI_Handler_Table_Base                           
0000156c  __TI_Handler_Table_Limit                          
000010d1  __TI_auto_init                                    
20001828  __TI_cleanup_ptr                                  
00001349  __TI_decompress_none                              
00001379  __TI_decompress_rle24                             
2000182c  __TI_dtors_ptr                                    
20001830  __TI_enable_exit_profile_output                   
ffffffff  __TI_pprof_out_hndl                               
ffffffff  __TI_prof_data_size                               
ffffffff  __TI_prof_data_start                              
00000000  __TI_static_base__                                
00001055  __aeabi_memclr                                    
00001055  __aeabi_memclr4                                   
00001055  __aeabi_memclr8                                   
00000fb9  __aeabi_memcpy                                    
00000fb9  __aeabi_memcpy4                                   
00000fb9  __aeabi_memcpy8                                   
00001057  __aeabi_memset                                    
00001057  __aeabi_memset4                                   
00001057  __aeabi_memset8                                   
ffffffff  __binit__                                         
ffffffff  __c_args__                                        
000010cf  __mpu_init                                        
2000fe00  __stack                                           
00000eb1  __sti___8_main_cpp_937618a8                       
0000131d  _args_main                                        
000011ad  _c_int00                                          
2000184c  _lock                                             
00001343  _nop                                              
0000133b  _register_lock                                    
00001335  _register_unlock                                  
20001428  _sys_memory                                       
000011ab  _system_post_cinit                                
0000137f  _system_pre_init                                  
20001850  _unlock                                           
00001205  abort                                             
ffffffff  binit                                             
0000048d  calloc                                            
000012a1  copy_in                                           
0000120d  exit                                              
000001db  free                                              
20000000  g_MainScheduler                                   
20001424  g_bGlobalFlags                                    
00000000  interruptVectors                                  
00000df3  main                                              
20001854  main_func_sp                                      
00000173  malloc                                            
000003a9  memalign                                          
00000fb9  memcpy                                            
0000105d  memset                                            
000000e5  minit                                             
0000029d  realloc                                           


GLOBAL SYMBOLS: SORTED BY Symbol Address 

address   name                                              
-------   ----                                              
00000000  __TI_static_base__                                
00000000  interruptVectors                                  
000000e5  minit                                             
00000173  malloc                                            
000001db  free                                              
00000200  __STACK_SIZE                                      
0000029d  realloc                                           
000003a9  memalign                                          
00000400  __SYSMEM_SIZE                                     
0000048d  calloc                                            
000004c1  _ZN9SchedulerC1Ev                                 
000004c1  _ZN9SchedulerC2Ev                                 
00000563  _ZN9Scheduler6attachEP4Task                       
000005c1  _ZN9Scheduler6attachEP4Tasktb                     
00000683  _ZN9Scheduler3runEv                               
000006ed  _ZN9Scheduler18AddRecurringEventsEv               
000007bf  _ZN9Scheduler21CalculateNextScheduleEv            
0000083b  _ZN9Scheduler22SortScheduleByPriorityEP4Task      
00000849  SystemCoreClockUpdate                             
00000abd  SystemInit                                        
00000bdf  _Z19EnableInterruptionsv                          
00000be7  _Z20DisableInterruptionsv                         
00000bef  _Z10DisableWDTv                                   
00000bf9  _Z11ConfigP1LEDv                                  
00000c0b  _Z11ConfigP2LEDt                                  
00000c47  _Z11ConfigP2PWMv                                  
00000c67  _Z23ConfigS2ButtonInterruptv                      
00000cad  _Z23ConfigS1ButtonInterruptv                      
00000cf3  _Z13ConfigTimer32j                                
00000d15  _Z12ConfigTimerAv                                 
00000df3  main                                              
00000e1d  _Z5Setupv                                         
00000e63  T32_INT1_IRQHandler                               
00000e63  T32_INT1_IRQHandler                               
00000e8b  PORT1_IRQHandler                                  
00000e8b  PORT1_IRQHandler                                  
00000eb1  __sti___8_main_cpp_937618a8                       
00000efd  _ZSt21__gen_dummy_typeinfosv                      
00000f05  _ZNSt9type_infoD1Ev                               
00000f05  _ZNSt9type_infoD2Ev                               
00000f07  _ZNSt9type_infoD0Ev                               
00000f0f  _ZNKSt9type_info4nameEv                           
00000f13  _ZNKSt9type_infoneERKS_                           
00000f29  _ZNKSt9type_infoeqERKS_                           
00000f3f  _ZNKSt9type_info6beforeERKS_                      
00000f4d  _ZN10__cxxabiv129__pointer_to_member_type_infoD1Ev
00000f4d  _ZN10__cxxabiv129__pointer_to_member_type_infoD2Ev
00000f4f  _ZN10__cxxabiv129__pointer_to_member_type_infoD0Ev
00000f57  _ZN10__cxxabiv123__fundamental_type_infoD1Ev      
00000f57  _ZN10__cxxabiv123__fundamental_type_infoD2Ev      
00000f59  _ZN10__cxxabiv123__fundamental_type_infoD0Ev      
00000f61  _ZN10__cxxabiv121__vmi_class_type_infoD1Ev        
00000f61  _ZN10__cxxabiv121__vmi_class_type_infoD2Ev        
00000f63  _ZN10__cxxabiv121__vmi_class_type_infoD0Ev        
00000f6b  _ZN10__cxxabiv120__si_class_type_infoD1Ev         
00000f6b  _ZN10__cxxabiv120__si_class_type_infoD2Ev         
00000f6d  _ZN10__cxxabiv120__si_class_type_infoD0Ev         
00000f75  _ZN10__cxxabiv120__function_type_infoD1Ev         
00000f75  _ZN10__cxxabiv120__function_type_infoD2Ev         
00000f77  _ZN10__cxxabiv120__function_type_infoD0Ev         
00000f7f  _ZN10__cxxabiv119__pointer_type_infoD1Ev          
00000f7f  _ZN10__cxxabiv119__pointer_type_infoD2Ev          
00000f81  _ZN10__cxxabiv119__pointer_type_infoD0Ev          
00000f89  _ZN10__cxxabiv117__pbase_type_infoD1Ev            
00000f89  _ZN10__cxxabiv117__pbase_type_infoD2Ev            
00000f8b  _ZN10__cxxabiv117__pbase_type_infoD0Ev            
00000f93  _ZN10__cxxabiv117__class_type_infoD1Ev            
00000f93  _ZN10__cxxabiv117__class_type_infoD2Ev            
00000f95  _ZN10__cxxabiv117__class_type_infoD0Ev            
00000f9d  _ZN10__cxxabiv117__array_type_infoD1Ev            
00000f9d  _ZN10__cxxabiv117__array_type_infoD2Ev            
00000f9f  _ZN10__cxxabiv117__array_type_infoD0Ev            
00000fa7  _ZN10__cxxabiv116__enum_type_infoD1Ev             
00000fa7  _ZN10__cxxabiv116__enum_type_infoD2Ev             
00000fa9  _ZN10__cxxabiv116__enum_type_infoD0Ev             
00000fb9  __aeabi_memcpy                                    
00000fb9  __aeabi_memcpy4                                   
00000fb9  __aeabi_memcpy8                                   
00000fb9  memcpy                                            
00001055  __aeabi_memclr                                    
00001055  __aeabi_memclr4                                   
00001055  __aeabi_memclr8                                   
00001057  __aeabi_memset                                    
00001057  __aeabi_memset4                                   
00001057  __aeabi_memset8                                   
0000105d  memset                                            
000010cf  __mpu_init                                        
000010d1  __TI_auto_init                                    
000011ab  _system_post_cinit                                
000011ad  _c_int00                                          
00001201  C$$EXIT                                           
00001205  abort                                             
0000120d  exit                                              
00001255  _ZN8S1ButtonC1Ev                                  
00001255  _ZN8S1ButtonC2Ev                                  
00001277  _ZN8S1Button3runEv                                
000012a1  copy_in                                           
000012ed  _ZN4TaskC1Ev                                      
000012ed  _ZN4TaskC2Ev                                      
0000131d  _args_main                                        
00001335  _register_unlock                                  
0000133b  _register_lock                                    
00001343  _nop                                              
00001349  __TI_decompress_none                              
00001357  Reset_Handler                                     
00001363  ADC14_IRQHandler                                  
00001363  AES256_IRQHandler                                 
00001363  BusFault_Handler                                  
00001363  COMP_E0_IRQHandler                                
00001363  COMP_E1_IRQHandler                                
00001363  CS_IRQHandler                                     
00001363  DMA_ERR_IRQHandler                                
00001363  DMA_INT0_IRQHandler                               
00001363  DMA_INT1_IRQHandler                               
00001363  DMA_INT2_IRQHandler                               
00001363  DMA_INT3_IRQHandler                               
00001363  DebugMon_Handler                                  
00001363  Default_Handler                                   
00001363  EUSCIA0_IRQHandler                                
00001363  EUSCIA1_IRQHandler                                
00001363  EUSCIA2_IRQHandler                                
00001363  EUSCIA3_IRQHandler                                
00001363  EUSCIB0_IRQHandler                                
00001363  EUSCIB1_IRQHandler                                
00001363  EUSCIB2_IRQHandler                                
00001363  EUSCIB3_IRQHandler                                
00001363  FLCTL_IRQHandler                                  
00001363  FPU_IRQHandler                                    
00001363  HardFault_Handler                                 
00001363  MemManage_Handler                                 
00001363  NMI_Handler                                       
00001363  PCM_IRQHandler                                    
00001363  PORT2_IRQHandler                                  
00001363  PORT3_IRQHandler                                  
00001363  PORT4_IRQHandler                                  
00001363  PORT5_IRQHandler                                  
00001363  PORT6_IRQHandler                                  
00001363  PSS_IRQHandler                                    
00001363  PendSV_Handler                                    
00001363  RTC_C_IRQHandler                                  
00001363  SVC_Handler                                       
00001363  SysTick_Handler                                   
00001363  T32_INT2_IRQHandler                               
00001363  T32_INTC_IRQHandler                               
00001363  TA0_0_IRQHandler                                  
00001363  TA0_N_IRQHandler                                  
00001363  TA1_0_IRQHandler                                  
00001363  TA1_N_IRQHandler                                  
00001363  TA2_0_IRQHandler                                  
00001363  TA2_N_IRQHandler                                  
00001363  TA3_0_IRQHandler                                  
00001363  TA3_N_IRQHandler                                  
00001363  UsageFault_Handler                                
00001363  WDT_A_IRQHandler                                  
00001365  _ZN4Task3runEv                                    
00001371  _ZdlPv                                            
00001379  __TI_decompress_rle24                             
0000137f  _system_pre_init                                  
00001384  _ZTSN10__cxxabiv123__fundamental_type_infoE       
000013ac  _ZTSN10__cxxabiv120__si_class_type_infoE          
000013d1  _ZTSN10__cxxabiv119__pointer_type_infoE           
000013f5  _ZTSN10__cxxabiv117__class_type_infoE             
00001417  _ZTSN10__cxxabiv117__pbase_type_infoE             
00001439  _ZTSe                                             
0000143c  _ZTIPKe                                           
0000144c  _ZTVN10__cxxabiv117__class_type_infoE             
0000145c  _ZTVN10__cxxabiv119__pointer_type_infoE           
0000146c  _ZTVN10__cxxabiv120__si_class_type_infoE          
0000147c  _ZTVN10__cxxabiv123__fundamental_type_infoE       
0000148c  _ZTSSt9type_info                                  
0000149c  _ZTI8S1Button                                     
000014a8  _ZTIN10__cxxabiv117__class_type_infoE             
000014b4  _ZTIN10__cxxabiv117__pbase_type_infoE             
000014c0  _ZTIN10__cxxabiv119__pointer_type_infoE           
000014cc  _ZTIN10__cxxabiv120__si_class_type_infoE          
000014d8  _ZTIN10__cxxabiv123__fundamental_type_infoE       
000014e4  _ZTV4Task                                         
000014f0  _ZTV8S1Button                                     
000014fc  _ZTS8S1Button                                     
00001508  _ZTI4Task                                         
00001510  _ZTISt9type_info                                  
00001518  _ZTIe                                             
00001520  _ZTS4Task                                         
00001526  _ZTSPKe                                           
0000152c  SHT$$INIT_ARRAY$$Base                             
00001530  SHT$$INIT_ARRAY$$Limit                            
00001564  __TI_Handler_Table_Base                           
0000156c  __TI_CINIT_Base                                   
0000156c  __TI_Handler_Table_Limit                          
0000157c  __TI_CINIT_Limit                                  
20000000  g_MainScheduler                                   
20001418  ButtonTask                                        
20001420  _ZSt16__dummy_typeinfo                            
20001424  g_bGlobalFlags                                    
20001428  _sys_memory                                       
20001828  __TI_cleanup_ptr                                  
2000182c  __TI_dtors_ptr                                    
20001830  __TI_enable_exit_profile_output                   
20001848  _ZN4Task14m_u8NextTaskIDE                         
2000184c  _lock                                             
20001850  _unlock                                           
20001854  main_func_sp                                      
20001858  SystemCoreClock                                   
2000fe00  __stack                                           
20010000  __STACK_END                                       
4000480c  WDTCTL_SYM                                        
ffffffff  __TI_pprof_out_hndl                               
ffffffff  __TI_prof_data_size                               
ffffffff  __TI_prof_data_start                              
ffffffff  __binit__                                         
ffffffff  __c_args__                                        
ffffffff  binit                                             

[212 symbols]
