******************************************************************************
                  TI ARM Linker Unix v15.12.3                  
******************************************************************************
>> Linked Wed Oct 12 20:52:12 2016

OUTPUT FILE NAME:   <EventHandler.out>
ENTRY POINT SYMBOL: "_c_int00"  address: 000012c9


MEMORY CONFIGURATION

         name            origin    length      used     unused   attr    fill
----------------------  --------  ---------  --------  --------  ----  --------
  MAIN                  00000000   00040000  000016a0  0003e960  R  X
  INFO                  00200000   00004000  00000000  00004000  R  X
  SRAM_CODE             01000000   00010000  00001b4c  0000e4b4  RW X
  SRAM_DATA             20000000   00010000  00001b4c  0000e4b4  RW  


SEGMENT ALLOCATION MAP

run origin  load origin   length   init length attrs members
----------  ----------- ---------- ----------- ----- -------
00000000    00000000    000016a4   000016a4    r-x
  00000000    00000000    000000e4   000000e4    r-- .intvecs
  000000e4    000000e4    000013c6   000013c6    r-x .text
  000014ac    000014ac    000001a6   000001a6    r-- .const
  00001654    00001654    00000004   00000004    r-- .init_array
  00001658    00001658    0000004c   0000004c    r-- .cinit
20000000    20000000    0000194c   00000000    rw-
  20000000    20000000    00001518   00000000    rw- .bss
  20001518    20001518    00000400   00000000    rw- .sysmem
  20001918    20001918    00000034   00000000    rw- .data
2000fe00    2000fe00    00000200   00000000    rw-
  2000fe00    2000fe00    00000200   00000000    rw- .stack


SECTION ALLOCATION MAP

 output                                  attributes/
section   page    origin      length       input sections
--------  ----  ----------  ----------   ----------------
.intvecs   0    00000000    000000e4     
                  00000000    000000e4     startup_msp432p401r_ccs.obj (.intvecs:retain)

.binit     0    00000000    00000000     

.text      0    000000e4    000013c6     
                  000000e4    00000504     Scheduler.obj (.text)
                  000005e8    000003dc     rtsv7M4_T_le_v4SPD16_eabi.lib : memory.obj (.text)
                  000009c4    0000032c     system_msp432p401r.obj (.text)
                  00000cf0    000001bc     hardware.obj (.text)
                  00000eac    0000016c     main.obj (.text)
                  00001018    000000bc     rtsv7M4_T_le_v4SPD16_eabi.lib : typeinfo_.obj (.text)
                  000010d4    0000009c                                   : memcpy_t2.obj (.text)
                  00001170    0000007a                                   : memset_t2.obj (.text)
                  000011ea    00000002                                   : mpu_init.obj (.text)
                  000011ec    00000070                                   : autoinit.obj (.text)
                  0000125c    0000006a                                   : copy_decompress_rle.obj (.text)
                  000012c6    00000002                                   : startup.obj (.text)
                  000012c8    00000054                                   : boot.obj (.text)
                  0000131c    00000054                                   : exit.obj (.text)
                  00001370    0000004c     S1Button.obj (.text)
                  000013bc    0000004c     rtsv7M4_T_le_v4SPD16_eabi.lib : cpy_tbl.obj (.text)
                  00001408    00000030     Task.obj (.text)
                  00001438    00000018     rtsv7M4_T_le_v4SPD16_eabi.lib : args_main.obj (.text)
                  00001450    00000014                                   : _lock.obj (.text)
                  00001464    0000000e                                   : copy_decompress_none.obj (.text:decompress:none)
                  00001472    0000000e     startup_msp432p401r_ccs.obj (.text)
                  00001480    0000000c     Scheduler.obj (.text:_ZN4Task14ProcessMessageENS_7MessageE)
                  0000148c    0000000c     Task.obj (.text:_ZN4Task3runEv)
                  00001498    00000008     rtsv7M4_T_le_v4SPD16_eabi.lib : delete.obj (.text)
                  000014a0    00000006                                   : copy_decompress_rle.obj (.text:decompress:rle24)
                  000014a6    00000004                                   : pre_init.obj (.text)

.const     0    000014ac    000001a6     
                  000014ac    00000028     rtsv7M4_T_le_v4SPD16_eabi.lib : typeinfo_.obj (.const:.typeinfo:_ZTSN10__cxxabiv123__fundamental_type_infoE)
                  000014d4    00000025                                   : typeinfo_.obj (.const:.typeinfo:_ZTSN10__cxxabiv120__si_class_type_infoE)
                  000014f9    00000024                                   : typeinfo_.obj (.const:.typeinfo:_ZTSN10__cxxabiv119__pointer_type_infoE)
                  0000151d    00000022                                   : typeinfo_.obj (.const:.typeinfo:_ZTSN10__cxxabiv117__class_type_infoE)
                  0000153f    00000022                                   : typeinfo_.obj (.const:.typeinfo:_ZTSN10__cxxabiv117__pbase_type_infoE)
                  00001561    00000002                                   : typeinfo_.obj (.const:.typeinfo:_ZTSe)
                  00001563    00000001     --HOLE-- [fill = 0]
                  00001564    00000010                                   : typeinfo_.obj (.const:.typeinfo:_ZTIPKe)
                  00001574    00000010                                   : typeinfo_.obj (.const:_ZTVN10__cxxabiv117__class_type_infoE)
                  00001584    00000010                                   : typeinfo_.obj (.const:_ZTVN10__cxxabiv119__pointer_type_infoE)
                  00001594    00000010                                   : typeinfo_.obj (.const:_ZTVN10__cxxabiv120__si_class_type_infoE)
                  000015a4    00000010                                   : typeinfo_.obj (.const:_ZTVN10__cxxabiv123__fundamental_type_infoE)
                  000015b4    0000000d                                   : typeinfo_.obj (.const:.typeinfo:_ZTSSt9type_info)
                  000015c1    00000003     --HOLE-- [fill = 0]
                  000015c4    0000000c     S1Button.obj (.const:.typeinfo:_ZTI8S1Button)
                  000015d0    0000000c     rtsv7M4_T_le_v4SPD16_eabi.lib : typeinfo_.obj (.const:.typeinfo:_ZTIN10__cxxabiv117__class_type_infoE)
                  000015dc    0000000c                                   : typeinfo_.obj (.const:.typeinfo:_ZTIN10__cxxabiv117__pbase_type_infoE)
                  000015e8    0000000c                                   : typeinfo_.obj (.const:.typeinfo:_ZTIN10__cxxabiv119__pointer_type_infoE)
                  000015f4    0000000c                                   : typeinfo_.obj (.const:.typeinfo:_ZTIN10__cxxabiv120__si_class_type_infoE)
                  00001600    0000000c                                   : typeinfo_.obj (.const:.typeinfo:_ZTIN10__cxxabiv123__fundamental_type_infoE)
                  0000160c    0000000c     Task.obj (.const:_ZTV4Task)
                  00001618    0000000c     S1Button.obj (.const:_ZTV8S1Button)
                  00001624    0000000a     S1Button.obj (.const:.typeinfo:_ZTS8S1Button)
                  0000162e    00000002     --HOLE-- [fill = 0]
                  00001630    00000008     LED.obj (.const:.typeinfo:_ZTI4Task)
                  00001638    00000008     rtsv7M4_T_le_v4SPD16_eabi.lib : typeinfo_.obj (.const:.typeinfo:_ZTISt9type_info)
                  00001640    00000008                                   : typeinfo_.obj (.const:.typeinfo:_ZTIe)
                  00001648    00000006     LED.obj (.const:.typeinfo:_ZTS4Task)
                  0000164e    00000004     rtsv7M4_T_le_v4SPD16_eabi.lib : typeinfo_.obj (.const:.typeinfo:_ZTSPKe)

.cinit     0    00001658    0000004c     
                  00001658    00000025     (.cinit..data.load) [load image, compression = rle]
                  0000167d    00000003     --HOLE-- [fill = 0]
                  00001680    0000000b     (.cinit..bss.load) [load image, compression = rle]
                  0000168b    00000001     --HOLE-- [fill = 0]
                  0000168c    00000008     (__TI_handler_table)
                  00001694    00000010     (__TI_cinit_table)

.init_array 
*          0    00001654    00000004     
                  00001654    00000004     main.obj (.init_array)

.bss       0    20000000    00001518     UNINITIALIZED
                  20000000    00001508     main.obj (.bss:g_MainScheduler)
                  20001508    00000008     main.obj (.bss:ButtonTask)
                  20001510    00000004     (.common:_ZSt16__dummy_typeinfo)
                  20001514    00000004     (.common:g_bGlobalFlags)

.sysmem    0    20001518    00000400     UNINITIALIZED
                  20001518    00000008     rtsv7M4_T_le_v4SPD16_eabi.lib : memory.obj (.sysmem)
                  20001520    000003f8     --HOLE--

.data      0    20001918    00000034     UNINITIALIZED
                  20001918    0000000c     rtsv7M4_T_le_v4SPD16_eabi.lib : exit.obj (.data:$O1$$)
                  20001924    0000000c                                   : memory.obj (.data:$O1$$)
                  20001930    00000009     main.obj (.data)
                  20001939    00000003     --HOLE--
                  2000193c    00000008     rtsv7M4_T_le_v4SPD16_eabi.lib : _lock.obj (.data:$O1$$)
                  20001944    00000004                                   : stkdepth_vars.obj (.data)
                  20001948    00000004     system_msp432p401r.obj (.data)

.stack     0    2000fe00    00000200     UNINITIALIZED
                  2000fe00    00000200     --HOLE--

MODULE SUMMARY

       Module                        code   ro data   rw data
       ------                        ----   -------   -------
    ./
       main.obj                      364    4         10810  
       Scheduler.obj                 1296   0         0      
       system_msp432p401r.obj        812    0         8      
       hardware.obj                  444    0         0      
       startup_msp432p401r_ccs.obj   14     228       0      
       S1Button.obj                  76     34        0      
       Task.obj                      60     12        0      
       LED.obj                       0      14        0      
    +--+-----------------------------+------+---------+---------+
       Total:                        3066   292       10818  
                                                             
    /home/fabian/local/CCS/ti/ccsv6/tools/compiler/arm_15.12.3.LTS/lib/rtsv7M4_T_le_v4SPD16_eabi.lib
       memory.obj                    988    0         24     
       typeinfo_.obj                 188    356       8      
       memcpy_t2.obj                 156    0         0      
       memset_t2.obj                 122    0         0      
       autoinit.obj                  112    0         0      
       copy_decompress_rle.obj       112    0         0      
       exit.obj                      84     0         24     
       boot.obj                      84     0         0      
       cpy_tbl.obj                   76     0         0      
       _lock.obj                     20     0         16     
       args_main.obj                 24     0         0      
       copy_decompress_none.obj      14     0         0      
       delete.obj                    8      0         0      
       stkdepth_vars.obj             0      0         8      
       pre_init.obj                  4      0         0      
       mpu_init.obj                  2      0         0      
       startup.obj                   2      0         0      
    +--+-----------------------------+------+---------+---------+
       Total:                        1996   356       80     
                                                             
       Heap:                         0      0         2048   
       Stack:                        0      0         1024   
       Linker Generated:             0      72        0      
    +--+-----------------------------+------+---------+---------+
       Grand Total:                  5062   720       13970  


LINKER GENERATED COPY TABLES

__TI_cinit_table @ 00001694 records: 2, size/record: 8, table size: 16
	.data: load addr=00001658, load size=00000025 bytes, run addr=20001918, run size=00000034 bytes, compression=rle
	.bss: load addr=00001680, load size=0000000b bytes, run addr=20000000, run size=00001518 bytes, compression=rle


LINKER GENERATED HANDLER TABLE

__TI_handler_table @ 0000168c records: 2, size/record: 4, table size: 8
	index: 0, handler: __TI_decompress_rle24
	index: 1, handler: __TI_decompress_none


GLOBAL SYMBOLS: SORTED ALPHABETICALLY BY Name 

address   name                                              
-------   ----                                              
0000147f  ADC14_IRQHandler                                  
0000147f  AES256_IRQHandler                                 
0000147f  BusFault_Handler                                  
20001508  ButtonTask                                        
0000131d  C$$EXIT                                           
0000147f  COMP_E0_IRQHandler                                
0000147f  COMP_E1_IRQHandler                                
0000147f  CS_IRQHandler                                     
0000147f  DMA_ERR_IRQHandler                                
0000147f  DMA_INT0_IRQHandler                               
0000147f  DMA_INT1_IRQHandler                               
0000147f  DMA_INT2_IRQHandler                               
0000147f  DMA_INT3_IRQHandler                               
0000147f  DebugMon_Handler                                  
0000147f  Default_Handler                                   
0000147f  EUSCIA0_IRQHandler                                
0000147f  EUSCIA1_IRQHandler                                
0000147f  EUSCIA2_IRQHandler                                
0000147f  EUSCIA3_IRQHandler                                
0000147f  EUSCIB0_IRQHandler                                
0000147f  EUSCIB1_IRQHandler                                
0000147f  EUSCIB2_IRQHandler                                
0000147f  EUSCIB3_IRQHandler                                
0000147f  FLCTL_IRQHandler                                  
0000147f  FPU_IRQHandler                                    
0000147f  HardFault_Handler                                 
0000147f  MemManage_Handler                                 
0000147f  NMI_Handler                                       
0000147f  PCM_IRQHandler                                    
00000fa7  PORT1_IRQHandler                                  
00000fa7  PORT1_IRQHandler                                  
0000147f  PORT2_IRQHandler                                  
0000147f  PORT3_IRQHandler                                  
0000147f  PORT4_IRQHandler                                  
0000147f  PORT5_IRQHandler                                  
0000147f  PORT6_IRQHandler                                  
0000147f  PSS_IRQHandler                                    
0000147f  PendSV_Handler                                    
0000147f  RTC_C_IRQHandler                                  
00001473  Reset_Handler                                     
00001654  SHT$$INIT_ARRAY$$Base                             
00001658  SHT$$INIT_ARRAY$$Limit                            
0000147f  SVC_Handler                                       
0000147f  SysTick_Handler                                   
20001948  SystemCoreClock                                   
000009c5  SystemCoreClockUpdate                             
00000c39  SystemInit                                        
00000f7f  T32_INT1_IRQHandler                               
00000f7f  T32_INT1_IRQHandler                               
0000147f  T32_INT2_IRQHandler                               
0000147f  T32_INTC_IRQHandler                               
0000147f  TA0_0_IRQHandler                                  
0000147f  TA0_N_IRQHandler                                  
0000147f  TA1_0_IRQHandler                                  
0000147f  TA1_N_IRQHandler                                  
0000147f  TA2_0_IRQHandler                                  
0000147f  TA2_N_IRQHandler                                  
0000147f  TA3_0_IRQHandler                                  
0000147f  TA3_N_IRQHandler                                  
0000147f  UsageFault_Handler                                
4000480c  WDTCTL_SYM                                        
0000147f  WDT_A_IRQHandler                                  
00000d6b  _Z10DisableWDTv                                   
00000d75  _Z11ConfigP1LEDv                                  
00000d87  _Z11ConfigP2LEDt                                  
00000e4f  _Z13ConfigTimer32j                                
00000d5b  _Z19EnableInterruptionsv                          
00000d63  _Z20DisableInterruptionsv                         
00000e09  _Z23ConfigS1ButtonInterruptv                      
00000dc3  _Z23ConfigS2ButtonInterruptv                      
00000f41  _Z5Setupv                                         
000010c5  _ZN10__cxxabiv116__enum_type_infoD0Ev             
000010c3  _ZN10__cxxabiv116__enum_type_infoD1Ev             
000010c3  _ZN10__cxxabiv116__enum_type_infoD2Ev             
000010bb  _ZN10__cxxabiv117__array_type_infoD0Ev            
000010b9  _ZN10__cxxabiv117__array_type_infoD1Ev            
000010b9  _ZN10__cxxabiv117__array_type_infoD2Ev            
000010b1  _ZN10__cxxabiv117__class_type_infoD0Ev            
000010af  _ZN10__cxxabiv117__class_type_infoD1Ev            
000010af  _ZN10__cxxabiv117__class_type_infoD2Ev            
000010a7  _ZN10__cxxabiv117__pbase_type_infoD0Ev            
000010a5  _ZN10__cxxabiv117__pbase_type_infoD1Ev            
000010a5  _ZN10__cxxabiv117__pbase_type_infoD2Ev            
0000109d  _ZN10__cxxabiv119__pointer_type_infoD0Ev          
0000109b  _ZN10__cxxabiv119__pointer_type_infoD1Ev          
0000109b  _ZN10__cxxabiv119__pointer_type_infoD2Ev          
00001093  _ZN10__cxxabiv120__function_type_infoD0Ev         
00001091  _ZN10__cxxabiv120__function_type_infoD1Ev         
00001091  _ZN10__cxxabiv120__function_type_infoD2Ev         
00001089  _ZN10__cxxabiv120__si_class_type_infoD0Ev         
00001087  _ZN10__cxxabiv120__si_class_type_infoD1Ev         
00001087  _ZN10__cxxabiv120__si_class_type_infoD2Ev         
0000107f  _ZN10__cxxabiv121__vmi_class_type_infoD0Ev        
0000107d  _ZN10__cxxabiv121__vmi_class_type_infoD1Ev        
0000107d  _ZN10__cxxabiv121__vmi_class_type_infoD2Ev        
00001075  _ZN10__cxxabiv123__fundamental_type_infoD0Ev      
00001073  _ZN10__cxxabiv123__fundamental_type_infoD1Ev      
00001073  _ZN10__cxxabiv123__fundamental_type_infoD2Ev      
0000106b  _ZN10__cxxabiv129__pointer_to_member_type_infoD0Ev
00001069  _ZN10__cxxabiv129__pointer_to_member_type_infoD1Ev
00001069  _ZN10__cxxabiv129__pointer_to_member_type_infoD2Ev
00001481  _ZN4Task14ProcessMessageENS_7MessageE             
20001938  _ZN4Task14m_u8NextTaskIDE                         
0000148d  _ZN4Task3runEv                                    
00001409  _ZN4TaskC1Ev                                      
00001409  _ZN4TaskC2Ev                                      
00001393  _ZN8S1Button3runEv                                
00001371  _ZN8S1ButtonC1Ev                                  
00001371  _ZN8S1ButtonC2Ev                                  
000003f7  _ZN9Scheduler10AddMessageEP4TaskS1_iPi            
000004b1  _ZN9Scheduler15ProcessMessagesEv                  
00000325  _ZN9Scheduler18AddRecurringEventsEv               
0000055f  _ZN9Scheduler21CalculateNextScheduleEv            
000005db  _ZN9Scheduler22SortScheduleByPriorityEP4Task      
000002bb  _ZN9Scheduler3runEv                               
0000019b  _ZN9Scheduler6attachEP4Task                       
000001f9  _ZN9Scheduler6attachEP4Tasktb                     
000000e5  _ZN9SchedulerC1Ev                                 
000000e5  _ZN9SchedulerC2Ev                                 
0000102b  _ZNKSt9type_info4nameEv                           
0000105b  _ZNKSt9type_info6beforeERKS_                      
00001045  _ZNKSt9type_infoeqERKS_                           
0000102f  _ZNKSt9type_infoneERKS_                           
00001023  _ZNSt9type_infoD0Ev                               
00001021  _ZNSt9type_infoD1Ev                               
00001021  _ZNSt9type_infoD2Ev                               
20001510  _ZSt16__dummy_typeinfo                            
00001019  _ZSt21__gen_dummy_typeinfosv                      
00001630  _ZTI4Task                                         
000015c4  _ZTI8S1Button                                     
000015d0  _ZTIN10__cxxabiv117__class_type_infoE             
000015dc  _ZTIN10__cxxabiv117__pbase_type_infoE             
000015e8  _ZTIN10__cxxabiv119__pointer_type_infoE           
000015f4  _ZTIN10__cxxabiv120__si_class_type_infoE          
00001600  _ZTIN10__cxxabiv123__fundamental_type_infoE       
00001564  _ZTIPKe                                           
00001638  _ZTISt9type_info                                  
00001640  _ZTIe                                             
00001648  _ZTS4Task                                         
00001624  _ZTS8S1Button                                     
0000151d  _ZTSN10__cxxabiv117__class_type_infoE             
0000153f  _ZTSN10__cxxabiv117__pbase_type_infoE             
000014f9  _ZTSN10__cxxabiv119__pointer_type_infoE           
000014d4  _ZTSN10__cxxabiv120__si_class_type_infoE          
000014ac  _ZTSN10__cxxabiv123__fundamental_type_infoE       
0000164e  _ZTSPKe                                           
000015b4  _ZTSSt9type_info                                  
00001561  _ZTSe                                             
0000160c  _ZTV4Task                                         
00001618  _ZTV8S1Button                                     
00001574  _ZTVN10__cxxabiv117__class_type_infoE             
00001584  _ZTVN10__cxxabiv119__pointer_type_infoE           
00001594  _ZTVN10__cxxabiv120__si_class_type_infoE          
000015a4  _ZTVN10__cxxabiv123__fundamental_type_infoE       
00001499  _ZdlPv                                            
20010000  __STACK_END                                       
00000200  __STACK_SIZE                                      
00000400  __SYSMEM_SIZE                                     
00001694  __TI_CINIT_Base                                   
000016a4  __TI_CINIT_Limit                                  
0000168c  __TI_Handler_Table_Base                           
00001694  __TI_Handler_Table_Limit                          
000011ed  __TI_auto_init                                    
20001918  __TI_cleanup_ptr                                  
00001465  __TI_decompress_none                              
000014a1  __TI_decompress_rle24                             
2000191c  __TI_dtors_ptr                                    
20001920  __TI_enable_exit_profile_output                   
ffffffff  __TI_pprof_out_hndl                               
ffffffff  __TI_prof_data_size                               
ffffffff  __TI_prof_data_start                              
00000000  __TI_static_base__                                
00001171  __aeabi_memclr                                    
00001171  __aeabi_memclr4                                   
00001171  __aeabi_memclr8                                   
000010d5  __aeabi_memcpy                                    
000010d5  __aeabi_memcpy4                                   
000010d5  __aeabi_memcpy8                                   
00001173  __aeabi_memset                                    
00001173  __aeabi_memset4                                   
00001173  __aeabi_memset8                                   
ffffffff  __binit__                                         
ffffffff  __c_args__                                        
000011eb  __mpu_init                                        
2000fe00  __stack                                           
00000fcd  __sti___8_main_cpp_937618a8                       
00001439  _args_main                                        
000012c9  _c_int00                                          
2000193c  _lock                                             
0000145f  _nop                                              
00001457  _register_lock                                    
00001451  _register_unlock                                  
20001518  _sys_memory                                       
000012c7  _system_post_cinit                                
000014a7  _system_pre_init                                  
20001940  _unlock                                           
00001321  abort                                             
ffffffff  binit                                             
00000991  calloc                                            
000013bd  copy_in                                           
00001329  exit                                              
000006df  free                                              
20000000  g_MainScheduler                                   
20001514  g_bGlobalFlags                                    
00000000  interruptVectors                                  
00000f17  main                                              
20001944  main_func_sp                                      
00000677  malloc                                            
000008ad  memalign                                          
000010d5  memcpy                                            
00001179  memset                                            
000005e9  minit                                             
000007a1  realloc                                           


GLOBAL SYMBOLS: SORTED BY Symbol Address 

address   name                                              
-------   ----                                              
00000000  __TI_static_base__                                
00000000  interruptVectors                                  
000000e5  _ZN9SchedulerC1Ev                                 
000000e5  _ZN9SchedulerC2Ev                                 
0000019b  _ZN9Scheduler6attachEP4Task                       
000001f9  _ZN9Scheduler6attachEP4Tasktb                     
00000200  __STACK_SIZE                                      
000002bb  _ZN9Scheduler3runEv                               
00000325  _ZN9Scheduler18AddRecurringEventsEv               
000003f7  _ZN9Scheduler10AddMessageEP4TaskS1_iPi            
00000400  __SYSMEM_SIZE                                     
000004b1  _ZN9Scheduler15ProcessMessagesEv                  
0000055f  _ZN9Scheduler21CalculateNextScheduleEv            
000005db  _ZN9Scheduler22SortScheduleByPriorityEP4Task      
000005e9  minit                                             
00000677  malloc                                            
000006df  free                                              
000007a1  realloc                                           
000008ad  memalign                                          
00000991  calloc                                            
000009c5  SystemCoreClockUpdate                             
00000c39  SystemInit                                        
00000d5b  _Z19EnableInterruptionsv                          
00000d63  _Z20DisableInterruptionsv                         
00000d6b  _Z10DisableWDTv                                   
00000d75  _Z11ConfigP1LEDv                                  
00000d87  _Z11ConfigP2LEDt                                  
00000dc3  _Z23ConfigS2ButtonInterruptv                      
00000e09  _Z23ConfigS1ButtonInterruptv                      
00000e4f  _Z13ConfigTimer32j                                
00000f17  main                                              
00000f41  _Z5Setupv                                         
00000f7f  T32_INT1_IRQHandler                               
00000f7f  T32_INT1_IRQHandler                               
00000fa7  PORT1_IRQHandler                                  
00000fa7  PORT1_IRQHandler                                  
00000fcd  __sti___8_main_cpp_937618a8                       
00001019  _ZSt21__gen_dummy_typeinfosv                      
00001021  _ZNSt9type_infoD1Ev                               
00001021  _ZNSt9type_infoD2Ev                               
00001023  _ZNSt9type_infoD0Ev                               
0000102b  _ZNKSt9type_info4nameEv                           
0000102f  _ZNKSt9type_infoneERKS_                           
00001045  _ZNKSt9type_infoeqERKS_                           
0000105b  _ZNKSt9type_info6beforeERKS_                      
00001069  _ZN10__cxxabiv129__pointer_to_member_type_infoD1Ev
00001069  _ZN10__cxxabiv129__pointer_to_member_type_infoD2Ev
0000106b  _ZN10__cxxabiv129__pointer_to_member_type_infoD0Ev
00001073  _ZN10__cxxabiv123__fundamental_type_infoD1Ev      
00001073  _ZN10__cxxabiv123__fundamental_type_infoD2Ev      
00001075  _ZN10__cxxabiv123__fundamental_type_infoD0Ev      
0000107d  _ZN10__cxxabiv121__vmi_class_type_infoD1Ev        
0000107d  _ZN10__cxxabiv121__vmi_class_type_infoD2Ev        
0000107f  _ZN10__cxxabiv121__vmi_class_type_infoD0Ev        
00001087  _ZN10__cxxabiv120__si_class_type_infoD1Ev         
00001087  _ZN10__cxxabiv120__si_class_type_infoD2Ev         
00001089  _ZN10__cxxabiv120__si_class_type_infoD0Ev         
00001091  _ZN10__cxxabiv120__function_type_infoD1Ev         
00001091  _ZN10__cxxabiv120__function_type_infoD2Ev         
00001093  _ZN10__cxxabiv120__function_type_infoD0Ev         
0000109b  _ZN10__cxxabiv119__pointer_type_infoD1Ev          
0000109b  _ZN10__cxxabiv119__pointer_type_infoD2Ev          
0000109d  _ZN10__cxxabiv119__pointer_type_infoD0Ev          
000010a5  _ZN10__cxxabiv117__pbase_type_infoD1Ev            
000010a5  _ZN10__cxxabiv117__pbase_type_infoD2Ev            
000010a7  _ZN10__cxxabiv117__pbase_type_infoD0Ev            
000010af  _ZN10__cxxabiv117__class_type_infoD1Ev            
000010af  _ZN10__cxxabiv117__class_type_infoD2Ev            
000010b1  _ZN10__cxxabiv117__class_type_infoD0Ev            
000010b9  _ZN10__cxxabiv117__array_type_infoD1Ev            
000010b9  _ZN10__cxxabiv117__array_type_infoD2Ev            
000010bb  _ZN10__cxxabiv117__array_type_infoD0Ev            
000010c3  _ZN10__cxxabiv116__enum_type_infoD1Ev             
000010c3  _ZN10__cxxabiv116__enum_type_infoD2Ev             
000010c5  _ZN10__cxxabiv116__enum_type_infoD0Ev             
000010d5  __aeabi_memcpy                                    
000010d5  __aeabi_memcpy4                                   
000010d5  __aeabi_memcpy8                                   
000010d5  memcpy                                            
00001171  __aeabi_memclr                                    
00001171  __aeabi_memclr4                                   
00001171  __aeabi_memclr8                                   
00001173  __aeabi_memset                                    
00001173  __aeabi_memset4                                   
00001173  __aeabi_memset8                                   
00001179  memset                                            
000011eb  __mpu_init                                        
000011ed  __TI_auto_init                                    
000012c7  _system_post_cinit                                
000012c9  _c_int00                                          
0000131d  C$$EXIT                                           
00001321  abort                                             
00001329  exit                                              
00001371  _ZN8S1ButtonC1Ev                                  
00001371  _ZN8S1ButtonC2Ev                                  
00001393  _ZN8S1Button3runEv                                
000013bd  copy_in                                           
00001409  _ZN4TaskC1Ev                                      
00001409  _ZN4TaskC2Ev                                      
00001439  _args_main                                        
00001451  _register_unlock                                  
00001457  _register_lock                                    
0000145f  _nop                                              
00001465  __TI_decompress_none                              
00001473  Reset_Handler                                     
0000147f  ADC14_IRQHandler                                  
0000147f  AES256_IRQHandler                                 
0000147f  BusFault_Handler                                  
0000147f  COMP_E0_IRQHandler                                
0000147f  COMP_E1_IRQHandler                                
0000147f  CS_IRQHandler                                     
0000147f  DMA_ERR_IRQHandler                                
0000147f  DMA_INT0_IRQHandler                               
0000147f  DMA_INT1_IRQHandler                               
0000147f  DMA_INT2_IRQHandler                               
0000147f  DMA_INT3_IRQHandler                               
0000147f  DebugMon_Handler                                  
0000147f  Default_Handler                                   
0000147f  EUSCIA0_IRQHandler                                
0000147f  EUSCIA1_IRQHandler                                
0000147f  EUSCIA2_IRQHandler                                
0000147f  EUSCIA3_IRQHandler                                
0000147f  EUSCIB0_IRQHandler                                
0000147f  EUSCIB1_IRQHandler                                
0000147f  EUSCIB2_IRQHandler                                
0000147f  EUSCIB3_IRQHandler                                
0000147f  FLCTL_IRQHandler                                  
0000147f  FPU_IRQHandler                                    
0000147f  HardFault_Handler                                 
0000147f  MemManage_Handler                                 
0000147f  NMI_Handler                                       
0000147f  PCM_IRQHandler                                    
0000147f  PORT2_IRQHandler                                  
0000147f  PORT3_IRQHandler                                  
0000147f  PORT4_IRQHandler                                  
0000147f  PORT5_IRQHandler                                  
0000147f  PORT6_IRQHandler                                  
0000147f  PSS_IRQHandler                                    
0000147f  PendSV_Handler                                    
0000147f  RTC_C_IRQHandler                                  
0000147f  SVC_Handler                                       
0000147f  SysTick_Handler                                   
0000147f  T32_INT2_IRQHandler                               
0000147f  T32_INTC_IRQHandler                               
0000147f  TA0_0_IRQHandler                                  
0000147f  TA0_N_IRQHandler                                  
0000147f  TA1_0_IRQHandler                                  
0000147f  TA1_N_IRQHandler                                  
0000147f  TA2_0_IRQHandler                                  
0000147f  TA2_N_IRQHandler                                  
0000147f  TA3_0_IRQHandler                                  
0000147f  TA3_N_IRQHandler                                  
0000147f  UsageFault_Handler                                
0000147f  WDT_A_IRQHandler                                  
00001481  _ZN4Task14ProcessMessageENS_7MessageE             
0000148d  _ZN4Task3runEv                                    
00001499  _ZdlPv                                            
000014a1  __TI_decompress_rle24                             
000014a7  _system_pre_init                                  
000014ac  _ZTSN10__cxxabiv123__fundamental_type_infoE       
000014d4  _ZTSN10__cxxabiv120__si_class_type_infoE          
000014f9  _ZTSN10__cxxabiv119__pointer_type_infoE           
0000151d  _ZTSN10__cxxabiv117__class_type_infoE             
0000153f  _ZTSN10__cxxabiv117__pbase_type_infoE             
00001561  _ZTSe                                             
00001564  _ZTIPKe                                           
00001574  _ZTVN10__cxxabiv117__class_type_infoE             
00001584  _ZTVN10__cxxabiv119__pointer_type_infoE           
00001594  _ZTVN10__cxxabiv120__si_class_type_infoE          
000015a4  _ZTVN10__cxxabiv123__fundamental_type_infoE       
000015b4  _ZTSSt9type_info                                  
000015c4  _ZTI8S1Button                                     
000015d0  _ZTIN10__cxxabiv117__class_type_infoE             
000015dc  _ZTIN10__cxxabiv117__pbase_type_infoE             
000015e8  _ZTIN10__cxxabiv119__pointer_type_infoE           
000015f4  _ZTIN10__cxxabiv120__si_class_type_infoE          
00001600  _ZTIN10__cxxabiv123__fundamental_type_infoE       
0000160c  _ZTV4Task                                         
00001618  _ZTV8S1Button                                     
00001624  _ZTS8S1Button                                     
00001630  _ZTI4Task                                         
00001638  _ZTISt9type_info                                  
00001640  _ZTIe                                             
00001648  _ZTS4Task                                         
0000164e  _ZTSPKe                                           
00001654  SHT$$INIT_ARRAY$$Base                             
00001658  SHT$$INIT_ARRAY$$Limit                            
0000168c  __TI_Handler_Table_Base                           
00001694  __TI_CINIT_Base                                   
00001694  __TI_Handler_Table_Limit                          
000016a4  __TI_CINIT_Limit                                  
20000000  g_MainScheduler                                   
20001508  ButtonTask                                        
20001510  _ZSt16__dummy_typeinfo                            
20001514  g_bGlobalFlags                                    
20001518  _sys_memory                                       
20001918  __TI_cleanup_ptr                                  
2000191c  __TI_dtors_ptr                                    
20001920  __TI_enable_exit_profile_output                   
20001938  _ZN4Task14m_u8NextTaskIDE                         
2000193c  _lock                                             
20001940  _unlock                                           
20001944  main_func_sp                                      
20001948  SystemCoreClock                                   
2000fe00  __stack                                           
20010000  __STACK_END                                       
4000480c  WDTCTL_SYM                                        
ffffffff  __TI_pprof_out_hndl                               
ffffffff  __TI_prof_data_size                               
ffffffff  __TI_prof_data_start                              
ffffffff  __binit__                                         
ffffffff  __c_args__                                        
ffffffff  binit                                             

[213 symbols]
