<?xml version="1.0"?>
<link_info>
   <banner>TI ARM Linker Unix v15.12.1.LTS</banner>
   <copyright>Copyright (c) 1996-2015 Texas Instruments Incorporated</copyright>
   <link_time>0x57d5d575</link_time>
   <link_errors>0x0</link_errors>
   <output_file>Lab01.out</output_file>
   <entry_point>
      <name>_c_int00</name>
      <address>0x1025</address>
   </entry_point>
   <input_file_list>
      <input_file id="fl-2">
         <path>./</path>
         <kind>object</kind>
         <file>hardware.obj</file>
         <name>hardware.obj</name>
      </input_file>
      <input_file id="fl-3">
         <path>./</path>
         <kind>object</kind>
         <file>interruptions.obj</file>
         <name>interruptions.obj</name>
      </input_file>
      <input_file id="fl-4">
         <path>./</path>
         <kind>object</kind>
         <file>lab01.obj</file>
         <name>lab01.obj</name>
      </input_file>
      <input_file id="fl-5">
         <path>./</path>
         <kind>object</kind>
         <file>main.obj</file>
         <name>main.obj</name>
      </input_file>
      <input_file id="fl-6">
         <path>./</path>
         <kind>object</kind>
         <file>startup_msp432p401r_ccs.obj</file>
         <name>startup_msp432p401r_ccs.obj</name>
      </input_file>
      <input_file id="fl-7">
         <path>./</path>
         <kind>object</kind>
         <file>system_msp432p401r.obj</file>
         <name>system_msp432p401r.obj</name>
      </input_file>
      <input_file id="fl-8">
         <path>./include/</path>
         <kind>object</kind>
         <file>HAL_I2C.obj</file>
         <name>HAL_I2C.obj</name>
      </input_file>
      <input_file id="fl-9">
         <path>./include/</path>
         <kind>object</kind>
         <file>HAL_OPT3001.obj</file>
         <name>HAL_OPT3001.obj</name>
      </input_file>
      <input_file id="fl-f">
         <path>/home/fabian/local/MSPWare/MSP432Ware_3_50_00_02/driverlib/driverlib/MSP432P4xx/ccs/</path>
         <kind>archive</kind>
         <file>msp432p4xx_driverlib.lib</file>
         <name>gpio.o</name>
      </input_file>
      <input_file id="fl-10">
         <path>/home/fabian/local/MSPWare/MSP432Ware_3_50_00_02/driverlib/driverlib/MSP432P4xx/ccs/</path>
         <kind>archive</kind>
         <file>msp432p4xx_driverlib.lib</file>
         <name>i2c.o</name>
      </input_file>
      <input_file id="fl-11">
         <path>/home/fabian/local/MSPWare/MSP432Ware_3_50_00_02/driverlib/driverlib/MSP432P4xx/ccs/</path>
         <kind>archive</kind>
         <file>msp432p4xx_driverlib.lib</file>
         <name>interrupt.o</name>
      </input_file>
      <input_file id="fl-12">
         <path>/home/fabian/local/MSPWare/MSP432Ware_3_50_00_02/driverlib/driverlib/MSP432P4xx/ccs/</path>
         <kind>archive</kind>
         <file>msp432p4xx_driverlib.lib</file>
         <name>cpu.o</name>
      </input_file>
      <input_file id="fl-c8">
         <path>/home/fabian/local/CCS/ccsv6/tools/compiler/ti-cgt-arm_15.12.1.LTS/lib/</path>
         <kind>archive</kind>
         <file>rtsv7M4_T_le_v4SPD16_eabi.lib</file>
         <name>boot.obj</name>
      </input_file>
      <input_file id="fl-c9">
         <path>/home/fabian/local/CCS/ccsv6/tools/compiler/ti-cgt-arm_15.12.1.LTS/lib/</path>
         <kind>archive</kind>
         <file>rtsv7M4_T_le_v4SPD16_eabi.lib</file>
         <name>copy_decompress_none.obj</name>
      </input_file>
      <input_file id="fl-ca">
         <path>/home/fabian/local/CCS/ccsv6/tools/compiler/ti-cgt-arm_15.12.1.LTS/lib/</path>
         <kind>archive</kind>
         <file>rtsv7M4_T_le_v4SPD16_eabi.lib</file>
         <name>copy_decompress_rle.obj</name>
      </input_file>
      <input_file id="fl-cb">
         <path>/home/fabian/local/CCS/ccsv6/tools/compiler/ti-cgt-arm_15.12.1.LTS/lib/</path>
         <kind>archive</kind>
         <file>rtsv7M4_T_le_v4SPD16_eabi.lib</file>
         <name>copy_zero_init.obj</name>
      </input_file>
      <input_file id="fl-cc">
         <path>/home/fabian/local/CCS/ccsv6/tools/compiler/ti-cgt-arm_15.12.1.LTS/lib/</path>
         <kind>archive</kind>
         <file>rtsv7M4_T_le_v4SPD16_eabi.lib</file>
         <name>exit.obj</name>
      </input_file>
      <input_file id="fl-cd">
         <path>/home/fabian/local/CCS/ccsv6/tools/compiler/ti-cgt-arm_15.12.1.LTS/lib/</path>
         <kind>archive</kind>
         <file>rtsv7M4_T_le_v4SPD16_eabi.lib</file>
         <name>fd_cmp_t2.obj</name>
      </input_file>
      <input_file id="fl-ce">
         <path>/home/fabian/local/CCS/ccsv6/tools/compiler/ti-cgt-arm_15.12.1.LTS/lib/</path>
         <kind>archive</kind>
         <file>rtsv7M4_T_le_v4SPD16_eabi.lib</file>
         <name>fd_mul_t2.obj</name>
      </input_file>
      <input_file id="fl-cf">
         <path>/home/fabian/local/CCS/ccsv6/tools/compiler/ti-cgt-arm_15.12.1.LTS/lib/</path>
         <kind>archive</kind>
         <file>rtsv7M4_T_le_v4SPD16_eabi.lib</file>
         <name>i_tofd_t2.obj</name>
      </input_file>
      <input_file id="fl-d0">
         <path>/home/fabian/local/CCS/ccsv6/tools/compiler/ti-cgt-arm_15.12.1.LTS/lib/</path>
         <kind>archive</kind>
         <file>rtsv7M4_T_le_v4SPD16_eabi.lib</file>
         <name>memcpy_t2.obj</name>
      </input_file>
      <input_file id="fl-d1">
         <path>/home/fabian/local/CCS/ccsv6/tools/compiler/ti-cgt-arm_15.12.1.LTS/lib/</path>
         <kind>archive</kind>
         <file>rtsv7M4_T_le_v4SPD16_eabi.lib</file>
         <name>memset_t2.obj</name>
      </input_file>
      <input_file id="fl-d2">
         <path>/home/fabian/local/CCS/ccsv6/tools/compiler/ti-cgt-arm_15.12.1.LTS/lib/</path>
         <kind>archive</kind>
         <file>rtsv7M4_T_le_v4SPD16_eabi.lib</file>
         <name>mpu_init.obj</name>
      </input_file>
      <input_file id="fl-d3">
         <path>/home/fabian/local/CCS/ccsv6/tools/compiler/ti-cgt-arm_15.12.1.LTS/lib/</path>
         <kind>archive</kind>
         <file>rtsv7M4_T_le_v4SPD16_eabi.lib</file>
         <name>pre_init.obj</name>
      </input_file>
      <input_file id="fl-d4">
         <path>/home/fabian/local/CCS/ccsv6/tools/compiler/ti-cgt-arm_15.12.1.LTS/lib/</path>
         <kind>archive</kind>
         <file>rtsv7M4_T_le_v4SPD16_eabi.lib</file>
         <name>stkdepth_vars.obj</name>
      </input_file>
      <input_file id="fl-d5">
         <path>/home/fabian/local/CCS/ccsv6/tools/compiler/ti-cgt-arm_15.12.1.LTS/lib/</path>
         <kind>archive</kind>
         <file>rtsv7M4_T_le_v4SPD16_eabi.lib</file>
         <name>_lock.obj</name>
      </input_file>
      <input_file id="fl-d6">
         <path>/home/fabian/local/CCS/ccsv6/tools/compiler/ti-cgt-arm_15.12.1.LTS/lib/</path>
         <kind>archive</kind>
         <file>rtsv7M4_T_le_v4SPD16_eabi.lib</file>
         <name>args_main.obj</name>
      </input_file>
      <input_file id="fl-d7">
         <path>/home/fabian/local/CCS/ccsv6/tools/compiler/ti-cgt-arm_15.12.1.LTS/lib/</path>
         <kind>archive</kind>
         <file>rtsv7M4_T_le_v4SPD16_eabi.lib</file>
         <name>autoinit.obj</name>
      </input_file>
      <input_file id="fl-d8">
         <path>/home/fabian/local/CCS/ccsv6/tools/compiler/ti-cgt-arm_15.12.1.LTS/lib/</path>
         <kind>archive</kind>
         <file>rtsv7M4_T_le_v4SPD16_eabi.lib</file>
         <name>cpy_tbl.obj</name>
      </input_file>
      <input_file id="fl-d9">
         <path>/home/fabian/local/CCS/ccsv6/tools/compiler/ti-cgt-arm_15.12.1.LTS/lib/</path>
         <kind>archive</kind>
         <file>rtsv7M4_T_le_v4SPD16_eabi.lib</file>
         <name>startup.obj</name>
      </input_file>
   </input_file_list>
   <object_component_list>
      <object_component id="oc-28">
         <name>.intvecs:retain</name>
         <load_address>0x0</load_address>
         <run_address>0x0</run_address>
         <size>0x140</size>
         <input_file_ref idref="fl-6"/>
      </object_component>
      <object_component id="oc-bd">
         <name>.text</name>
         <load_address>0x140</load_address>
         <run_address>0x140</run_address>
         <size>0x328</size>
         <input_file_ref idref="fl-7"/>
      </object_component>
      <object_component id="oc-c4">
         <name>.text</name>
         <load_address>0x468</load_address>
         <run_address>0x468</run_address>
         <size>0x294</size>
         <input_file_ref idref="fl-4"/>
      </object_component>
      <object_component id="oc-e3">
         <name>.text</name>
         <load_address>0x6fc</load_address>
         <run_address>0x6fc</run_address>
         <size>0x1d8</size>
         <input_file_ref idref="fl-2"/>
      </object_component>
      <object_component id="oc-e9">
         <name>.text</name>
         <load_address>0x8d4</load_address>
         <run_address>0x8d4</run_address>
         <size>0x13c</size>
         <input_file_ref idref="fl-9"/>
      </object_component>
      <object_component id="oc-79">
         <name>.text</name>
         <load_address>0xa10</load_address>
         <run_address>0xa10</run_address>
         <size>0x11c</size>
         <input_file_ref idref="fl-3"/>
      </object_component>
      <object_component id="oc-13a">
         <name>.text</name>
         <load_address>0xb2c</load_address>
         <run_address>0xb2c</run_address>
         <size>0x118</size>
         <input_file_ref idref="fl-8"/>
      </object_component>
      <object_component id="oc-114">
         <name>.text</name>
         <load_address>0xc44</load_address>
         <run_address>0xc44</run_address>
         <size>0xfc</size>
         <input_file_ref idref="fl-ce"/>
      </object_component>
      <object_component id="oc-2c">
         <name>.text</name>
         <load_address>0xd40</load_address>
         <run_address>0xd40</run_address>
         <size>0x9c</size>
         <input_file_ref idref="fl-d0"/>
      </object_component>
      <object_component id="oc-119">
         <name>.text:__aeabi_cdcmple</name>
         <load_address>0xddc</load_address>
         <run_address>0xddc</run_address>
         <size>0x86</size>
         <input_file_ref idref="fl-cd"/>
      </object_component>
      <object_component id="oc-45">
         <name>.text</name>
         <load_address>0xe62</load_address>
         <run_address>0xe62</run_address>
         <size>0x7a</size>
         <input_file_ref idref="fl-d1"/>
      </object_component>
      <object_component id="oc-5d">
         <name>.text</name>
         <load_address>0xedc</load_address>
         <run_address>0xedc</run_address>
         <size>0x70</size>
         <input_file_ref idref="fl-d7"/>
      </object_component>
      <object_component id="oc-aa">
         <name>.text</name>
         <load_address>0xf4c</load_address>
         <run_address>0xf4c</run_address>
         <size>0x6c</size>
         <input_file_ref idref="fl-5"/>
      </object_component>
      <object_component id="oc-38">
         <name>.text</name>
         <load_address>0xfb8</load_address>
         <run_address>0xfb8</run_address>
         <size>0x6a</size>
         <input_file_ref idref="fl-ca"/>
      </object_component>
      <object_component id="oc-51">
         <name>.text</name>
         <load_address>0x1022</load_address>
         <run_address>0x1022</run_address>
         <size>0x2</size>
         <input_file_ref idref="fl-d2"/>
      </object_component>
      <object_component id="oc-22">
         <name>.text</name>
         <load_address>0x1024</load_address>
         <run_address>0x1024</run_address>
         <size>0x54</size>
         <input_file_ref idref="fl-c8"/>
      </object_component>
      <object_component id="oc-69">
         <name>.text</name>
         <load_address>0x1078</load_address>
         <run_address>0x1078</run_address>
         <size>0x54</size>
         <input_file_ref idref="fl-cc"/>
      </object_component>
      <object_component id="oc-14b">
         <name>.text:GPIO_setAsPeripheralModuleFunctionOutputPin</name>
         <load_address>0x10cc</load_address>
         <run_address>0x10cc</run_address>
         <size>0x4c</size>
         <input_file_ref idref="fl-f"/>
      </object_component>
      <object_component id="oc-9c">
         <name>.text</name>
         <load_address>0x1118</load_address>
         <run_address>0x1118</run_address>
         <size>0x4c</size>
         <input_file_ref idref="fl-d8"/>
      </object_component>
      <object_component id="oc-19f">
         <name>.text:I2C_masterSendMultiByteFinish</name>
         <load_address>0x1164</load_address>
         <run_address>0x1164</run_address>
         <size>0x40</size>
         <input_file_ref idref="fl-10"/>
      </object_component>
      <object_component id="oc-151">
         <name>.text:I2C_initMaster</name>
         <load_address>0x11a4</load_address>
         <run_address>0x11a4</run_address>
         <size>0x3e</size>
         <input_file_ref idref="fl-10"/>
      </object_component>
      <object_component id="oc-a2">
         <name>.text</name>
         <load_address>0x11e2</load_address>
         <run_address>0x11e2</run_address>
         <size>0x2</size>
         <input_file_ref idref="fl-d9"/>
      </object_component>
      <object_component id="oc-175">
         <name>.text:I2C_masterSendMultiByteStart</name>
         <load_address>0x11e4</load_address>
         <run_address>0x11e4</run_address>
         <size>0x38</size>
         <input_file_ref idref="fl-10"/>
      </object_component>
      <object_component id="oc-193">
         <name>.text:I2C_masterReceiveMultiByteFinish</name>
         <load_address>0x121c</load_address>
         <run_address>0x121c</run_address>
         <size>0x30</size>
         <input_file_ref idref="fl-10"/>
      </object_component>
      <object_component id="oc-181">
         <name>.text:I2C_masterSendMultiByteStop</name>
         <load_address>0x124c</load_address>
         <run_address>0x124c</run_address>
         <size>0x30</size>
         <input_file_ref idref="fl-10"/>
      </object_component>
      <object_component id="oc-10f">
         <name>.text</name>
         <load_address>0x127c</load_address>
         <run_address>0x127c</run_address>
         <size>0x2e</size>
         <input_file_ref idref="fl-cf"/>
      </object_component>
      <object_component id="oc-199">
         <name>.text:I2C_masterSendMultiByteNext</name>
         <load_address>0x12ac</load_address>
         <run_address>0x12ac</run_address>
         <size>0x24</size>
         <input_file_ref idref="fl-10"/>
      </object_component>
      <object_component id="oc-63">
         <name>.text</name>
         <load_address>0x12d0</load_address>
         <run_address>0x12d0</run_address>
         <size>0x18</size>
         <input_file_ref idref="fl-d6"/>
      </object_component>
      <object_component id="oc-16f">
         <name>.text:I2C_isBusBusy</name>
         <load_address>0x12e8</load_address>
         <run_address>0x12e8</run_address>
         <size>0x14</size>
         <input_file_ref idref="fl-10"/>
      </object_component>
      <object_component id="oc-fa">
         <name>.text</name>
         <load_address>0x12fc</load_address>
         <run_address>0x12fc</run_address>
         <size>0x14</size>
         <input_file_ref idref="fl-d5"/>
      </object_component>
      <object_component id="oc-73">
         <name>.text</name>
         <load_address>0x1310</load_address>
         <run_address>0x1310</run_address>
         <size>0x12</size>
         <input_file_ref idref="fl-6"/>
      </object_component>
      <object_component id="oc-187">
         <name>.text:I2C_masterReceiveStart</name>
         <load_address>0x1322</load_address>
         <run_address>0x1322</run_address>
         <size>0x10</size>
         <input_file_ref idref="fl-10"/>
      </object_component>
      <object_component id="oc-169">
         <name>.text:I2C_clearInterruptFlag</name>
         <load_address>0x1332</load_address>
         <run_address>0x1332</run_address>
         <size>0xe</size>
         <input_file_ref idref="fl-10"/>
      </object_component>
      <object_component id="oc-163">
         <name>.text:I2C_setMode</name>
         <load_address>0x1340</load_address>
         <run_address>0x1340</run_address>
         <size>0xe</size>
         <input_file_ref idref="fl-10"/>
      </object_component>
      <object_component id="oc-10">
         <name>.text:decompress:none</name>
         <load_address>0x134e</load_address>
         <run_address>0x134e</run_address>
         <size>0xe</size>
         <input_file_ref idref="fl-c9"/>
      </object_component>
      <object_component id="oc-157">
         <name>.text:I2C_disableModule</name>
         <load_address>0x135c</load_address>
         <run_address>0x135c</run_address>
         <size>0xc</size>
         <input_file_ref idref="fl-10"/>
      </object_component>
      <object_component id="oc-15d">
         <name>.text:I2C_enableModule</name>
         <load_address>0x1368</load_address>
         <run_address>0x1368</run_address>
         <size>0xc</size>
         <input_file_ref idref="fl-10"/>
      </object_component>
      <object_component id="oc-17b">
         <name>.text:I2C_getInterruptStatus</name>
         <load_address>0x1374</load_address>
         <run_address>0x1374</run_address>
         <size>0x6</size>
         <input_file_ref idref="fl-10"/>
      </object_component>
      <object_component id="oc-18d">
         <name>.text:I2C_masterReceiveMultiByteNext</name>
         <load_address>0x137a</load_address>
         <run_address>0x137a</run_address>
         <size>0x6</size>
         <input_file_ref idref="fl-10"/>
      </object_component>
      <object_component id="oc-16">
         <name>.text:decompress:rle24</name>
         <load_address>0x1380</load_address>
         <run_address>0x1380</run_address>
         <size>0x6</size>
         <input_file_ref idref="fl-ca"/>
      </object_component>
      <object_component id="oc-1a5">
         <name>.text:I2C_setSlaveAddress</name>
         <load_address>0x1386</load_address>
         <run_address>0x1386</run_address>
         <size>0x4</size>
         <input_file_ref idref="fl-10"/>
      </object_component>
      <object_component id="oc-57">
         <name>.text</name>
         <load_address>0x138a</load_address>
         <run_address>0x138a</run_address>
         <size>0x4</size>
         <input_file_ref idref="fl-d3"/>
      </object_component>
      <object_component id="oc-1ab">
         <name>.const:i2cConfig</name>
         <load_address>0x1390</load_address>
         <run_address>0x1390</run_address>
         <size>0x14</size>
         <input_file_ref idref="fl-8"/>
      </object_component>
      <object_component id="oc-1fd">
         <name>.cinit..data.load</name>
         <load_address>0x13a8</load_address>
         <run_address>0x13a8</run_address>
         <size>0x4c</size>
      </object_component>
      <object_component id="oc-1fe">
         <name>.cinit..bss.load</name>
         <load_address>0x13f8</load_address>
         <run_address>0x13f8</run_address>
         <size>0x9</size>
      </object_component>
      <object_component id="oc-1fb">
         <name>__TI_handler_table</name>
         <load_address>0x1404</load_address>
         <run_address>0x1404</run_address>
         <size>0x8</size>
      </object_component>
      <object_component id="oc-1fc">
         <name>__TI_cinit_table</name>
         <load_address>0x140c</load_address>
         <run_address>0x140c</run_address>
         <size>0x10</size>
      </object_component>
      <object_component id="oc-ca">
         <name>.data</name>
         <load_address>0x20000044</load_address>
         <run_address>0x20000044</run_address>
         <size>0x8</size>
         <input_file_ref idref="fl-5"/>
      </object_component>
      <object_component id="oc-106">
         <name>.data</name>
         <load_address>0x20000050</load_address>
         <run_address>0x20000050</run_address>
         <size>0x4</size>
         <input_file_ref idref="fl-7"/>
      </object_component>
      <object_component id="oc-1b2">
         <name>.data:GPIO_PORT_TO_BASE</name>
         <load_address>0x20000000</load_address>
         <run_address>0x20000000</run_address>
         <size>0x30</size>
         <input_file_ref idref="fl-f"/>
      </object_component>
      <object_component id="oc-b2">
         <name>.data:$O1$$</name>
         <load_address>0x20000030</load_address>
         <run_address>0x20000030</run_address>
         <size>0xc</size>
         <input_file_ref idref="fl-cc"/>
      </object_component>
      <object_component id="oc-6f">
         <name>.data</name>
         <load_address>0x2000004c</load_address>
         <run_address>0x2000004c</run_address>
         <size>0x4</size>
         <input_file_ref idref="fl-d4"/>
      </object_component>
      <object_component id="oc-b5">
         <name>.data:$O1$$</name>
         <load_address>0x2000003c</load_address>
         <run_address>0x2000003c</run_address>
         <size>0x8</size>
         <input_file_ref idref="fl-d5"/>
      </object_component>
      <object_component id="oc-d0">
         <name>.common:g_i16ADCResults</name>
         <uninitialized>true</uninitialized>
         <run_address>0x20000088</run_address>
         <size>0x10</size>
      </object_component>
      <object_component id="oc-11e">
         <name>.common:g_i16SamplesArray</name>
         <uninitialized>true</uninitialized>
         <run_address>0x20000054</run_address>
         <size>0x34</size>
      </object_component>
      <object_component id="oc-ef">
         <name>.common:g_fLighValue</name>
         <uninitialized>true</uninitialized>
         <run_address>0x2000009c</run_address>
         <size>0x4</size>
      </object_component>
      <object_component id="oc-cd">
         <name>.common:g_bGlobalFlags</name>
         <uninitialized>true</uninitialized>
         <run_address>0x20000098</run_address>
         <size>0x4</size>
      </object_component>
      <object_component id="oc-2b">
         <name>.stack</name>
         <uninitialized>true</uninitialized>
         <run_address>0x2000fe00</run_address>
         <size>0x0</size>
         <input_file_ref idref="fl-c8"/>
      </object_component>
      <object_component id="oc-1ff">
         <name>.stack</name>
         <uninitialized>true</uninitialized>
         <run_address>0x2000fe00</run_address>
         <size>0x0</size>
      </object_component>
      <object_component id="oc-141">
         <name>.debug_info</name>
         <load_address>0x0</load_address>
         <run_address>0x0</run_address>
         <size>0x410</size>
         <input_file_ref idref="fl-2"/>
      </object_component>
      <object_component id="oc-e4">
         <name>.debug_info</name>
         <load_address>0x410</load_address>
         <run_address>0x410</run_address>
         <size>0x814</size>
         <input_file_ref idref="fl-2"/>
      </object_component>
      <object_component id="oc-12e">
         <name>.debug_info</name>
         <load_address>0xc24</load_address>
         <run_address>0xc24</run_address>
         <size>0x103e</size>
         <input_file_ref idref="fl-2"/>
      </object_component>
      <object_component id="oc-129">
         <name>.debug_info</name>
         <load_address>0x1c62</load_address>
         <run_address>0x1c62</run_address>
         <size>0x36f2</size>
         <input_file_ref idref="fl-2"/>
      </object_component>
      <object_component id="oc-1cb">
         <name>.debug_info</name>
         <load_address>0x5354</load_address>
         <run_address>0x5354</run_address>
         <size>0x9a</size>
         <input_file_ref idref="fl-2"/>
      </object_component>
      <object_component id="oc-8a">
         <name>.debug_info</name>
         <load_address>0x53ee</load_address>
         <run_address>0x53ee</run_address>
         <size>0x84</size>
         <input_file_ref idref="fl-2"/>
      </object_component>
      <object_component id="oc-10a">
         <name>.debug_info</name>
         <load_address>0x5472</load_address>
         <run_address>0x5472</run_address>
         <size>0x18b</size>
         <input_file_ref idref="fl-2"/>
      </object_component>
      <object_component id="oc-7a">
         <name>.debug_info</name>
         <load_address>0x55fd</load_address>
         <run_address>0x55fd</run_address>
         <size>0x1fa</size>
         <input_file_ref idref="fl-3"/>
      </object_component>
      <object_component id="oc-124">
         <name>.debug_info</name>
         <load_address>0x57f7</load_address>
         <run_address>0x57f7</run_address>
         <size>0x8b</size>
         <input_file_ref idref="fl-3"/>
      </object_component>
      <object_component id="oc-c5">
         <name>.debug_info</name>
         <load_address>0x5882</load_address>
         <run_address>0x5882</run_address>
         <size>0x599</size>
         <input_file_ref idref="fl-4"/>
      </object_component>
      <object_component id="oc-ce">
         <name>.debug_info</name>
         <load_address>0x5e1b</load_address>
         <run_address>0x5e1b</run_address>
         <size>0x57c</size>
         <input_file_ref idref="fl-5"/>
      </object_component>
      <object_component id="oc-cb">
         <name>.debug_info</name>
         <load_address>0x6397</load_address>
         <run_address>0x6397</run_address>
         <size>0x1ef</size>
         <input_file_ref idref="fl-5"/>
      </object_component>
      <object_component id="oc-ab">
         <name>.debug_info</name>
         <load_address>0x6586</load_address>
         <run_address>0x6586</run_address>
         <size>0x23a</size>
         <input_file_ref idref="fl-5"/>
      </object_component>
      <object_component id="oc-81">
         <name>.debug_info</name>
         <load_address>0x67c0</load_address>
         <run_address>0x67c0</run_address>
         <size>0x17a</size>
         <input_file_ref idref="fl-6"/>
      </object_component>
      <object_component id="oc-29">
         <name>.debug_info</name>
         <load_address>0x693a</load_address>
         <run_address>0x693a</run_address>
         <size>0xef</size>
         <input_file_ref idref="fl-6"/>
      </object_component>
      <object_component id="oc-74">
         <name>.debug_info</name>
         <load_address>0x6a29</load_address>
         <run_address>0x6a29</run_address>
         <size>0x256</size>
         <input_file_ref idref="fl-6"/>
      </object_component>
      <object_component id="oc-107">
         <name>.debug_info</name>
         <load_address>0x6c7f</load_address>
         <run_address>0x6c7f</run_address>
         <size>0xe8</size>
         <input_file_ref idref="fl-7"/>
      </object_component>
      <object_component id="oc-be">
         <name>.debug_info</name>
         <load_address>0x6d67</load_address>
         <run_address>0x6d67</run_address>
         <size>0x25a</size>
         <input_file_ref idref="fl-7"/>
      </object_component>
      <object_component id="oc-1af">
         <name>.debug_info</name>
         <load_address>0x6fc1</load_address>
         <run_address>0x6fc1</run_address>
         <size>0x7f5</size>
         <input_file_ref idref="fl-8"/>
      </object_component>
      <object_component id="oc-1ac">
         <name>.debug_info</name>
         <load_address>0x77b6</load_address>
         <run_address>0x77b6</run_address>
         <size>0xd9</size>
         <input_file_ref idref="fl-8"/>
      </object_component>
      <object_component id="oc-13b">
         <name>.debug_info</name>
         <load_address>0x788f</load_address>
         <run_address>0x788f</run_address>
         <size>0x66c</size>
         <input_file_ref idref="fl-8"/>
      </object_component>
      <object_component id="oc-ea">
         <name>.debug_info</name>
         <load_address>0x7efb</load_address>
         <run_address>0x7efb</run_address>
         <size>0x566</size>
         <input_file_ref idref="fl-9"/>
      </object_component>
      <object_component id="oc-1b6">
         <name>.debug_info</name>
         <load_address>0x8461</load_address>
         <run_address>0x8461</run_address>
         <size>0x4a4</size>
         <input_file_ref idref="fl-f"/>
      </object_component>
      <object_component id="oc-1b3">
         <name>.debug_info</name>
         <load_address>0x8905</load_address>
         <run_address>0x8905</run_address>
         <size>0xd0</size>
         <input_file_ref idref="fl-f"/>
      </object_component>
      <object_component id="oc-14e">
         <name>.debug_info</name>
         <load_address>0x89d5</load_address>
         <run_address>0x89d5</run_address>
         <size>0x1dd</size>
         <input_file_ref idref="fl-f"/>
      </object_component>
      <object_component id="oc-1d4">
         <name>.debug_info</name>
         <load_address>0x8bb2</load_address>
         <run_address>0x8bb2</run_address>
         <size>0x103e</size>
         <input_file_ref idref="fl-f"/>
      </object_component>
      <object_component id="oc-1b8">
         <name>.debug_info</name>
         <load_address>0x9bf0</load_address>
         <run_address>0x9bf0</run_address>
         <size>0x4ac</size>
         <input_file_ref idref="fl-10"/>
      </object_component>
      <object_component id="oc-1a6">
         <name>.debug_info</name>
         <load_address>0xa09c</load_address>
         <run_address>0xa09c</run_address>
         <size>0x182</size>
         <input_file_ref idref="fl-10"/>
      </object_component>
      <object_component id="oc-164">
         <name>.debug_info</name>
         <load_address>0xa21e</load_address>
         <run_address>0xa21e</run_address>
         <size>0x152</size>
         <input_file_ref idref="fl-10"/>
      </object_component>
      <object_component id="oc-182">
         <name>.debug_info</name>
         <load_address>0xa370</load_address>
         <run_address>0xa370</run_address>
         <size>0x153</size>
         <input_file_ref idref="fl-10"/>
      </object_component>
      <object_component id="oc-176">
         <name>.debug_info</name>
         <load_address>0xa4c3</load_address>
         <run_address>0xa4c3</run_address>
         <size>0x19c</size>
         <input_file_ref idref="fl-10"/>
      </object_component>
      <object_component id="oc-19a">
         <name>.debug_info</name>
         <load_address>0xa65f</load_address>
         <run_address>0xa65f</run_address>
         <size>0x17d</size>
         <input_file_ref idref="fl-10"/>
      </object_component>
      <object_component id="oc-1a0">
         <name>.debug_info</name>
         <load_address>0xa7dc</load_address>
         <run_address>0xa7dc</run_address>
         <size>0x181</size>
         <input_file_ref idref="fl-10"/>
      </object_component>
      <object_component id="oc-188">
         <name>.debug_info</name>
         <load_address>0xa95d</load_address>
         <run_address>0xa95d</run_address>
         <size>0x149</size>
         <input_file_ref idref="fl-10"/>
      </object_component>
      <object_component id="oc-18e">
         <name>.debug_info</name>
         <load_address>0xaaa6</load_address>
         <run_address>0xaaa6</run_address>
         <size>0x15d</size>
         <input_file_ref idref="fl-10"/>
      </object_component>
      <object_component id="oc-194">
         <name>.debug_info</name>
         <load_address>0xac03</load_address>
         <run_address>0xac03</run_address>
         <size>0x161</size>
         <input_file_ref idref="fl-10"/>
      </object_component>
      <object_component id="oc-170">
         <name>.debug_info</name>
         <load_address>0xad64</load_address>
         <run_address>0xad64</run_address>
         <size>0x138</size>
         <input_file_ref idref="fl-10"/>
      </object_component>
      <object_component id="oc-152">
         <name>.debug_info</name>
         <load_address>0xae9c</load_address>
         <run_address>0xae9c</run_address>
         <size>0x160</size>
         <input_file_ref idref="fl-10"/>
      </object_component>
      <object_component id="oc-17c">
         <name>.debug_info</name>
         <load_address>0xaffc</load_address>
         <run_address>0xaffc</run_address>
         <size>0x16f</size>
         <input_file_ref idref="fl-10"/>
      </object_component>
      <object_component id="oc-15e">
         <name>.debug_info</name>
         <load_address>0xb16b</load_address>
         <run_address>0xb16b</run_address>
         <size>0x13a</size>
         <input_file_ref idref="fl-10"/>
      </object_component>
      <object_component id="oc-158">
         <name>.debug_info</name>
         <load_address>0xb2a5</load_address>
         <run_address>0xb2a5</run_address>
         <size>0x13c</size>
         <input_file_ref idref="fl-10"/>
      </object_component>
      <object_component id="oc-16a">
         <name>.debug_info</name>
         <load_address>0xb3e1</load_address>
         <run_address>0xb3e1</run_address>
         <size>0x16b</size>
         <input_file_ref idref="fl-10"/>
      </object_component>
      <object_component id="oc-25">
         <name>.debug_info</name>
         <load_address>0xb54c</load_address>
         <run_address>0xb54c</run_address>
         <size>0x17c</size>
         <input_file_ref idref="fl-c8"/>
      </object_component>
      <object_component id="oc-37">
         <name>.debug_info</name>
         <load_address>0xb6c8</load_address>
         <run_address>0xb6c8</run_address>
         <size>0x15c</size>
         <input_file_ref idref="fl-c9"/>
      </object_component>
      <object_component id="oc-12">
         <name>.debug_info</name>
         <load_address>0xb824</load_address>
         <run_address>0xb824</run_address>
         <size>0x1fb</size>
         <input_file_ref idref="fl-c9"/>
      </object_component>
      <object_component id="oc-32">
         <name>.debug_info</name>
         <load_address>0xba1f</load_address>
         <run_address>0xba1f</run_address>
         <size>0x46</size>
         <input_file_ref idref="fl-c9"/>
      </object_component>
      <object_component id="oc-83">
         <name>.debug_info</name>
         <load_address>0xba65</load_address>
         <run_address>0xba65</run_address>
         <size>0x2c</size>
         <input_file_ref idref="fl-c9"/>
      </object_component>
      <object_component id="oc-3f">
         <name>.debug_info</name>
         <load_address>0xba91</load_address>
         <run_address>0xba91</run_address>
         <size>0x150</size>
         <input_file_ref idref="fl-ca"/>
      </object_component>
      <object_component id="oc-39">
         <name>.debug_info</name>
         <load_address>0xbbe1</load_address>
         <run_address>0xbbe1</run_address>
         <size>0x263</size>
         <input_file_ref idref="fl-ca"/>
      </object_component>
      <object_component id="oc-17">
         <name>.debug_info</name>
         <load_address>0xbe44</load_address>
         <run_address>0xbe44</run_address>
         <size>0x1cd</size>
         <input_file_ref idref="fl-ca"/>
      </object_component>
      <object_component id="oc-40">
         <name>.debug_info</name>
         <load_address>0xc011</load_address>
         <run_address>0xc011</run_address>
         <size>0x39</size>
         <input_file_ref idref="fl-ca"/>
      </object_component>
      <object_component id="oc-92">
         <name>.debug_info</name>
         <load_address>0xc04a</load_address>
         <run_address>0xc04a</run_address>
         <size>0x2c</size>
         <input_file_ref idref="fl-ca"/>
      </object_component>
      <object_component id="oc-b9">
         <name>.debug_info</name>
         <load_address>0xc076</load_address>
         <run_address>0xc076</run_address>
         <size>0x250</size>
         <input_file_ref idref="fl-cc"/>
      </object_component>
      <object_component id="oc-b3">
         <name>.debug_info</name>
         <load_address>0xc2c6</load_address>
         <run_address>0xc2c6</run_address>
         <size>0x1a1</size>
         <input_file_ref idref="fl-cc"/>
      </object_component>
      <object_component id="oc-6a">
         <name>.debug_info</name>
         <load_address>0xc467</load_address>
         <run_address>0xc467</run_address>
         <size>0x230</size>
         <input_file_ref idref="fl-cc"/>
      </object_component>
      <object_component id="oc-11a">
         <name>.debug_info</name>
         <load_address>0xc697</load_address>
         <run_address>0xc697</run_address>
         <size>0x13c</size>
         <input_file_ref idref="fl-cd"/>
      </object_component>
      <object_component id="oc-115">
         <name>.debug_info</name>
         <load_address>0xc7d3</load_address>
         <run_address>0xc7d3</run_address>
         <size>0x14e</size>
         <input_file_ref idref="fl-ce"/>
      </object_component>
      <object_component id="oc-110">
         <name>.debug_info</name>
         <load_address>0xc921</load_address>
         <run_address>0xc921</run_address>
         <size>0x140</size>
         <input_file_ref idref="fl-cf"/>
      </object_component>
      <object_component id="oc-2d">
         <name>.debug_info</name>
         <load_address>0xca61</load_address>
         <run_address>0xca61</run_address>
         <size>0x12d</size>
         <input_file_ref idref="fl-d0"/>
      </object_component>
      <object_component id="oc-46">
         <name>.debug_info</name>
         <load_address>0xcb8e</load_address>
         <run_address>0xcb8e</run_address>
         <size>0x15b</size>
         <input_file_ref idref="fl-d1"/>
      </object_component>
      <object_component id="oc-52">
         <name>.debug_info</name>
         <load_address>0xcce9</load_address>
         <run_address>0xcce9</run_address>
         <size>0x154</size>
         <input_file_ref idref="fl-d2"/>
      </object_component>
      <object_component id="oc-58">
         <name>.debug_info</name>
         <load_address>0xce3d</load_address>
         <run_address>0xce3d</run_address>
         <size>0x164</size>
         <input_file_ref idref="fl-d3"/>
      </object_component>
      <object_component id="oc-70">
         <name>.debug_info</name>
         <load_address>0xcfa1</load_address>
         <run_address>0xcfa1</run_address>
         <size>0x125</size>
         <input_file_ref idref="fl-d4"/>
      </object_component>
      <object_component id="oc-102">
         <name>.debug_info</name>
         <load_address>0xd0c6</load_address>
         <run_address>0xd0c6</run_address>
         <size>0x140</size>
         <input_file_ref idref="fl-d5"/>
      </object_component>
      <object_component id="oc-b6">
         <name>.debug_info</name>
         <load_address>0xd206</load_address>
         <run_address>0xd206</run_address>
         <size>0x12f</size>
         <input_file_ref idref="fl-d5"/>
      </object_component>
      <object_component id="oc-fb">
         <name>.debug_info</name>
         <load_address>0xd335</load_address>
         <run_address>0xd335</run_address>
         <size>0x23b</size>
         <input_file_ref idref="fl-d5"/>
      </object_component>
      <object_component id="oc-b1">
         <name>.debug_info</name>
         <load_address>0xd570</load_address>
         <run_address>0xd570</run_address>
         <size>0x182</size>
         <input_file_ref idref="fl-d6"/>
      </object_component>
      <object_component id="oc-64">
         <name>.debug_info</name>
         <load_address>0xd6f2</load_address>
         <run_address>0xd6f2</run_address>
         <size>0x183</size>
         <input_file_ref idref="fl-d6"/>
      </object_component>
      <object_component id="oc-f3">
         <name>.debug_info</name>
         <load_address>0xd875</load_address>
         <run_address>0xd875</run_address>
         <size>0x5e</size>
         <input_file_ref idref="fl-d6"/>
      </object_component>
      <object_component id="oc-a9">
         <name>.debug_info</name>
         <load_address>0xd8d3</load_address>
         <run_address>0xd8d3</run_address>
         <size>0x305</size>
         <input_file_ref idref="fl-d7"/>
      </object_component>
      <object_component id="oc-5e">
         <name>.debug_info</name>
         <load_address>0xdbd8</load_address>
         <run_address>0xdbd8</run_address>
         <size>0x1ac</size>
         <input_file_ref idref="fl-d7"/>
      </object_component>
      <object_component id="oc-d9">
         <name>.debug_info</name>
         <load_address>0xdd84</load_address>
         <run_address>0xdd84</run_address>
         <size>0x39</size>
         <input_file_ref idref="fl-d7"/>
      </object_component>
      <object_component id="oc-de">
         <name>.debug_info</name>
         <load_address>0xddbd</load_address>
         <run_address>0xddbd</run_address>
         <size>0xcd</size>
         <input_file_ref idref="fl-d7"/>
      </object_component>
      <object_component id="oc-d5">
         <name>.debug_info</name>
         <load_address>0xde8a</load_address>
         <run_address>0xde8a</run_address>
         <size>0x1fc</size>
         <input_file_ref idref="fl-d8"/>
      </object_component>
      <object_component id="oc-9d">
         <name>.debug_info</name>
         <load_address>0xe086</load_address>
         <run_address>0xe086</run_address>
         <size>0x19f</size>
         <input_file_ref idref="fl-d8"/>
      </object_component>
      <object_component id="oc-135">
         <name>.debug_info</name>
         <load_address>0xe225</load_address>
         <run_address>0xe225</run_address>
         <size>0x2c</size>
         <input_file_ref idref="fl-d8"/>
      </object_component>
      <object_component id="oc-a3">
         <name>.debug_info</name>
         <load_address>0xe251</load_address>
         <run_address>0xe251</run_address>
         <size>0x161</size>
         <input_file_ref idref="fl-d9"/>
      </object_component>
      <object_component id="oc-200">
         <name>.debug_info</name>
         <load_address>0xe3b2</load_address>
         <run_address>0xe3b2</run_address>
         <size>0x9e</size>
      </object_component>
      <object_component id="oc-1b1">
         <name>.debug_line</name>
         <load_address>0x0</load_address>
         <run_address>0x0</run_address>
         <size>0x54</size>
         <input_file_ref idref="fl-2"/>
      </object_component>
      <object_component id="oc-e7">
         <name>.debug_line</name>
         <load_address>0x54</load_address>
         <run_address>0x54</run_address>
         <size>0x212</size>
         <input_file_ref idref="fl-2"/>
      </object_component>
      <object_component id="oc-131">
         <name>.debug_line</name>
         <load_address>0x266</load_address>
         <run_address>0x266</run_address>
         <size>0x66</size>
         <input_file_ref idref="fl-2"/>
      </object_component>
      <object_component id="oc-12c">
         <name>.debug_line</name>
         <load_address>0x2cc</load_address>
         <run_address>0x2cc</run_address>
         <size>0x63</size>
         <input_file_ref idref="fl-2"/>
      </object_component>
      <object_component id="oc-1ce">
         <name>.debug_line</name>
         <load_address>0x32f</load_address>
         <run_address>0x32f</run_address>
         <size>0x79</size>
         <input_file_ref idref="fl-2"/>
      </object_component>
      <object_component id="oc-8d">
         <name>.debug_line</name>
         <load_address>0x3a8</load_address>
         <run_address>0x3a8</run_address>
         <size>0x20</size>
         <input_file_ref idref="fl-2"/>
      </object_component>
      <object_component id="oc-10d">
         <name>.debug_line</name>
         <load_address>0x3c8</load_address>
         <run_address>0x3c8</run_address>
         <size>0x77</size>
         <input_file_ref idref="fl-2"/>
      </object_component>
      <object_component id="oc-7d">
         <name>.debug_line</name>
         <load_address>0x43f</load_address>
         <run_address>0x43f</run_address>
         <size>0xc0</size>
         <input_file_ref idref="fl-3"/>
      </object_component>
      <object_component id="oc-127">
         <name>.debug_line</name>
         <load_address>0x4ff</load_address>
         <run_address>0x4ff</run_address>
         <size>0x20</size>
         <input_file_ref idref="fl-3"/>
      </object_component>
      <object_component id="oc-c8">
         <name>.debug_line</name>
         <load_address>0x51f</load_address>
         <run_address>0x51f</run_address>
         <size>0x183</size>
         <input_file_ref idref="fl-4"/>
      </object_component>
      <object_component id="oc-123">
         <name>.debug_line</name>
         <load_address>0x6a2</load_address>
         <run_address>0x6a2</run_address>
         <size>0x68</size>
         <input_file_ref idref="fl-5"/>
      </object_component>
      <object_component id="oc-121">
         <name>.debug_line</name>
         <load_address>0x70a</load_address>
         <run_address>0x70a</run_address>
         <size>0x2d</size>
         <input_file_ref idref="fl-5"/>
      </object_component>
      <object_component id="oc-ae">
         <name>.debug_line</name>
         <load_address>0x737</load_address>
         <run_address>0x737</run_address>
         <size>0xc2</size>
         <input_file_ref idref="fl-5"/>
      </object_component>
      <object_component id="oc-d3">
         <name>.debug_line</name>
         <load_address>0x7f9</load_address>
         <run_address>0x7f9</run_address>
         <size>0x40</size>
         <input_file_ref idref="fl-6"/>
      </object_component>
      <object_component id="oc-80">
         <name>.debug_line</name>
         <load_address>0x839</load_address>
         <run_address>0x839</run_address>
         <size>0x40</size>
         <input_file_ref idref="fl-6"/>
      </object_component>
      <object_component id="oc-77">
         <name>.debug_line</name>
         <load_address>0x879</load_address>
         <run_address>0x879</run_address>
         <size>0xa1</size>
         <input_file_ref idref="fl-6"/>
      </object_component>
      <object_component id="oc-147">
         <name>.debug_line</name>
         <load_address>0x91a</load_address>
         <run_address>0x91a</run_address>
         <size>0x3b</size>
         <input_file_ref idref="fl-7"/>
      </object_component>
      <object_component id="oc-c1">
         <name>.debug_line</name>
         <load_address>0x955</load_address>
         <run_address>0x955</run_address>
         <size>0x146</size>
         <input_file_ref idref="fl-7"/>
      </object_component>
      <object_component id="oc-1ca">
         <name>.debug_line</name>
         <load_address>0xa9b</load_address>
         <run_address>0xa9b</run_address>
         <size>0xd3</size>
         <input_file_ref idref="fl-8"/>
      </object_component>
      <object_component id="oc-1c8">
         <name>.debug_line</name>
         <load_address>0xb6e</load_address>
         <run_address>0xb6e</run_address>
         <size>0x38</size>
         <input_file_ref idref="fl-8"/>
      </object_component>
      <object_component id="oc-13e">
         <name>.debug_line</name>
         <load_address>0xba6</load_address>
         <run_address>0xba6</run_address>
         <size>0xe8</size>
         <input_file_ref idref="fl-8"/>
      </object_component>
      <object_component id="oc-ed">
         <name>.debug_line</name>
         <load_address>0xc8e</load_address>
         <run_address>0xc8e</run_address>
         <size>0x129</size>
         <input_file_ref idref="fl-9"/>
      </object_component>
      <object_component id="oc-1d3">
         <name>.debug_line</name>
         <load_address>0xdb7</load_address>
         <run_address>0xdb7</run_address>
         <size>0x31</size>
         <input_file_ref idref="fl-f"/>
      </object_component>
      <object_component id="oc-1d1">
         <name>.debug_line</name>
         <load_address>0xde8</load_address>
         <run_address>0xde8</run_address>
         <size>0x2a</size>
         <input_file_ref idref="fl-f"/>
      </object_component>
      <object_component id="oc-14d">
         <name>.debug_line</name>
         <load_address>0xe12</load_address>
         <run_address>0xe12</run_address>
         <size>0x50</size>
         <input_file_ref idref="fl-f"/>
      </object_component>
      <object_component id="oc-1d7">
         <name>.debug_line</name>
         <load_address>0xe62</load_address>
         <run_address>0xe62</run_address>
         <size>0x5e</size>
         <input_file_ref idref="fl-f"/>
      </object_component>
      <object_component id="oc-1da">
         <name>.debug_line</name>
         <load_address>0xec0</load_address>
         <run_address>0xec0</run_address>
         <size>0x31</size>
         <input_file_ref idref="fl-10"/>
      </object_component>
      <object_component id="oc-1a9">
         <name>.debug_line</name>
         <load_address>0xef1</load_address>
         <run_address>0xef1</run_address>
         <size>0x3e</size>
         <input_file_ref idref="fl-10"/>
      </object_component>
      <object_component id="oc-167">
         <name>.debug_line</name>
         <load_address>0xf2f</load_address>
         <run_address>0xf2f</run_address>
         <size>0x3e</size>
         <input_file_ref idref="fl-10"/>
      </object_component>
      <object_component id="oc-185">
         <name>.debug_line</name>
         <load_address>0xf6d</load_address>
         <run_address>0xf6d</run_address>
         <size>0x44</size>
         <input_file_ref idref="fl-10"/>
      </object_component>
      <object_component id="oc-179">
         <name>.debug_line</name>
         <load_address>0xfb1</load_address>
         <run_address>0xfb1</run_address>
         <size>0x52</size>
         <input_file_ref idref="fl-10"/>
      </object_component>
      <object_component id="oc-19d">
         <name>.debug_line</name>
         <load_address>0x1003</load_address>
         <run_address>0x1003</run_address>
         <size>0x44</size>
         <input_file_ref idref="fl-10"/>
      </object_component>
      <object_component id="oc-1a3">
         <name>.debug_line</name>
         <load_address>0x1047</load_address>
         <run_address>0x1047</run_address>
         <size>0x4a</size>
         <input_file_ref idref="fl-10"/>
      </object_component>
      <object_component id="oc-18b">
         <name>.debug_line</name>
         <load_address>0x1091</load_address>
         <run_address>0x1091</run_address>
         <size>0x3e</size>
         <input_file_ref idref="fl-10"/>
      </object_component>
      <object_component id="oc-191">
         <name>.debug_line</name>
         <load_address>0x10cf</load_address>
         <run_address>0x10cf</run_address>
         <size>0x3e</size>
         <input_file_ref idref="fl-10"/>
      </object_component>
      <object_component id="oc-197">
         <name>.debug_line</name>
         <load_address>0x110d</load_address>
         <run_address>0x110d</run_address>
         <size>0x48</size>
         <input_file_ref idref="fl-10"/>
      </object_component>
      <object_component id="oc-173">
         <name>.debug_line</name>
         <load_address>0x1155</load_address>
         <run_address>0x1155</run_address>
         <size>0x3e</size>
         <input_file_ref idref="fl-10"/>
      </object_component>
      <object_component id="oc-155">
         <name>.debug_line</name>
         <load_address>0x1193</load_address>
         <run_address>0x1193</run_address>
         <size>0x41</size>
         <input_file_ref idref="fl-10"/>
      </object_component>
      <object_component id="oc-17f">
         <name>.debug_line</name>
         <load_address>0x11d4</load_address>
         <run_address>0x11d4</run_address>
         <size>0x3e</size>
         <input_file_ref idref="fl-10"/>
      </object_component>
      <object_component id="oc-161">
         <name>.debug_line</name>
         <load_address>0x1212</load_address>
         <run_address>0x1212</run_address>
         <size>0x3e</size>
         <input_file_ref idref="fl-10"/>
      </object_component>
      <object_component id="oc-15b">
         <name>.debug_line</name>
         <load_address>0x1250</load_address>
         <run_address>0x1250</run_address>
         <size>0x3e</size>
         <input_file_ref idref="fl-10"/>
      </object_component>
      <object_component id="oc-16d">
         <name>.debug_line</name>
         <load_address>0x128e</load_address>
         <run_address>0x128e</run_address>
         <size>0x3e</size>
         <input_file_ref idref="fl-10"/>
      </object_component>
      <object_component id="oc-23">
         <name>.debug_line</name>
         <load_address>0x12cc</load_address>
         <run_address>0x12cc</run_address>
         <size>0x53</size>
         <input_file_ref idref="fl-c8"/>
      </object_component>
      <object_component id="oc-89">
         <name>.debug_line</name>
         <load_address>0x131f</load_address>
         <run_address>0x131f</run_address>
         <size>0xa5</size>
         <input_file_ref idref="fl-c9"/>
      </object_component>
      <object_component id="oc-14">
         <name>.debug_line</name>
         <load_address>0x13c4</load_address>
         <run_address>0x13c4</run_address>
         <size>0x55</size>
         <input_file_ref idref="fl-c9"/>
      </object_component>
      <object_component id="oc-35">
         <name>.debug_line</name>
         <load_address>0x1419</load_address>
         <run_address>0x1419</run_address>
         <size>0x3a</size>
         <input_file_ref idref="fl-c9"/>
      </object_component>
      <object_component id="oc-86">
         <name>.debug_line</name>
         <load_address>0x1453</load_address>
         <run_address>0x1453</run_address>
         <size>0xa5</size>
         <input_file_ref idref="fl-c9"/>
      </object_component>
      <object_component id="oc-91">
         <name>.debug_line</name>
         <load_address>0x14f8</load_address>
         <run_address>0x14f8</run_address>
         <size>0xa5</size>
         <input_file_ref idref="fl-ca"/>
      </object_component>
      <object_component id="oc-3c">
         <name>.debug_line</name>
         <load_address>0x159d</load_address>
         <run_address>0x159d</run_address>
         <size>0x98</size>
         <input_file_ref idref="fl-ca"/>
      </object_component>
      <object_component id="oc-1a">
         <name>.debug_line</name>
         <load_address>0x1635</load_address>
         <run_address>0x1635</run_address>
         <size>0x4b</size>
         <input_file_ref idref="fl-ca"/>
      </object_component>
      <object_component id="oc-43">
         <name>.debug_line</name>
         <load_address>0x1680</load_address>
         <run_address>0x1680</run_address>
         <size>0x39</size>
         <input_file_ref idref="fl-ca"/>
      </object_component>
      <object_component id="oc-95">
         <name>.debug_line</name>
         <load_address>0x16b9</load_address>
         <run_address>0x16b9</run_address>
         <size>0xa5</size>
         <input_file_ref idref="fl-ca"/>
      </object_component>
      <object_component id="oc-105">
         <name>.debug_line</name>
         <load_address>0x175e</load_address>
         <run_address>0x175e</run_address>
         <size>0x128</size>
         <input_file_ref idref="fl-cc"/>
      </object_component>
      <object_component id="oc-f9">
         <name>.debug_line</name>
         <load_address>0x1886</load_address>
         <run_address>0x1886</run_address>
         <size>0x2a</size>
         <input_file_ref idref="fl-cc"/>
      </object_component>
      <object_component id="oc-6d">
         <name>.debug_line</name>
         <load_address>0x18b0</load_address>
         <run_address>0x18b0</run_address>
         <size>0x86</size>
         <input_file_ref idref="fl-cc"/>
      </object_component>
      <object_component id="oc-11d">
         <name>.debug_line</name>
         <load_address>0x1936</load_address>
         <run_address>0x1936</run_address>
         <size>0x77</size>
         <input_file_ref idref="fl-cd"/>
      </object_component>
      <object_component id="oc-118">
         <name>.debug_line</name>
         <load_address>0x19ad</load_address>
         <run_address>0x19ad</run_address>
         <size>0x8e</size>
         <input_file_ref idref="fl-ce"/>
      </object_component>
      <object_component id="oc-113">
         <name>.debug_line</name>
         <load_address>0x1a3b</load_address>
         <run_address>0x1a3b</run_address>
         <size>0x50</size>
         <input_file_ref idref="fl-cf"/>
      </object_component>
      <object_component id="oc-30">
         <name>.debug_line</name>
         <load_address>0x1a8b</load_address>
         <run_address>0x1a8b</run_address>
         <size>0x88</size>
         <input_file_ref idref="fl-d0"/>
      </object_component>
      <object_component id="oc-49">
         <name>.debug_line</name>
         <load_address>0x1b13</load_address>
         <run_address>0x1b13</run_address>
         <size>0x79</size>
         <input_file_ref idref="fl-d1"/>
      </object_component>
      <object_component id="oc-55">
         <name>.debug_line</name>
         <load_address>0x1b8c</load_address>
         <run_address>0x1b8c</run_address>
         <size>0x3d</size>
         <input_file_ref idref="fl-d2"/>
      </object_component>
      <object_component id="oc-5b">
         <name>.debug_line</name>
         <load_address>0x1bc9</load_address>
         <run_address>0x1bc9</run_address>
         <size>0x40</size>
         <input_file_ref idref="fl-d3"/>
      </object_component>
      <object_component id="oc-bc">
         <name>.debug_line</name>
         <load_address>0x1c09</load_address>
         <run_address>0x1c09</run_address>
         <size>0x33</size>
         <input_file_ref idref="fl-d4"/>
      </object_component>
      <object_component id="oc-145">
         <name>.debug_line</name>
         <load_address>0x1c3c</load_address>
         <run_address>0x1c3c</run_address>
         <size>0x20</size>
         <input_file_ref idref="fl-d5"/>
      </object_component>
      <object_component id="oc-101">
         <name>.debug_line</name>
         <load_address>0x1c5c</load_address>
         <run_address>0x1c5c</run_address>
         <size>0x2b</size>
         <input_file_ref idref="fl-d5"/>
      </object_component>
      <object_component id="oc-fe">
         <name>.debug_line</name>
         <load_address>0x1c87</load_address>
         <run_address>0x1c87</run_address>
         <size>0x68</size>
         <input_file_ref idref="fl-d5"/>
      </object_component>
      <object_component id="oc-f2">
         <name>.debug_line</name>
         <load_address>0x1cef</load_address>
         <run_address>0x1cef</run_address>
         <size>0x2b</size>
         <input_file_ref idref="fl-d6"/>
      </object_component>
      <object_component id="oc-67">
         <name>.debug_line</name>
         <load_address>0x1d1a</load_address>
         <run_address>0x1d1a</run_address>
         <size>0x50</size>
         <input_file_ref idref="fl-d6"/>
      </object_component>
      <object_component id="oc-f6">
         <name>.debug_line</name>
         <load_address>0x1d6a</load_address>
         <run_address>0x1d6a</run_address>
         <size>0x2b</size>
         <input_file_ref idref="fl-d6"/>
      </object_component>
      <object_component id="oc-d8">
         <name>.debug_line</name>
         <load_address>0x1d95</load_address>
         <run_address>0x1d95</run_address>
         <size>0xc4</size>
         <input_file_ref idref="fl-d7"/>
      </object_component>
      <object_component id="oc-61">
         <name>.debug_line</name>
         <load_address>0x1e59</load_address>
         <run_address>0x1e59</run_address>
         <size>0x8b</size>
         <input_file_ref idref="fl-d7"/>
      </object_component>
      <object_component id="oc-dc">
         <name>.debug_line</name>
         <load_address>0x1ee4</load_address>
         <run_address>0x1ee4</run_address>
         <size>0x2e</size>
         <input_file_ref idref="fl-d7"/>
      </object_component>
      <object_component id="oc-e1">
         <name>.debug_line</name>
         <load_address>0x1f12</load_address>
         <run_address>0x1f12</run_address>
         <size>0xa6</size>
         <input_file_ref idref="fl-d7"/>
      </object_component>
      <object_component id="oc-134">
         <name>.debug_line</name>
         <load_address>0x1fb8</load_address>
         <run_address>0x1fb8</run_address>
         <size>0xb3</size>
         <input_file_ref idref="fl-d8"/>
      </object_component>
      <object_component id="oc-a0">
         <name>.debug_line</name>
         <load_address>0x206b</load_address>
         <run_address>0x206b</run_address>
         <size>0x68</size>
         <input_file_ref idref="fl-d8"/>
      </object_component>
      <object_component id="oc-138">
         <name>.debug_line</name>
         <load_address>0x20d3</load_address>
         <run_address>0x20d3</run_address>
         <size>0x2e</size>
         <input_file_ref idref="fl-d8"/>
      </object_component>
      <object_component id="oc-a6">
         <name>.debug_line</name>
         <load_address>0x2101</load_address>
         <run_address>0x2101</run_address>
         <size>0x3c</size>
         <input_file_ref idref="fl-d9"/>
      </object_component>
      <object_component id="oc-e8">
         <name>.debug_frame</name>
         <load_address>0x0</load_address>
         <run_address>0x0</run_address>
         <size>0x165</size>
         <input_file_ref idref="fl-2"/>
      </object_component>
      <object_component id="oc-7e">
         <name>.debug_frame</name>
         <load_address>0x165</load_address>
         <run_address>0x165</run_address>
         <size>0xa8</size>
         <input_file_ref idref="fl-3"/>
      </object_component>
      <object_component id="oc-c9">
         <name>.debug_frame</name>
         <load_address>0x20d</load_address>
         <run_address>0x20d</run_address>
         <size>0x121</size>
         <input_file_ref idref="fl-4"/>
      </object_component>
      <object_component id="oc-af">
         <name>.debug_frame</name>
         <load_address>0x32e</load_address>
         <run_address>0x32e</run_address>
         <size>0x97</size>
         <input_file_ref idref="fl-5"/>
      </object_component>
      <object_component id="oc-78">
         <name>.debug_frame</name>
         <load_address>0x3c5</load_address>
         <run_address>0x3c5</run_address>
         <size>0xb9</size>
         <input_file_ref idref="fl-6"/>
      </object_component>
      <object_component id="oc-c2">
         <name>.debug_frame</name>
         <load_address>0x47e</load_address>
         <run_address>0x47e</run_address>
         <size>0x98</size>
         <input_file_ref idref="fl-7"/>
      </object_component>
      <object_component id="oc-13f">
         <name>.debug_frame</name>
         <load_address>0x516</load_address>
         <run_address>0x516</run_address>
         <size>0xef</size>
         <input_file_ref idref="fl-8"/>
      </object_component>
      <object_component id="oc-ee">
         <name>.debug_frame</name>
         <load_address>0x605</load_address>
         <run_address>0x605</run_address>
         <size>0x11b</size>
         <input_file_ref idref="fl-9"/>
      </object_component>
      <object_component id="oc-14c">
         <name>.debug_frame</name>
         <load_address>0x720</load_address>
         <run_address>0x720</run_address>
         <size>0x7f</size>
         <input_file_ref idref="fl-f"/>
      </object_component>
      <object_component id="oc-1aa">
         <name>.debug_frame</name>
         <load_address>0x79f</load_address>
         <run_address>0x79f</run_address>
         <size>0x7f</size>
         <input_file_ref idref="fl-10"/>
      </object_component>
      <object_component id="oc-168">
         <name>.debug_frame</name>
         <load_address>0x81e</load_address>
         <run_address>0x81e</run_address>
         <size>0x7f</size>
         <input_file_ref idref="fl-10"/>
      </object_component>
      <object_component id="oc-186">
         <name>.debug_frame</name>
         <load_address>0x89d</load_address>
         <run_address>0x89d</run_address>
         <size>0x86</size>
         <input_file_ref idref="fl-10"/>
      </object_component>
      <object_component id="oc-17a">
         <name>.debug_frame</name>
         <load_address>0x923</load_address>
         <run_address>0x923</run_address>
         <size>0x8a</size>
         <input_file_ref idref="fl-10"/>
      </object_component>
      <object_component id="oc-19e">
         <name>.debug_frame</name>
         <load_address>0x9ad</load_address>
         <run_address>0x9ad</run_address>
         <size>0x86</size>
         <input_file_ref idref="fl-10"/>
      </object_component>
      <object_component id="oc-1a4">
         <name>.debug_frame</name>
         <load_address>0xa33</load_address>
         <run_address>0xa33</run_address>
         <size>0x86</size>
         <input_file_ref idref="fl-10"/>
      </object_component>
      <object_component id="oc-18c">
         <name>.debug_frame</name>
         <load_address>0xab9</load_address>
         <run_address>0xab9</run_address>
         <size>0x7f</size>
         <input_file_ref idref="fl-10"/>
      </object_component>
      <object_component id="oc-192">
         <name>.debug_frame</name>
         <load_address>0xb38</load_address>
         <run_address>0xb38</run_address>
         <size>0x7f</size>
         <input_file_ref idref="fl-10"/>
      </object_component>
      <object_component id="oc-198">
         <name>.debug_frame</name>
         <load_address>0xbb7</load_address>
         <run_address>0xbb7</run_address>
         <size>0x8a</size>
         <input_file_ref idref="fl-10"/>
      </object_component>
      <object_component id="oc-174">
         <name>.debug_frame</name>
         <load_address>0xc41</load_address>
         <run_address>0xc41</run_address>
         <size>0x7f</size>
         <input_file_ref idref="fl-10"/>
      </object_component>
      <object_component id="oc-156">
         <name>.debug_frame</name>
         <load_address>0xcc0</load_address>
         <run_address>0xcc0</run_address>
         <size>0x86</size>
         <input_file_ref idref="fl-10"/>
      </object_component>
      <object_component id="oc-180">
         <name>.debug_frame</name>
         <load_address>0xd46</load_address>
         <run_address>0xd46</run_address>
         <size>0x7f</size>
         <input_file_ref idref="fl-10"/>
      </object_component>
      <object_component id="oc-162">
         <name>.debug_frame</name>
         <load_address>0xdc5</load_address>
         <run_address>0xdc5</run_address>
         <size>0x7f</size>
         <input_file_ref idref="fl-10"/>
      </object_component>
      <object_component id="oc-15c">
         <name>.debug_frame</name>
         <load_address>0xe44</load_address>
         <run_address>0xe44</run_address>
         <size>0x7f</size>
         <input_file_ref idref="fl-10"/>
      </object_component>
      <object_component id="oc-16e">
         <name>.debug_frame</name>
         <load_address>0xec3</load_address>
         <run_address>0xec3</run_address>
         <size>0x7f</size>
         <input_file_ref idref="fl-10"/>
      </object_component>
      <object_component id="oc-15">
         <name>.debug_frame</name>
         <load_address>0xf42</load_address>
         <run_address>0xf42</run_address>
         <size>0x7f</size>
         <input_file_ref idref="fl-c9"/>
      </object_component>
      <object_component id="oc-3d">
         <name>.debug_frame</name>
         <load_address>0xfc1</load_address>
         <run_address>0xfc1</run_address>
         <size>0x8e</size>
         <input_file_ref idref="fl-ca"/>
      </object_component>
      <object_component id="oc-1b">
         <name>.debug_frame</name>
         <load_address>0x104f</load_address>
         <run_address>0x104f</run_address>
         <size>0x7f</size>
         <input_file_ref idref="fl-ca"/>
      </object_component>
      <object_component id="oc-6e">
         <name>.debug_frame</name>
         <load_address>0x10ce</load_address>
         <run_address>0x10ce</run_address>
         <size>0xb3</size>
         <input_file_ref idref="fl-cc"/>
      </object_component>
      <object_component id="oc-56">
         <name>.debug_frame</name>
         <load_address>0x1181</load_address>
         <run_address>0x1181</run_address>
         <size>0x7f</size>
         <input_file_ref idref="fl-d2"/>
      </object_component>
      <object_component id="oc-5c">
         <name>.debug_frame</name>
         <load_address>0x1200</load_address>
         <run_address>0x1200</run_address>
         <size>0x7f</size>
         <input_file_ref idref="fl-d3"/>
      </object_component>
      <object_component id="oc-ff">
         <name>.debug_frame</name>
         <load_address>0x127f</load_address>
         <run_address>0x127f</run_address>
         <size>0xa1</size>
         <input_file_ref idref="fl-d5"/>
      </object_component>
      <object_component id="oc-68">
         <name>.debug_frame</name>
         <load_address>0x1320</load_address>
         <run_address>0x1320</run_address>
         <size>0x7f</size>
         <input_file_ref idref="fl-d6"/>
      </object_component>
      <object_component id="oc-62">
         <name>.debug_frame</name>
         <load_address>0x139f</load_address>
         <run_address>0x139f</run_address>
         <size>0x8a</size>
         <input_file_ref idref="fl-d7"/>
      </object_component>
      <object_component id="oc-a1">
         <name>.debug_frame</name>
         <load_address>0x1429</load_address>
         <run_address>0x1429</run_address>
         <size>0x8e</size>
         <input_file_ref idref="fl-d8"/>
      </object_component>
      <object_component id="oc-a7">
         <name>.debug_frame</name>
         <load_address>0x14b7</load_address>
         <run_address>0x14b7</run_address>
         <size>0x7f</size>
         <input_file_ref idref="fl-d9"/>
      </object_component>
      <object_component id="oc-1b0">
         <name>.debug_abbrev</name>
         <load_address>0x0</load_address>
         <run_address>0x0</run_address>
         <size>0x91</size>
         <input_file_ref idref="fl-2"/>
      </object_component>
      <object_component id="oc-140">
         <name>.debug_abbrev</name>
         <load_address>0x91</load_address>
         <run_address>0x91</run_address>
         <size>0xd0</size>
         <input_file_ref idref="fl-2"/>
      </object_component>
      <object_component id="oc-130">
         <name>.debug_abbrev</name>
         <load_address>0x161</load_address>
         <run_address>0x161</run_address>
         <size>0x97</size>
         <input_file_ref idref="fl-2"/>
      </object_component>
      <object_component id="oc-12b">
         <name>.debug_abbrev</name>
         <load_address>0x1f8</load_address>
         <run_address>0x1f8</run_address>
         <size>0xbd</size>
         <input_file_ref idref="fl-2"/>
      </object_component>
      <object_component id="oc-1cd">
         <name>.debug_abbrev</name>
         <load_address>0x2b5</load_address>
         <run_address>0x2b5</run_address>
         <size>0x49</size>
         <input_file_ref idref="fl-2"/>
      </object_component>
      <object_component id="oc-8c">
         <name>.debug_abbrev</name>
         <load_address>0x2fe</load_address>
         <run_address>0x2fe</run_address>
         <size>0x1f</size>
         <input_file_ref idref="fl-2"/>
      </object_component>
      <object_component id="oc-10c">
         <name>.debug_abbrev</name>
         <load_address>0x31d</load_address>
         <run_address>0x31d</run_address>
         <size>0x35</size>
         <input_file_ref idref="fl-2"/>
      </object_component>
      <object_component id="oc-d1">
         <name>.debug_abbrev</name>
         <load_address>0x352</load_address>
         <run_address>0x352</run_address>
         <size>0x5e</size>
         <input_file_ref idref="fl-3"/>
      </object_component>
      <object_component id="oc-126">
         <name>.debug_abbrev</name>
         <load_address>0x3b0</load_address>
         <run_address>0x3b0</run_address>
         <size>0x1f</size>
         <input_file_ref idref="fl-3"/>
      </object_component>
      <object_component id="oc-11f">
         <name>.debug_abbrev</name>
         <load_address>0x3cf</load_address>
         <run_address>0x3cf</run_address>
         <size>0x6c</size>
         <input_file_ref idref="fl-4"/>
      </object_component>
      <object_component id="oc-122">
         <name>.debug_abbrev</name>
         <load_address>0x43b</load_address>
         <run_address>0x43b</run_address>
         <size>0xbc</size>
         <input_file_ref idref="fl-5"/>
      </object_component>
      <object_component id="oc-120">
         <name>.debug_abbrev</name>
         <load_address>0x4f7</load_address>
         <run_address>0x4f7</run_address>
         <size>0x29</size>
         <input_file_ref idref="fl-5"/>
      </object_component>
      <object_component id="oc-f0">
         <name>.debug_abbrev</name>
         <load_address>0x520</load_address>
         <run_address>0x520</run_address>
         <size>0x89</size>
         <input_file_ref idref="fl-5"/>
      </object_component>
      <object_component id="oc-d2">
         <name>.debug_abbrev</name>
         <load_address>0x5a9</load_address>
         <run_address>0x5a9</run_address>
         <size>0x68</size>
         <input_file_ref idref="fl-6"/>
      </object_component>
      <object_component id="oc-7f">
         <name>.debug_abbrev</name>
         <load_address>0x611</load_address>
         <run_address>0x611</run_address>
         <size>0x29</size>
         <input_file_ref idref="fl-6"/>
      </object_component>
      <object_component id="oc-c3">
         <name>.debug_abbrev</name>
         <load_address>0x63a</load_address>
         <run_address>0x63a</run_address>
         <size>0x85</size>
         <input_file_ref idref="fl-6"/>
      </object_component>
      <object_component id="oc-146">
         <name>.debug_abbrev</name>
         <load_address>0x6bf</load_address>
         <run_address>0x6bf</run_address>
         <size>0x29</size>
         <input_file_ref idref="fl-7"/>
      </object_component>
      <object_component id="oc-109">
         <name>.debug_abbrev</name>
         <load_address>0x6e8</load_address>
         <run_address>0x6e8</run_address>
         <size>0x8b</size>
         <input_file_ref idref="fl-7"/>
      </object_component>
      <object_component id="oc-1c9">
         <name>.debug_abbrev</name>
         <load_address>0x773</load_address>
         <run_address>0x773</run_address>
         <size>0xb8</size>
         <input_file_ref idref="fl-8"/>
      </object_component>
      <object_component id="oc-1c7">
         <name>.debug_abbrev</name>
         <load_address>0x82b</load_address>
         <run_address>0x82b</run_address>
         <size>0x29</size>
         <input_file_ref idref="fl-8"/>
      </object_component>
      <object_component id="oc-1ae">
         <name>.debug_abbrev</name>
         <load_address>0x854</load_address>
         <run_address>0x854</run_address>
         <size>0xa9</size>
         <input_file_ref idref="fl-8"/>
      </object_component>
      <object_component id="oc-142">
         <name>.debug_abbrev</name>
         <load_address>0x8fd</load_address>
         <run_address>0x8fd</run_address>
         <size>0x9b</size>
         <input_file_ref idref="fl-9"/>
      </object_component>
      <object_component id="oc-1d2">
         <name>.debug_abbrev</name>
         <load_address>0x998</load_address>
         <run_address>0x998</run_address>
         <size>0xb0</size>
         <input_file_ref idref="fl-f"/>
      </object_component>
      <object_component id="oc-1d0">
         <name>.debug_abbrev</name>
         <load_address>0xa48</load_address>
         <run_address>0xa48</run_address>
         <size>0x27</size>
         <input_file_ref idref="fl-f"/>
      </object_component>
      <object_component id="oc-1b5">
         <name>.debug_abbrev</name>
         <load_address>0xa6f</load_address>
         <run_address>0xa6f</run_address>
         <size>0x6c</size>
         <input_file_ref idref="fl-f"/>
      </object_component>
      <object_component id="oc-1d6">
         <name>.debug_abbrev</name>
         <load_address>0xadb</load_address>
         <run_address>0xadb</run_address>
         <size>0x97</size>
         <input_file_ref idref="fl-f"/>
      </object_component>
      <object_component id="oc-1d9">
         <name>.debug_abbrev</name>
         <load_address>0xb72</load_address>
         <run_address>0xb72</run_address>
         <size>0xb7</size>
         <input_file_ref idref="fl-10"/>
      </object_component>
      <object_component id="oc-1c6">
         <name>.debug_abbrev</name>
         <load_address>0xc29</load_address>
         <run_address>0xc29</run_address>
         <size>0x6c</size>
         <input_file_ref idref="fl-10"/>
      </object_component>
      <object_component id="oc-1bb">
         <name>.debug_abbrev</name>
         <load_address>0xc95</load_address>
         <run_address>0xc95</run_address>
         <size>0x6c</size>
         <input_file_ref idref="fl-10"/>
      </object_component>
      <object_component id="oc-1c0">
         <name>.debug_abbrev</name>
         <load_address>0xd01</load_address>
         <run_address>0xd01</run_address>
         <size>0x6c</size>
         <input_file_ref idref="fl-10"/>
      </object_component>
      <object_component id="oc-1be">
         <name>.debug_abbrev</name>
         <load_address>0xd6d</load_address>
         <run_address>0xd6d</run_address>
         <size>0x6c</size>
         <input_file_ref idref="fl-10"/>
      </object_component>
      <object_component id="oc-1c4">
         <name>.debug_abbrev</name>
         <load_address>0xdd9</load_address>
         <run_address>0xdd9</run_address>
         <size>0x6c</size>
         <input_file_ref idref="fl-10"/>
      </object_component>
      <object_component id="oc-1c5">
         <name>.debug_abbrev</name>
         <load_address>0xe45</load_address>
         <run_address>0xe45</run_address>
         <size>0x6c</size>
         <input_file_ref idref="fl-10"/>
      </object_component>
      <object_component id="oc-1c1">
         <name>.debug_abbrev</name>
         <load_address>0xeb1</load_address>
         <run_address>0xeb1</run_address>
         <size>0x6c</size>
         <input_file_ref idref="fl-10"/>
      </object_component>
      <object_component id="oc-1c2">
         <name>.debug_abbrev</name>
         <load_address>0xf1d</load_address>
         <run_address>0xf1d</run_address>
         <size>0x6e</size>
         <input_file_ref idref="fl-10"/>
      </object_component>
      <object_component id="oc-1c3">
         <name>.debug_abbrev</name>
         <load_address>0xf8b</load_address>
         <run_address>0xf8b</run_address>
         <size>0x6e</size>
         <input_file_ref idref="fl-10"/>
      </object_component>
      <object_component id="oc-1bd">
         <name>.debug_abbrev</name>
         <load_address>0xff9</load_address>
         <run_address>0xff9</run_address>
         <size>0x6e</size>
         <input_file_ref idref="fl-10"/>
      </object_component>
      <object_component id="oc-1b7">
         <name>.debug_abbrev</name>
         <load_address>0x1067</load_address>
         <run_address>0x1067</run_address>
         <size>0x6c</size>
         <input_file_ref idref="fl-10"/>
      </object_component>
      <object_component id="oc-1bf">
         <name>.debug_abbrev</name>
[...]
         <name>SRAM_CODE</name>
         <page_id>0x0</page_id>
         <origin>0x1000000</origin>
         <length>0x10000</length>
         <used_space>0x0</used_space>
         <unused_space>0x10000</unused_space>
         <attributes>RWX</attributes>
         <usage_details>
         </usage_details>
      </memory_area>
      <memory_area display="yes" color="green">
         <name>SRAM_DATA</name>
         <page_id>0x0</page_id>
         <origin>0x20000000</origin>
         <length>0x10000</length>
         <used_space>0x2a0</used_space>
         <unused_space>0xfd60</unused_space>
         <attributes>RW</attributes>
         <usage_details>
            <allocated_space>
               <start_address>0x20000000</start_address>
               <size>0x54</size>
               <logical_group_ref idref="lg-b"/>
            </allocated_space>
            <allocated_space>
               <start_address>0x20000054</start_address>
               <size>0x4c</size>
               <logical_group_ref idref="lg-c"/>
            </allocated_space>
            <available_space>
               <start_address>0x200000a0</start_address>
               <size>0xfd60</size>
            </available_space>
            <allocated_space>
               <start_address>0x2000fe00</start_address>
               <size>0x200</size>
               <logical_group_ref idref="lg-e"/>
            </allocated_space>
         </usage_details>
      </memory_area>
   </placement_map>
   <cptbl_list>
      <cptbl>
         <name>__TI_cinit_table</name>
         <cprec>
            <name>.data</name>
            <load_address>0x13a8</load_address>
            <load_size>0x4c</load_size>
            <run_address>0x20000000</run_address>
            <run_size>0x54</run_size>
            <compression>rle</compression>
         </cprec>
         <cprec>
            <name>.bss</name>
            <load_address>0x13f8</load_address>
            <load_size>0x9</load_size>
            <run_address>0x20000054</run_address>
            <run_size>0x4c</run_size>
            <compression>rle</compression>
         </cprec>
      </cptbl>
   </cptbl_list>
   <handler_table>
      <handler_table_name>__TI_handler_table</handler_table_name>
      <handler>
         <index>0x0</index>
         <name>__TI_decompress_rle24</name>
      </handler>
      <handler>
         <index>0x1</index>
         <name>__TI_decompress_none</name>
      </handler>
   </handler_table>
   <symbol_table>
      <symbol id="sm-1">
         <name>WDTCTL_SYM</name>
         <value>0x4000480c</value>
      </symbol>
      <symbol id="sm-2">
         <name>__TI_CINIT_Base</name>
         <value>0x140c</value>
      </symbol>
      <symbol id="sm-3">
         <name>__TI_CINIT_Limit</name>
         <value>0x141c</value>
      </symbol>
      <symbol id="sm-4">
         <name>__TI_Handler_Table_Base</name>
         <value>0x1404</value>
      </symbol>
      <symbol id="sm-5">
         <name>__TI_Handler_Table_Limit</name>
         <value>0x140c</value>
      </symbol>
      <symbol id="sm-6">
         <name>binit</name>
         <value>0xffffffff</value>
      </symbol>
      <symbol id="sm-7">
         <name>__binit__</name>
         <value>0xffffffff</value>
      </symbol>
      <symbol id="sm-8">
         <name>__STACK_SIZE</name>
         <value>0x200</value>
      </symbol>
      <symbol id="sm-9">
         <name>__STACK_END</name>
         <value>0x20010000</value>
      </symbol>
      <symbol id="sm-a">
         <name>__c_args__</name>
         <value>0xffffffff</value>
      </symbol>
      <symbol id="sm-b">
         <name>__TI_pprof_out_hndl</name>
         <value>0xffffffff</value>
      </symbol>
      <symbol id="sm-c">
         <name>__TI_prof_data_start</name>
         <value>0xffffffff</value>
      </symbol>
      <symbol id="sm-d">
         <name>__TI_prof_data_size</name>
         <value>0xffffffff</value>
      </symbol>
      <symbol id="sm-71">
         <name>ConfigP1ButtonInterrupt</name>
         <value>0x795</value>
         <object_component_ref idref="oc-e3"/>
      </symbol>
      <symbol id="sm-72">
         <name>ConfigLUXI2C</name>
         <value>0x80f</value>
         <object_component_ref idref="oc-e3"/>
      </symbol>
      <symbol id="sm-73">
         <name>EnableInterruptions</name>
         <value>0x767</value>
         <object_component_ref idref="oc-e3"/>
      </symbol>
      <symbol id="sm-74">
         <name>ConfigTimerA0UpMode</name>
         <value>0x7db</value>
         <object_component_ref idref="oc-e3"/>
      </symbol>
      <symbol id="sm-75">
         <name>ConfigP2LEDOutput</name>
         <value>0x777</value>
         <object_component_ref idref="oc-e3"/>
      </symbol>
      <symbol id="sm-76">
         <name>DisableInterruptions</name>
         <value>0x76f</value>
         <object_component_ref idref="oc-e3"/>
      </symbol>
      <symbol id="sm-77">
         <name>ConfigADC14Mic</name>
         <value>0x82f</value>
         <object_component_ref idref="oc-e3"/>
      </symbol>
      <symbol id="sm-9f">
         <name>TA0_0_ISR</name>
         <value>0xa11</value>
         <object_component_ref idref="oc-79"/>
      </symbol>
      <symbol id="sm-a0">
         <name>S1_PORT1_ISR</name>
         <value>0xa81</value>
         <object_component_ref idref="oc-79"/>
      </symbol>
      <symbol id="sm-a1">
         <name>ADC14_IRQHandler</name>
         <value>0xaab</value>
         <object_component_ref idref="oc-79"/>
      </symbol>
      <symbol id="sm-d1">
         <name>InitVars</name>
         <value>0x493</value>
         <object_component_ref idref="oc-c4"/>
      </symbol>
      <symbol id="sm-d2">
         <name>FillSamplesArray</name>
         <value>0x549</value>
         <object_component_ref idref="oc-c4"/>
      </symbol>
      <symbol id="sm-d3">
         <name>ProcessMicData</name>
         <value>0x5d3</value>
         <object_component_ref idref="oc-c4"/>
      </symbol>
      <symbol id="sm-d4">
         <name>SetInitialState</name>
         <value>0x519</value>
         <object_component_ref idref="oc-c4"/>
      </symbol>
      <symbol id="sm-d5">
         <name>TurnLightOff</name>
         <value>0x4b7</value>
         <object_component_ref idref="oc-c4"/>
      </symbol>
      <symbol id="sm-d6">
         <name>SetUp</name>
         <value>0x469</value>
         <object_component_ref idref="oc-c4"/>
      </symbol>
      <symbol id="sm-d7">
         <name>InitialBlinking</name>
         <value>0x4bf</value>
         <object_component_ref idref="oc-c4"/>
      </symbol>
      <symbol id="sm-d8">
         <name>TurnLightOn</name>
         <value>0x4a7</value>
         <object_component_ref idref="oc-c4"/>
      </symbol>
      <symbol id="sm-fa">
         <name>g_i16ADCResults</name>
         <value>0x20000088</value>
      </symbol>
      <symbol id="sm-fb">
         <name>g_i16SamplesArray</name>
         <value>0x20000054</value>
      </symbol>
      <symbol id="sm-fc">
         <name>g_fLighValue</name>
         <value>0x2000009c</value>
      </symbol>
      <symbol id="sm-fd">
         <name>g_bGlobalFlags</name>
         <value>0x20000098</value>
      </symbol>
      <symbol id="sm-fe">
         <name>g_u8ADCMEMIndex</name>
         <value>0x20000048</value>
         <object_component_ref idref="oc-ca"/>
      </symbol>
      <symbol id="sm-ff">
         <name>g_u16TimerCounter_LED</name>
         <value>0x20000044</value>
         <object_component_ref idref="oc-ca"/>
      </symbol>
      <symbol id="sm-100">
         <name>main</name>
         <value>0xf51</value>
         <object_component_ref idref="oc-aa"/>
      </symbol>
      <symbol id="sm-101">
         <name>g_u8TimerCounter_Debouncer</name>
         <value>0x20000047</value>
         <object_component_ref idref="oc-ca"/>
      </symbol>
      <symbol id="sm-102">
         <name>g_u8ADCIndex</name>
         <value>0x20000049</value>
         <object_component_ref idref="oc-ca"/>
      </symbol>
      <symbol id="sm-103">
         <name>g_u8TimerCounter_ADC14</name>
         <value>0x20000046</value>
         <object_component_ref idref="oc-ca"/>
      </symbol>
      <symbol id="sm-104">
         <name>g_i16LastResult</name>
         <value>0x2000004a</value>
         <object_component_ref idref="oc-ca"/>
      </symbol>
      <symbol id="sm-121">
         <name>interruptVectors</name>
         <value>0x0</value>
         <object_component_ref idref="oc-28"/>
      </symbol>
      <symbol id="sm-168">
         <name>SystemInit</name>
         <value>0x3b5</value>
         <object_component_ref idref="oc-bd"/>
      </symbol>
      <symbol id="sm-169">
         <name>SystemCoreClockUpdate</name>
         <value>0x141</value>
         <object_component_ref idref="oc-bd"/>
      </symbol>
      <symbol id="sm-16a">
         <name>SystemCoreClock</name>
         <value>0x20000050</value>
         <object_component_ref idref="oc-106"/>
      </symbol>
      <symbol id="sm-189">
         <name>I2C_init</name>
         <value>0xb45</value>
         <object_component_ref idref="oc-13a"/>
      </symbol>
      <symbol id="sm-18a">
         <name>I2C_setslave</name>
         <value>0xc27</value>
         <object_component_ref idref="oc-13a"/>
      </symbol>
      <symbol id="sm-18b">
         <name>Init_I2C_GPIO</name>
         <value>0xb2d</value>
         <object_component_ref idref="oc-13a"/>
      </symbol>
      <symbol id="sm-18c">
         <name>I2C_read16</name>
         <value>0xb5d</value>
         <object_component_ref idref="oc-13a"/>
      </symbol>
      <symbol id="sm-18d">
         <name>I2C_write16</name>
         <value>0xbe3</value>
         <object_component_ref idref="oc-13a"/>
      </symbol>
      <symbol id="sm-18e">
         <name>i2cConfig</name>
         <value>0x1390</value>
         <object_component_ref idref="oc-1ab"/>
      </symbol>
      <symbol id="sm-1af">
         <name>OPT3001_getLux</name>
         <value>0x939</value>
         <object_component_ref idref="oc-e9"/>
      </symbol>
      <symbol id="sm-1b0">
         <name>OPT3001_readManufacturerId</name>
         <value>0x8e9</value>
         <object_component_ref idref="oc-e9"/>
      </symbol>
      <symbol id="sm-1b1">
         <name>OPT3001_readDeviceId</name>
         <value>0x8f9</value>
         <object_component_ref idref="oc-e9"/>
      </symbol>
      <symbol id="sm-1b2">
         <name>OPT3001_readLowLimitReg</name>
         <value>0x919</value>
         <object_component_ref idref="oc-e9"/>
      </symbol>
      <symbol id="sm-1b3">
         <name>OPT3001_readConfigReg</name>
         <value>0x909</value>
         <object_component_ref idref="oc-e9"/>
      </symbol>
      <symbol id="sm-1b4">
         <name>OPT3001_init</name>
         <value>0x8d5</value>
         <object_component_ref idref="oc-e9"/>
      </symbol>
      <symbol id="sm-1b5">
         <name>OPT3001_readHighLimitReg</name>
         <value>0x929</value>
         <object_component_ref idref="oc-e9"/>
      </symbol>
      <symbol id="sm-1d5">
         <name>GPIO_setAsPeripheralModuleFunctionOutputPin</name>
         <value>0x10cd</value>
         <object_component_ref idref="oc-14b"/>
      </symbol>
      <symbol id="sm-26b">
         <name>I2C_masterSendMultiByteStop</name>
         <value>0x124d</value>
         <object_component_ref idref="oc-181"/>
      </symbol>
      <symbol id="sm-26c">
         <name>I2C_masterSendMultiByteFinish</name>
         <value>0x1165</value>
         <object_component_ref idref="oc-19f"/>
      </symbol>
      <symbol id="sm-26d">
         <name>I2C_masterSendMultiByteNext</name>
         <value>0x12ad</value>
         <object_component_ref idref="oc-199"/>
      </symbol>
      <symbol id="sm-26e">
         <name>I2C_masterSendMultiByteStart</name>
         <value>0x11e5</value>
         <object_component_ref idref="oc-175"/>
      </symbol>
      <symbol id="sm-26f">
         <name>I2C_masterReceiveMultiByteNext</name>
         <value>0x137b</value>
         <object_component_ref idref="oc-18d"/>
      </symbol>
      <symbol id="sm-270">
         <name>I2C_getInterruptStatus</name>
         <value>0x1375</value>
         <object_component_ref idref="oc-17b"/>
      </symbol>
      <symbol id="sm-271">
         <name>I2C_setMode</name>
         <value>0x1341</value>
         <object_component_ref idref="oc-163"/>
      </symbol>
      <symbol id="sm-272">
         <name>I2C_isBusBusy</name>
         <value>0x12e9</value>
         <object_component_ref idref="oc-16f"/>
      </symbol>
      <symbol id="sm-273">
         <name>I2C_masterReceiveMultiByteFinish</name>
         <value>0x121d</value>
         <object_component_ref idref="oc-193"/>
      </symbol>
      <symbol id="sm-274">
         <name>I2C_enableModule</name>
         <value>0x1369</value>
         <object_component_ref idref="oc-15d"/>
      </symbol>
      <symbol id="sm-275">
         <name>I2C_masterReceiveStart</name>
         <value>0x1323</value>
         <object_component_ref idref="oc-187"/>
      </symbol>
      <symbol id="sm-276">
         <name>I2C_clearInterruptFlag</name>
         <value>0x1333</value>
         <object_component_ref idref="oc-169"/>
      </symbol>
      <symbol id="sm-277">
         <name>I2C_setSlaveAddress</name>
         <value>0x1387</value>
         <object_component_ref idref="oc-1a5"/>
      </symbol>
      <symbol id="sm-278">
         <name>I2C_initMaster</name>
         <value>0x11a5</value>
         <object_component_ref idref="oc-151"/>
      </symbol>
      <symbol id="sm-279">
         <name>I2C_disableModule</name>
         <value>0x135d</value>
         <object_component_ref idref="oc-157"/>
      </symbol>
      <symbol id="sm-28c">
         <name>_c_int00</name>
         <value>0x1025</value>
         <object_component_ref idref="oc-22"/>
      </symbol>
      <symbol id="sm-28d">
         <name>__stack</name>
         <value>0x2000fe00</value>
         <object_component_ref idref="oc-2b"/>
      </symbol>
      <symbol id="sm-2a4">
         <name>__TI_decompress_none</name>
         <value>0x134f</value>
         <object_component_ref idref="oc-10"/>
      </symbol>
      <symbol id="sm-2cc">
         <name>__TI_decompress_rle24</name>
         <value>0x1381</value>
         <object_component_ref idref="oc-16"/>
      </symbol>
      <symbol id="sm-2ee">
         <name>C$$EXIT</name>
         <value>0x1079</value>
         <object_component_ref idref="oc-69"/>
      </symbol>
      <symbol id="sm-2ef">
         <name>abort</name>
         <value>0x107d</value>
         <object_component_ref idref="oc-69"/>
      </symbol>
      <symbol id="sm-2f0">
         <name>exit</name>
         <value>0x1085</value>
         <object_component_ref idref="oc-69"/>
      </symbol>
      <symbol id="sm-2f1">
         <name>__TI_dtors_ptr</name>
         <value>0x20000034</value>
         <object_component_ref idref="oc-b2"/>
      </symbol>
      <symbol id="sm-2f2">
         <name>__TI_cleanup_ptr</name>
         <value>0x20000030</value>
         <object_component_ref idref="oc-b2"/>
      </symbol>
      <symbol id="sm-2f3">
         <name>__TI_enable_exit_profile_output</name>
         <value>0x20000038</value>
         <object_component_ref idref="oc-b2"/>
      </symbol>
      <symbol id="sm-305">
         <name>__aeabi_cdcmpeq</name>
         <value>0xddd</value>
         <object_component_ref idref="oc-119"/>
      </symbol>
      <symbol id="sm-306">
         <name>__aeabi_cdcmple</name>
         <value>0xddd</value>
         <object_component_ref idref="oc-119"/>
      </symbol>
      <symbol id="sm-311">
         <name>__aeabi_dmul</name>
         <value>0xc45</value>
         <object_component_ref idref="oc-114"/>
      </symbol>
      <symbol id="sm-31b">
         <name>__aeabi_i2d</name>
         <value>0x127d</value>
         <object_component_ref idref="oc-10f"/>
      </symbol>
      <symbol id="sm-336">
         <name>memcpy</name>
         <value>0xd41</value>
         <object_component_ref idref="oc-2c"/>
      </symbol>
      <symbol id="sm-337">
         <name>__aeabi_memcpy</name>
         <value>0xd41</value>
         <object_component_ref idref="oc-2c"/>
      </symbol>
      <symbol id="sm-338">
         <name>__aeabi_memcpy8</name>
         <value>0xd41</value>
         <object_component_ref idref="oc-2c"/>
      </symbol>
      <symbol id="sm-339">
         <name>__aeabi_memcpy4</name>
         <value>0xd41</value>
         <object_component_ref idref="oc-2c"/>
      </symbol>
      <symbol id="sm-348">
         <name>__aeabi_memset</name>
         <value>0xe65</value>
         <object_component_ref idref="oc-45"/>
      </symbol>
      <symbol id="sm-349">
         <name>memset</name>
         <value>0xe6b</value>
         <object_component_ref idref="oc-45"/>
      </symbol>
      <symbol id="sm-34a">
         <name>__aeabi_memset8</name>
         <value>0xe65</value>
         <object_component_ref idref="oc-45"/>
      </symbol>
      <symbol id="sm-34b">
         <name>__aeabi_memset4</name>
         <value>0xe65</value>
         <object_component_ref idref="oc-45"/>
      </symbol>
      <symbol id="sm-34c">
         <name>__aeabi_memclr8</name>
         <value>0xe63</value>
         <object_component_ref idref="oc-45"/>
      </symbol>
      <symbol id="sm-34d">
         <name>__aeabi_memclr4</name>
         <value>0xe63</value>
         <object_component_ref idref="oc-45"/>
      </symbol>
      <symbol id="sm-34e">
         <name>__aeabi_memclr</name>
         <value>0xe63</value>
         <object_component_ref idref="oc-45"/>
      </symbol>
      <symbol id="sm-358">
         <name>__mpu_init</name>
         <value>0x1023</value>
         <object_component_ref idref="oc-51"/>
      </symbol>
      <symbol id="sm-362">
         <name>_system_pre_init</name>
         <value>0x138b</value>
         <object_component_ref idref="oc-57"/>
      </symbol>
      <symbol id="sm-36a">
         <name>main_func_sp</name>
         <value>0x2000004c</value>
         <object_component_ref idref="oc-6f"/>
      </symbol>
      <symbol id="sm-383">
         <name>_nop</name>
         <value>0x130b</value>
         <object_component_ref idref="oc-fa"/>
      </symbol>
      <symbol id="sm-384">
         <name>_lock</name>
         <value>0x2000003c</value>
         <object_component_ref idref="oc-b5"/>
      </symbol>
      <symbol id="sm-385">
         <name>_unlock</name>
         <value>0x20000040</value>
         <object_component_ref idref="oc-b5"/>
      </symbol>
      <symbol id="sm-386">
         <name>_register_lock</name>
         <value>0x1303</value>
         <object_component_ref idref="oc-fa"/>
      </symbol>
      <symbol id="sm-387">
         <name>_register_unlock</name>
         <value>0x12fd</value>
         <object_component_ref idref="oc-fa"/>
      </symbol>
      <symbol id="sm-39b">
         <name>_args_main</name>
         <value>0x12d1</value>
         <object_component_ref idref="oc-63"/>
      </symbol>
      <symbol id="sm-3c0">
         <name>__TI_auto_init</name>
         <value>0xedd</value>
         <object_component_ref idref="oc-5d"/>
      </symbol>
      <symbol id="sm-3da">
         <name>copy_in</name>
         <value>0x1119</value>
         <object_component_ref idref="oc-9c"/>
      </symbol>
      <symbol id="sm-3e4">
         <name>_system_post_cinit</name>
         <value>0x11e3</value>
         <object_component_ref idref="oc-a2"/>
      </symbol>
      <symbol id="sm-3e5">
         <name>__TI_static_base__</name>
         <value>0x0</value>
      </symbol>
      <symbol id="sm-3e8">
         <name>SHT$$INIT_ARRAY$$Limit</name>
         <value>0x0</value>
      </symbol>
      <symbol id="sm-3e9">
         <name>SHT$$INIT_ARRAY$$Base</name>
         <value>0x0</value>
      </symbol>
   </symbol_table>
   <title>Link successful</title>
</link_info>
