******************************************************************************
                  TI ARM Linker Unix v15.12.1                  
******************************************************************************
>> Linked Sun Sep 11 16:06:45 2016

OUTPUT FILE NAME:   <Lab01.out>
ENTRY POINT SYMBOL: "_c_int00"  address: 00001025


MEMORY CONFIGURATION

         name            origin    length      used     unused   attr    fill
----------------------  --------  ---------  --------  --------  ----  --------
  MAIN                  00000000   00040000  00001416  0003ebea  R  X
  INFO                  00200000   00004000  00000000  00004000  R  X
  SRAM_CODE             01000000   00010000  00000000  00010000  RW X
  SRAM_DATA             20000000   00010000  000002a0  0000fd60  RW  


SEGMENT ALLOCATION MAP

run origin  load origin   length   init length attrs members
----------  ----------- ---------- ----------- ----- -------
00000000    00000000    0000141c   0000141c    r-x
  00000000    00000000    00000140   00000140    r-- .intvecs
  00000140    00000140    0000124e   0000124e    r-x .text
  00001390    00001390    00000014   00000014    r-- .const
  000013a8    000013a8    00000074   00000074    r-- .cinit
20000000    20000000    000000a0   00000000    rw-
  20000000    20000000    00000054   00000000    rw- .data
  20000054    20000054    0000004c   00000000    rw- .bss
2000fe00    2000fe00    00000200   00000000    rw-
  2000fe00    2000fe00    00000200   00000000    rw- .stack


SECTION ALLOCATION MAP

 output                                  attributes/
section   page    origin      length       input sections
--------  ----  ----------  ----------   ----------------
.intvecs   0    00000000    00000140     
                  00000000    00000140     startup_msp432p401r_ccs.obj (.intvecs:retain)

.text      0    00000140    0000124e     
                  00000140    00000328     system_msp432p401r.obj (.text)
                  00000468    00000294     lab01.obj (.text)
                  000006fc    000001d8     hardware.obj (.text)
                  000008d4    0000013c     HAL_OPT3001.obj (.text)
                  00000a10    0000011c     interruptions.obj (.text)
                  00000b2c    00000118     HAL_I2C.obj (.text)
                  00000c44    000000fc     rtsv7M4_T_le_v4SPD16_eabi.lib : fd_mul_t2.obj (.text)
                  00000d40    0000009c                                   : memcpy_t2.obj (.text)
                  00000ddc    00000086                                   : fd_cmp_t2.obj (.text:__aeabi_cdcmple)
                  00000e62    0000007a                                   : memset_t2.obj (.text)
                  00000edc    00000070                                   : autoinit.obj (.text)
                  00000f4c    0000006c     main.obj (.text)
                  00000fb8    0000006a     rtsv7M4_T_le_v4SPD16_eabi.lib : copy_decompress_rle.obj (.text)
                  00001022    00000002                                   : mpu_init.obj (.text)
                  00001024    00000054                                   : boot.obj (.text)
                  00001078    00000054                                   : exit.obj (.text)
                  000010cc    0000004c     msp432p4xx_driverlib.lib : gpio.o (.text:GPIO_setAsPeripheralModuleFunctionOutputPin)
                  00001118    0000004c     rtsv7M4_T_le_v4SPD16_eabi.lib : cpy_tbl.obj (.text)
                  00001164    00000040     msp432p4xx_driverlib.lib : i2c.o (.text:I2C_masterSendMultiByteFinish)
                  000011a4    0000003e                              : i2c.o (.text:I2C_initMaster)
                  000011e2    00000002     rtsv7M4_T_le_v4SPD16_eabi.lib : startup.obj (.text)
                  000011e4    00000038     msp432p4xx_driverlib.lib : i2c.o (.text:I2C_masterSendMultiByteStart)
                  0000121c    00000030                              : i2c.o (.text:I2C_masterReceiveMultiByteFinish)
                  0000124c    00000030                              : i2c.o (.text:I2C_masterSendMultiByteStop)
                  0000127c    0000002e     rtsv7M4_T_le_v4SPD16_eabi.lib : i_tofd_t2.obj (.text)
                  000012aa    00000002     --HOLE-- [fill = 0]
                  000012ac    00000024     msp432p4xx_driverlib.lib : i2c.o (.text:I2C_masterSendMultiByteNext)
                  000012d0    00000018     rtsv7M4_T_le_v4SPD16_eabi.lib : args_main.obj (.text)
                  000012e8    00000014     msp432p4xx_driverlib.lib : i2c.o (.text:I2C_isBusBusy)
                  000012fc    00000014     rtsv7M4_T_le_v4SPD16_eabi.lib : _lock.obj (.text)
                  00001310    00000012     startup_msp432p401r_ccs.obj (.text)
                  00001322    00000010     msp432p4xx_driverlib.lib : i2c.o (.text:I2C_masterReceiveStart)
                  00001332    0000000e                              : i2c.o (.text:I2C_clearInterruptFlag)
                  00001340    0000000e                              : i2c.o (.text:I2C_setMode)
                  0000134e    0000000e     rtsv7M4_T_le_v4SPD16_eabi.lib : copy_decompress_none.obj (.text:decompress:none)
                  0000135c    0000000c     msp432p4xx_driverlib.lib : i2c.o (.text:I2C_disableModule)
                  00001368    0000000c                              : i2c.o (.text:I2C_enableModule)
                  00001374    00000006                              : i2c.o (.text:I2C_getInterruptStatus)
                  0000137a    00000006                              : i2c.o (.text:I2C_masterReceiveMultiByteNext)
                  00001380    00000006     rtsv7M4_T_le_v4SPD16_eabi.lib : copy_decompress_rle.obj (.text:decompress:rle24)
                  00001386    00000004     msp432p4xx_driverlib.lib : i2c.o (.text:I2C_setSlaveAddress)
                  0000138a    00000004     rtsv7M4_T_le_v4SPD16_eabi.lib : pre_init.obj (.text)

.const     0    00001390    00000014     
                  00001390    00000014     HAL_I2C.obj (.const:i2cConfig)

.cinit     0    000013a8    00000074     
                  000013a8    0000004c     (.cinit..data.load) [load image, compression = rle]
                  000013f4    00000004     --HOLE-- [fill = 0]
                  000013f8    00000009     (.cinit..bss.load) [load image, compression = rle]
                  00001401    00000003     --HOLE-- [fill = 0]
                  00001404    00000008     (__TI_handler_table)
                  0000140c    00000010     (__TI_cinit_table)

.init_array 
*          0    00000000    00000000     UNINITIALIZED

.data      0    20000000    00000054     UNINITIALIZED
                  20000000    00000030     msp432p4xx_driverlib.lib : gpio.o (.data:GPIO_PORT_TO_BASE)
                  20000030    0000000c     rtsv7M4_T_le_v4SPD16_eabi.lib : exit.obj (.data:$O1$$)
                  2000003c    00000008                                   : _lock.obj (.data:$O1$$)
                  20000044    00000008     main.obj (.data)
                  2000004c    00000004     rtsv7M4_T_le_v4SPD16_eabi.lib : stkdepth_vars.obj (.data)
                  20000050    00000004     system_msp432p401r.obj (.data)

.bss       0    20000054    0000004c     UNINITIALIZED
                  20000054    00000034     (.common:g_i16SamplesArray)
                  20000088    00000010     (.common:g_i16ADCResults)
                  20000098    00000004     (.common:g_bGlobalFlags)
                  2000009c    00000004     (.common:g_fLighValue)

.stack     0    2000fe00    00000200     UNINITIALIZED
                  2000fe00    00000200     --HOLE--

MODULE SUMMARY

       Module                        code   ro data   rw data
       ------                        ----   -------   -------
    ./
       system_msp432p401r.obj        808    0         4      
       lab01.obj                     660    0         0      
       hardware.obj                  472    0         0      
       startup_msp432p401r_ccs.obj   18     320       0      
       interruptions.obj             284    0         0      
       main.obj                      108    0         84     
    +--+-----------------------------+------+---------+---------+
       Total:                        2350   320       88     
                                                             
    ./include/
       HAL_OPT3001.obj               316    0         0      
       HAL_I2C.obj                   280    20        0      
    +--+-----------------------------+------+---------+---------+
       Total:                        596    20        0      
                                                             
    /home/fabian/local/CCS/ccsv6/tools/compiler/ti-cgt-arm_15.12.1.LTS/lib/rtsv7M4_T_le_v4SPD16_eabi.lib
       fd_mul_t2.obj                 252    0         0      
       memcpy_t2.obj                 156    0         0      
       fd_cmp_t2.obj                 134    0         0      
       memset_t2.obj                 122    0         0      
       autoinit.obj                  112    0         0      
       copy_decompress_rle.obj       112    0         0      
       exit.obj                      84     0         12     
       boot.obj                      84     0         0      
       cpy_tbl.obj                   76     0         0      
       i_tofd_t2.obj                 46     0         0      
       _lock.obj                     20     0         8      
       args_main.obj                 24     0         0      
       copy_decompress_none.obj      14     0         0      
       pre_init.obj                  4      0         0      
       stkdepth_vars.obj             0      0         4      
       mpu_init.obj                  2      0         0      
       startup.obj                   2      0         0      
    +--+-----------------------------+------+---------+---------+
       Total:                        1244   0         24     
                                                             
    /home/fabian/local/MSPWare/MSP432Ware_3_50_00_02/driverlib/driverlib/MSP432P4xx/ccs/msp432p4xx_driverlib.lib
       i2c.o                         418    0         0      
       gpio.o                        76     0         48     
    +--+-----------------------------+------+---------+---------+
       Total:                        494    0         48     
                                                             
       Stack:                        0      0         512    
       Linker Generated:             0      109       0      
    +--+-----------------------------+------+---------+---------+
       Grand Total:                  4684   449       672    


LINKER GENERATED COPY TABLES

__TI_cinit_table @ 0000140c records: 2, size/record: 8, table size: 16
	.data: load addr=000013a8, load size=0000004c bytes, run addr=20000000, run size=00000054 bytes, compression=rle
	.bss: load addr=000013f8, load size=00000009 bytes, run addr=20000054, run size=0000004c bytes, compression=rle


LINKER GENERATED HANDLER TABLE

__TI_handler_table @ 00001404 records: 2, size/record: 4, table size: 8
	index: 0, handler: __TI_decompress_rle24
	index: 1, handler: __TI_decompress_none


GLOBAL SYMBOLS: SORTED ALPHABETICALLY BY Name 

address   name                                       
-------   ----                                       
00000aab  ADC14_IRQHandler                           
00001079  C$$EXIT                                    
0000082f  ConfigADC14Mic                             
0000080f  ConfigLUXI2C                               
00000795  ConfigP1ButtonInterrupt                    
00000777  ConfigP2LEDOutput                          
000007db  ConfigTimerA0UpMode                        
0000076f  DisableInterruptions                       
00000767  EnableInterruptions                        
00000549  FillSamplesArray                           
000010cd  GPIO_setAsPeripheralModuleFunctionOutputPin
00001333  I2C_clearInterruptFlag                     
0000135d  I2C_disableModule                          
00001369  I2C_enableModule                           
00001375  I2C_getInterruptStatus                     
00000b45  I2C_init                                   
000011a5  I2C_initMaster                             
000012e9  I2C_isBusBusy                              
0000121d  I2C_masterReceiveMultiByteFinish           
0000137b  I2C_masterReceiveMultiByteNext             
00001323  I2C_masterReceiveStart                     
00001165  I2C_masterSendMultiByteFinish              
000012ad  I2C_masterSendMultiByteNext                
000011e5  I2C_masterSendMultiByteStart               
0000124d  I2C_masterSendMultiByteStop                
00000b5d  I2C_read16                                 
00001341  I2C_setMode                                
00001387  I2C_setSlaveAddress                        
00000c27  I2C_setslave                               
00000be3  I2C_write16                                
00000493  InitVars                                   
00000b2d  Init_I2C_GPIO                              
000004bf  InitialBlinking                            
00000939  OPT3001_getLux                             
000008d5  OPT3001_init                               
00000909  OPT3001_readConfigReg                      
000008f9  OPT3001_readDeviceId                       
00000929  OPT3001_readHighLimitReg                   
00000919  OPT3001_readLowLimitReg                    
000008e9  OPT3001_readManufacturerId                 
000005d3  ProcessMicData                             
00000a81  S1_PORT1_ISR                               
UNDEFED   SHT$$INIT_ARRAY$$Base                      
UNDEFED   SHT$$INIT_ARRAY$$Limit                     
00000519  SetInitialState                            
00000469  SetUp                                      
20000050  SystemCoreClock                            
00000141  SystemCoreClockUpdate                      
000003b5  SystemInit                                 
00000a11  TA0_0_ISR                                  
000004b7  TurnLightOff                               
000004a7  TurnLightOn                                
4000480c  WDTCTL_SYM                                 
20010000  __STACK_END                                
00000200  __STACK_SIZE                               
0000140c  __TI_CINIT_Base                            
0000141c  __TI_CINIT_Limit                           
00001404  __TI_Handler_Table_Base                    
0000140c  __TI_Handler_Table_Limit                   
00000edd  __TI_auto_init                             
20000030  __TI_cleanup_ptr                           
0000134f  __TI_decompress_none                       
00001381  __TI_decompress_rle24                      
20000034  __TI_dtors_ptr                             
20000038  __TI_enable_exit_profile_output            
ffffffff  __TI_pprof_out_hndl                        
ffffffff  __TI_prof_data_size                        
ffffffff  __TI_prof_data_start                       
00000000  __TI_static_base__                         
00000ddd  __aeabi_cdcmpeq                            
00000ddd  __aeabi_cdcmple                            
00000c45  __aeabi_dmul                               
0000127d  __aeabi_i2d                                
00000e63  __aeabi_memclr                             
00000e63  __aeabi_memclr4                            
00000e63  __aeabi_memclr8                            
00000d41  __aeabi_memcpy                             
00000d41  __aeabi_memcpy4                            
00000d41  __aeabi_memcpy8                            
00000e65  __aeabi_memset                             
00000e65  __aeabi_memset4                            
00000e65  __aeabi_memset8                            
ffffffff  __binit__                                  
ffffffff  __c_args__                                 
00001023  __mpu_init                                 
2000fe00  __stack                                    
000012d1  _args_main                                 
00001025  _c_int00                                   
2000003c  _lock                                      
0000130b  _nop                                       
00001303  _register_lock                             
000012fd  _register_unlock                           
000011e3  _system_post_cinit                         
0000138b  _system_pre_init                           
20000040  _unlock                                    
0000107d  abort                                      
ffffffff  binit                                      
00001119  copy_in                                    
00001085  exit                                       
20000098  g_bGlobalFlags                             
2000009c  g_fLighValue                               
20000088  g_i16ADCResults                            
2000004a  g_i16LastResult                            
20000054  g_i16SamplesArray                          
20000044  g_u16TimerCounter_LED                      
20000049  g_u8ADCIndex                               
20000048  g_u8ADCMEMIndex                            
20000046  g_u8TimerCounter_ADC14                     
20000047  g_u8TimerCounter_Debouncer                 
00001390  i2cConfig                                  
00000000  interruptVectors                           
00000f51  main                                       
2000004c  main_func_sp                               
00000d41  memcpy                                     
00000e6b  memset                                     


GLOBAL SYMBOLS: SORTED BY Symbol Address 

address   name                                       
-------   ----                                       
00000000  __TI_static_base__                         
00000000  interruptVectors                           
00000141  SystemCoreClockUpdate                      
00000200  __STACK_SIZE                               
000003b5  SystemInit                                 
00000469  SetUp                                      
00000493  InitVars                                   
000004a7  TurnLightOn                                
000004b7  TurnLightOff                               
000004bf  InitialBlinking                            
00000519  SetInitialState                            
00000549  FillSamplesArray                           
000005d3  ProcessMicData                             
00000767  EnableInterruptions                        
0000076f  DisableInterruptions                       
00000777  ConfigP2LEDOutput                          
00000795  ConfigP1ButtonInterrupt                    
000007db  ConfigTimerA0UpMode                        
0000080f  ConfigLUXI2C                               
0000082f  ConfigADC14Mic                             
000008d5  OPT3001_init                               
000008e9  OPT3001_readManufacturerId                 
000008f9  OPT3001_readDeviceId                       
00000909  OPT3001_readConfigReg                      
00000919  OPT3001_readLowLimitReg                    
00000929  OPT3001_readHighLimitReg                   
00000939  OPT3001_getLux                             
00000a11  TA0_0_ISR                                  
00000a81  S1_PORT1_ISR                               
00000aab  ADC14_IRQHandler                           
00000b2d  Init_I2C_GPIO                              
00000b45  I2C_init                                   
00000b5d  I2C_read16                                 
00000be3  I2C_write16                                
00000c27  I2C_setslave                               
00000c45  __aeabi_dmul                               
00000d41  __aeabi_memcpy                             
00000d41  __aeabi_memcpy4                            
00000d41  __aeabi_memcpy8                            
00000d41  memcpy                                     
00000ddd  __aeabi_cdcmpeq                            
00000ddd  __aeabi_cdcmple                            
00000e63  __aeabi_memclr                             
00000e63  __aeabi_memclr4                            
00000e63  __aeabi_memclr8                            
00000e65  __aeabi_memset                             
00000e65  __aeabi_memset4                            
00000e65  __aeabi_memset8                            
00000e6b  memset                                     
00000edd  __TI_auto_init                             
00000f51  main                                       
00001023  __mpu_init                                 
00001025  _c_int00                                   
00001079  C$$EXIT                                    
0000107d  abort                                      
00001085  exit                                       
000010cd  GPIO_setAsPeripheralModuleFunctionOutputPin
00001119  copy_in                                    
00001165  I2C_masterSendMultiByteFinish              
000011a5  I2C_initMaster                             
000011e3  _system_post_cinit                         
000011e5  I2C_masterSendMultiByteStart               
0000121d  I2C_masterReceiveMultiByteFinish           
0000124d  I2C_masterSendMultiByteStop                
0000127d  __aeabi_i2d                                
000012ad  I2C_masterSendMultiByteNext                
000012d1  _args_main                                 
000012e9  I2C_isBusBusy                              
000012fd  _register_unlock                           
00001303  _register_lock                             
0000130b  _nop                                       
00001323  I2C_masterReceiveStart                     
00001333  I2C_clearInterruptFlag                     
00001341  I2C_setMode                                
0000134f  __TI_decompress_none                       
0000135d  I2C_disableModule                          
00001369  I2C_enableModule                           
00001375  I2C_getInterruptStatus                     
0000137b  I2C_masterReceiveMultiByteNext             
00001381  __TI_decompress_rle24                      
00001387  I2C_setSlaveAddress                        
0000138b  _system_pre_init                           
00001390  i2cConfig                                  
00001404  __TI_Handler_Table_Base                    
0000140c  __TI_CINIT_Base                            
0000140c  __TI_Handler_Table_Limit                   
0000141c  __TI_CINIT_Limit                           
20000030  __TI_cleanup_ptr                           
20000034  __TI_dtors_ptr                             
20000038  __TI_enable_exit_profile_output            
2000003c  _lock                                      
20000040  _unlock                                    
20000044  g_u16TimerCounter_LED                      
20000046  g_u8TimerCounter_ADC14                     
20000047  g_u8TimerCounter_Debouncer                 
20000048  g_u8ADCMEMIndex                            
20000049  g_u8ADCIndex                               
2000004a  g_i16LastResult                            
2000004c  main_func_sp                               
20000050  SystemCoreClock                            
20000054  g_i16SamplesArray                          
20000088  g_i16ADCResults                            
20000098  g_bGlobalFlags                             
2000009c  g_fLighValue                               
2000fe00  __stack                                    
20010000  __STACK_END                                
4000480c  WDTCTL_SYM                                 
ffffffff  __TI_pprof_out_hndl                        
ffffffff  __TI_prof_data_size                        
ffffffff  __TI_prof_data_start                       
ffffffff  __binit__                                  
ffffffff  __c_args__                                 
ffffffff  binit                                      
UNDEFED   SHT$$INIT_ARRAY$$Base                      
UNDEFED   SHT$$INIT_ARRAY$$Limit                     

[115 symbols]
