******************************************************************************
                  TI ARM Linker Unix v15.12.1                  
******************************************************************************
>> Linked Sat Sep 10 23:31:51 2016

OUTPUT FILE NAME:   <Lab01.out>
ENTRY POINT SYMBOL: "_c_int00"  address: 00000fed


MEMORY CONFIGURATION

         name            origin    length      used     unused   attr    fill
----------------------  --------  ---------  --------  --------  ----  --------
  MAIN                  00000000   00040000  000013de  0003ec22  R  X
  INFO                  00200000   00004000  00000000  00004000  R  X
  SRAM_CODE             01000000   00010000  00000000  00010000  RW X
  SRAM_DATA             20000000   00010000  000002a0  0000fd60  RW  


SEGMENT ALLOCATION MAP

run origin  load origin   length   init length attrs members
----------  ----------- ---------- ----------- ----- -------
00000000    00000000    000013e4   000013e4    r-x
  00000000    00000000    00000140   00000140    r-- .intvecs
  00000140    00000140    00001216   00001216    r-x .text
  00001358    00001358    00000014   00000014    r-- .const
  00001370    00001370    00000074   00000074    r-- .cinit
20000000    20000000    000000a0   00000000    rw-
  20000000    20000000    00000054   00000000    rw- .data
  20000054    20000054    0000004c   00000000    rw- .bss
2000fe00    2000fe00    00000200   00000000    rw-
  2000fe00    2000fe00    00000200   00000000    rw- .stack


SECTION ALLOCATION MAP

 output                                  attributes/
section   page    origin      length       input sections
--------  ----  ----------  ----------   ----------------
.intvecs   0    00000000    00000140     
                  00000000    00000140     startup_msp432p401r_ccs.obj (.intvecs:retain)

.text      0    00000140    00001216     
                  00000140    00000328     system_msp432p401r.obj (.text)
                  00000468    00000284     lab01.obj (.text)
                  000006ec    000001d8     hardware.obj (.text)
                  000008c4    0000013c     HAL_OPT3001.obj (.text)
                  00000a00    00000118     HAL_I2C.obj (.text)
                  00000b18    000000fc     rtsv7M4_T_le_v4SPD16_eabi.lib : fd_mul_t2.obj (.text)
                  00000c14    000000f4     interruptions.obj (.text)
                  00000d08    0000009c     rtsv7M4_T_le_v4SPD16_eabi.lib : memcpy_t2.obj (.text)
                  00000da4    00000086                                   : fd_cmp_t2.obj (.text:__aeabi_cdcmple)
                  00000e2a    0000007a                                   : memset_t2.obj (.text)
                  00000ea4    00000070                                   : autoinit.obj (.text)
                  00000f14    0000006c     main.obj (.text)
                  00000f80    0000006a     rtsv7M4_T_le_v4SPD16_eabi.lib : copy_decompress_rle.obj (.text)
                  00000fea    00000002                                   : mpu_init.obj (.text)
                  00000fec    00000054                                   : boot.obj (.text)
                  00001040    00000054                                   : exit.obj (.text)
                  00001094    0000004c     msp432p4xx_driverlib.lib : gpio.o (.text:GPIO_setAsPeripheralModuleFunctionOutputPin)
                  000010e0    0000004c     rtsv7M4_T_le_v4SPD16_eabi.lib : cpy_tbl.obj (.text)
                  0000112c    00000040     msp432p4xx_driverlib.lib : i2c.o (.text:I2C_masterSendMultiByteFinish)
                  0000116c    0000003e                              : i2c.o (.text:I2C_initMaster)
                  000011aa    00000002     rtsv7M4_T_le_v4SPD16_eabi.lib : startup.obj (.text)
                  000011ac    00000038     msp432p4xx_driverlib.lib : i2c.o (.text:I2C_masterSendMultiByteStart)
                  000011e4    00000030                              : i2c.o (.text:I2C_masterReceiveMultiByteFinish)
                  00001214    00000030                              : i2c.o (.text:I2C_masterSendMultiByteStop)
                  00001244    0000002e     rtsv7M4_T_le_v4SPD16_eabi.lib : i_tofd_t2.obj (.text)
                  00001272    00000002     --HOLE-- [fill = 0]
                  00001274    00000024     msp432p4xx_driverlib.lib : i2c.o (.text:I2C_masterSendMultiByteNext)
                  00001298    00000018     rtsv7M4_T_le_v4SPD16_eabi.lib : args_main.obj (.text)
                  000012b0    00000014     msp432p4xx_driverlib.lib : i2c.o (.text:I2C_isBusBusy)
                  000012c4    00000014     rtsv7M4_T_le_v4SPD16_eabi.lib : _lock.obj (.text)
                  000012d8    00000012     startup_msp432p401r_ccs.obj (.text)
                  000012ea    00000010     msp432p4xx_driverlib.lib : i2c.o (.text:I2C_masterReceiveStart)
                  000012fa    0000000e                              : i2c.o (.text:I2C_clearInterruptFlag)
                  00001308    0000000e                              : i2c.o (.text:I2C_setMode)
                  00001316    0000000e     rtsv7M4_T_le_v4SPD16_eabi.lib : copy_decompress_none.obj (.text:decompress:none)
                  00001324    0000000c     msp432p4xx_driverlib.lib : i2c.o (.text:I2C_disableModule)
                  00001330    0000000c                              : i2c.o (.text:I2C_enableModule)
                  0000133c    00000006                              : i2c.o (.text:I2C_getInterruptStatus)
                  00001342    00000006                              : i2c.o (.text:I2C_masterReceiveMultiByteNext)
                  00001348    00000006     rtsv7M4_T_le_v4SPD16_eabi.lib : copy_decompress_rle.obj (.text:decompress:rle24)
                  0000134e    00000004     msp432p4xx_driverlib.lib : i2c.o (.text:I2C_setSlaveAddress)
                  00001352    00000004     rtsv7M4_T_le_v4SPD16_eabi.lib : pre_init.obj (.text)

.const     0    00001358    00000014     
                  00001358    00000014     HAL_I2C.obj (.const:i2cConfig)

.cinit     0    00001370    00000074     
                  00001370    0000004c     (.cinit..data.load) [load image, compression = rle]
                  000013bc    00000004     --HOLE-- [fill = 0]
                  000013c0    00000009     (.cinit..bss.load) [load image, compression = rle]
                  000013c9    00000003     --HOLE-- [fill = 0]
                  000013cc    00000008     (__TI_handler_table)
                  000013d4    00000010     (__TI_cinit_table)

.init_array 
*          0    00000000    00000000     UNINITIALIZED

.data      0    20000000    00000054     UNINITIALIZED
                  20000000    00000030     msp432p4xx_driverlib.lib : gpio.o (.data:GPIO_PORT_TO_BASE)
                  20000030    0000000c     rtsv7M4_T_le_v4SPD16_eabi.lib : exit.obj (.data:$O1$$)
                  2000003c    00000008                                   : _lock.obj (.data:$O1$$)
                  20000044    00000006     main.obj (.data)
                  2000004a    00000002     --HOLE--
                  2000004c    00000004     rtsv7M4_T_le_v4SPD16_eabi.lib : stkdepth_vars.obj (.data)
                  20000050    00000004     system_msp432p401r.obj (.data)

.bss       0    20000054    0000004c     UNINITIALIZED
                  20000054    00000034     (.common:g_i16SamplesArray)
                  20000088    00000010     (.common:g_i16ADCResults)
                  20000098    00000004     (.common:g_bGlobalFlags)
                  2000009c    00000004     (.common:g_fLighValue)

.stack     0    2000fe00    00000200     UNINITIALIZED
                  2000fe00    00000200     --HOLE--

MODULE SUMMARY

       Module                        code   ro data   rw data
       ------                        ----   -------   -------
    ./
       system_msp432p401r.obj        808    0         4      
       lab01.obj                     644    0         0      
       hardware.obj                  472    0         0      
       startup_msp432p401r_ccs.obj   18     320       0      
       interruptions.obj             244    0         0      
       main.obj                      108    0         82     
    +--+-----------------------------+------+---------+---------+
       Total:                        2294   320       86     
                                                             
    ./include/
       HAL_OPT3001.obj               316    0         0      
       HAL_I2C.obj                   280    20        0      
    +--+-----------------------------+------+---------+---------+
       Total:                        596    20        0      
                                                             
    /home/fabian/local/CCS/ccsv6/tools/compiler/ti-cgt-arm_15.12.1.LTS/lib/rtsv7M4_T_le_v4SPD16_eabi.lib
       fd_mul_t2.obj                 252    0         0      
       memcpy_t2.obj                 156    0         0      
       fd_cmp_t2.obj                 134    0         0      
       memset_t2.obj                 122    0         0      
       autoinit.obj                  112    0         0      
       copy_decompress_rle.obj       112    0         0      
       exit.obj                      84     0         12     
       boot.obj                      84     0         0      
       cpy_tbl.obj                   76     0         0      
       i_tofd_t2.obj                 46     0         0      
       _lock.obj                     20     0         8      
       args_main.obj                 24     0         0      
       copy_decompress_none.obj      14     0         0      
       pre_init.obj                  4      0         0      
       stkdepth_vars.obj             0      0         4      
       mpu_init.obj                  2      0         0      
       startup.obj                   2      0         0      
    +--+-----------------------------+------+---------+---------+
       Total:                        1244   0         24     
                                                             
    /home/fabian/local/MSPWare/MSP432Ware_3_50_00_02/driverlib/driverlib/MSP432P4xx/ccs/msp432p4xx_driverlib.lib
       i2c.o                         418    0         0      
       gpio.o                        76     0         48     
    +--+-----------------------------+------+---------+---------+
       Total:                        494    0         48     
                                                             
       Stack:                        0      0         512    
       Linker Generated:             0      109       0      
    +--+-----------------------------+------+---------+---------+
       Grand Total:                  4628   449       670    


LINKER GENERATED COPY TABLES

__TI_cinit_table @ 000013d4 records: 2, size/record: 8, table size: 16
	.data: load addr=00001370, load size=0000004c bytes, run addr=20000000, run size=00000054 bytes, compression=rle
	.bss: load addr=000013c0, load size=00000009 bytes, run addr=20000054, run size=0000004c bytes, compression=rle


LINKER GENERATED HANDLER TABLE

__TI_handler_table @ 000013cc records: 2, size/record: 4, table size: 8
	index: 0, handler: __TI_decompress_rle24
	index: 1, handler: __TI_decompress_none


GLOBAL SYMBOLS: SORTED ALPHABETICALLY BY Name 

address   name                                       
-------   ----                                       
00000c8d  ADC14_IRQHandler                           
00001041  C$$EXIT                                    
0000081f  ConfigADC14Mic                             
000007ff  ConfigLUXI2C                               
00000785  ConfigP1ButtonInterrupt                    
00000767  ConfigP2LEDOutput                          
000007cb  ConfigTimerA0UpMode                        
0000075f  DisableInterruptions                       
00000757  EnableInterruptions                        
0000053f  FillSamplesArray                           
00001095  GPIO_setAsPeripheralModuleFunctionOutputPin
000012fb  I2C_clearInterruptFlag                     
00001325  I2C_disableModule                          
00001331  I2C_enableModule                           
0000133d  I2C_getInterruptStatus                     
00000a19  I2C_init                                   
0000116d  I2C_initMaster                             
000012b1  I2C_isBusBusy                              
000011e5  I2C_masterReceiveMultiByteFinish           
00001343  I2C_masterReceiveMultiByteNext             
000012eb  I2C_masterReceiveStart                     
0000112d  I2C_masterSendMultiByteFinish              
00001275  I2C_masterSendMultiByteNext                
000011ad  I2C_masterSendMultiByteStart               
00001215  I2C_masterSendMultiByteStop                
00000a31  I2C_read16                                 
00001309  I2C_setMode                                
0000134f  I2C_setSlaveAddress                        
00000afb  I2C_setslave                               
00000ab7  I2C_write16                                
00000493  InitVars                                   
00000a01  Init_I2C_GPIO                              
000004b5  InitialBlinking                            
00000929  OPT3001_getLux                             
000008c5  OPT3001_init                               
000008f9  OPT3001_readConfigReg                      
000008e9  OPT3001_readDeviceId                       
00000919  OPT3001_readHighLimitReg                   
00000909  OPT3001_readLowLimitReg                    
000008d9  OPT3001_readManufacturerId                 
000005db  ProcessMicData                             
00000c75  S1_PORT1_ISR                               
UNDEFED   SHT$$INIT_ARRAY$$Base                      
UNDEFED   SHT$$INIT_ARRAY$$Limit                     
0000050f  SetInitialState                            
00000469  SetUp                                      
20000050  SystemCoreClock                            
00000141  SystemCoreClockUpdate                      
000003b5  SystemInit                                 
00000c15  TA0_0_ISR                                  
000004a7  TurnLightOn                                
4000480c  WDTCTL_SYM                                 
20010000  __STACK_END                                
00000200  __STACK_SIZE                               
000013d4  __TI_CINIT_Base                            
000013e4  __TI_CINIT_Limit                           
000013cc  __TI_Handler_Table_Base                    
000013d4  __TI_Handler_Table_Limit                   
00000ea5  __TI_auto_init                             
20000030  __TI_cleanup_ptr                           
00001317  __TI_decompress_none                       
00001349  __TI_decompress_rle24                      
20000034  __TI_dtors_ptr                             
20000038  __TI_enable_exit_profile_output            
ffffffff  __TI_pprof_out_hndl                        
ffffffff  __TI_prof_data_size                        
ffffffff  __TI_prof_data_start                       
00000000  __TI_static_base__                         
00000da5  __aeabi_cdcmpeq                            
00000da5  __aeabi_cdcmple                            
00000b19  __aeabi_dmul                               
00001245  __aeabi_i2d                                
00000e2b  __aeabi_memclr                             
00000e2b  __aeabi_memclr4                            
00000e2b  __aeabi_memclr8                            
00000d09  __aeabi_memcpy                             
00000d09  __aeabi_memcpy4                            
00000d09  __aeabi_memcpy8                            
00000e2d  __aeabi_memset                             
00000e2d  __aeabi_memset4                            
00000e2d  __aeabi_memset8                            
ffffffff  __binit__                                  
ffffffff  __c_args__                                 
00000feb  __mpu_init                                 
2000fe00  __stack                                    
00001299  _args_main                                 
00000fed  _c_int00                                   
2000003c  _lock                                      
000012d3  _nop                                       
000012cb  _register_lock                             
000012c5  _register_unlock                           
000011ab  _system_post_cinit                         
00001353  _system_pre_init                           
20000040  _unlock                                    
00001045  abort                                      
ffffffff  binit                                      
000010e1  copy_in                                    
0000104d  exit                                       
20000098  g_bGlobalFlags                             
2000009c  g_fLighValue                               
20000088  g_i16ADCResults                            
20000048  g_i16LastResult                            
20000054  g_i16SamplesArray                          
20000045  g_u16TimerCounter_ADC14                    
20000044  g_u16TimerCounter_LED                      
20000047  g_u8ADCIndex                               
20000046  g_u8ADCMEMIndex                            
00001358  i2cConfig                                  
00000000  interruptVectors                           
00000f19  main                                       
2000004c  main_func_sp                               
00000d09  memcpy                                     
00000e33  memset                                     


GLOBAL SYMBOLS: SORTED BY Symbol Address 

address   name                                       
-------   ----                                       
00000000  __TI_static_base__                         
00000000  interruptVectors                           
00000141  SystemCoreClockUpdate                      
00000200  __STACK_SIZE                               
000003b5  SystemInit                                 
00000469  SetUp                                      
00000493  InitVars                                   
000004a7  TurnLightOn                                
000004b5  InitialBlinking                            
0000050f  SetInitialState                            
0000053f  FillSamplesArray                           
000005db  ProcessMicData                             
00000757  EnableInterruptions                        
0000075f  DisableInterruptions                       
00000767  ConfigP2LEDOutput                          
00000785  ConfigP1ButtonInterrupt                    
000007cb  ConfigTimerA0UpMode                        
000007ff  ConfigLUXI2C                               
0000081f  ConfigADC14Mic                             
000008c5  OPT3001_init                               
000008d9  OPT3001_readManufacturerId                 
000008e9  OPT3001_readDeviceId                       
000008f9  OPT3001_readConfigReg                      
00000909  OPT3001_readLowLimitReg                    
00000919  OPT3001_readHighLimitReg                   
00000929  OPT3001_getLux                             
00000a01  Init_I2C_GPIO                              
00000a19  I2C_init                                   
00000a31  I2C_read16                                 
00000ab7  I2C_write16                                
00000afb  I2C_setslave                               
00000b19  __aeabi_dmul                               
00000c15  TA0_0_ISR                                  
00000c75  S1_PORT1_ISR                               
00000c8d  ADC14_IRQHandler                           
00000d09  __aeabi_memcpy                             
00000d09  __aeabi_memcpy4                            
00000d09  __aeabi_memcpy8                            
00000d09  memcpy                                     
00000da5  __aeabi_cdcmpeq                            
00000da5  __aeabi_cdcmple                            
00000e2b  __aeabi_memclr                             
00000e2b  __aeabi_memclr4                            
00000e2b  __aeabi_memclr8                            
00000e2d  __aeabi_memset                             
00000e2d  __aeabi_memset4                            
00000e2d  __aeabi_memset8                            
00000e33  memset                                     
00000ea5  __TI_auto_init                             
00000f19  main                                       
00000feb  __mpu_init                                 
00000fed  _c_int00                                   
00001041  C$$EXIT                                    
00001045  abort                                      
0000104d  exit                                       
00001095  GPIO_setAsPeripheralModuleFunctionOutputPin
000010e1  copy_in                                    
0000112d  I2C_masterSendMultiByteFinish              
0000116d  I2C_initMaster                             
000011ab  _system_post_cinit                         
000011ad  I2C_masterSendMultiByteStart               
000011e5  I2C_masterReceiveMultiByteFinish           
00001215  I2C_masterSendMultiByteStop                
00001245  __aeabi_i2d                                
00001275  I2C_masterSendMultiByteNext                
00001299  _args_main                                 
000012b1  I2C_isBusBusy                              
000012c5  _register_unlock                           
000012cb  _register_lock                             
000012d3  _nop                                       
000012eb  I2C_masterReceiveStart                     
000012fb  I2C_clearInterruptFlag                     
00001309  I2C_setMode                                
00001317  __TI_decompress_none                       
00001325  I2C_disableModule                          
00001331  I2C_enableModule                           
0000133d  I2C_getInterruptStatus                     
00001343  I2C_masterReceiveMultiByteNext             
00001349  __TI_decompress_rle24                      
0000134f  I2C_setSlaveAddress                        
00001353  _system_pre_init                           
00001358  i2cConfig                                  
000013cc  __TI_Handler_Table_Base                    
000013d4  __TI_CINIT_Base                            
000013d4  __TI_Handler_Table_Limit                   
000013e4  __TI_CINIT_Limit                           
20000030  __TI_cleanup_ptr                           
20000034  __TI_dtors_ptr                             
20000038  __TI_enable_exit_profile_output            
2000003c  _lock                                      
20000040  _unlock                                    
20000044  g_u16TimerCounter_LED                      
20000045  g_u16TimerCounter_ADC14                    
20000046  g_u8ADCMEMIndex                            
20000047  g_u8ADCIndex                               
20000048  g_i16LastResult                            
2000004c  main_func_sp                               
20000050  SystemCoreClock                            
20000054  g_i16SamplesArray                          
20000088  g_i16ADCResults                            
20000098  g_bGlobalFlags                             
2000009c  g_fLighValue                               
2000fe00  __stack                                    
20010000  __STACK_END                                
4000480c  WDTCTL_SYM                                 
ffffffff  __TI_pprof_out_hndl                        
ffffffff  __TI_prof_data_size                        
ffffffff  __TI_prof_data_start                       
ffffffff  __binit__                                  
ffffffff  __c_args__                                 
ffffffff  binit                                      
UNDEFED   SHT$$INIT_ARRAY$$Base                      
UNDEFED   SHT$$INIT_ARRAY$$Limit                     

[113 symbols]
